Microchip MPLAB XC8 Compiler V2.32

Linker command line:

-W-3 --edf=C:\Program Files\Microchip\xc8\v2.32\pic\dat\en_msgs.txt -cn \
  -h+dist/default/production\uart_pic-pc.X.production.sym \
  --cmf=dist/default/production\uart_pic-pc.X.production.cmf -z -Q16F877A \
  -oC:\Users\DATPC~1\AppData\Local\Temp\xcAs8s8.4 --defsym=__MPLAB_BUILD=1 \
  -Mdist/default/production/uart_pic-pc.X.production.map -E1 \
  -ver=XC8 Compiler --acfsm=1493 -ASTACK=0110h-016Fh -pstack=STACK \
  -ACODE=00h-07FFhx4 -ASTRCODE=00h-01FFFh -ASTRING=00h-0FFhx32 \
  -ACONST=00h-0FFhx32 -AENTRY=00h-0FFhx32 -ACOMMON=070h-07Fh \
  -ABANK0=020h-06Fh -ABANK1=0A0h-0EFh -ABANK2=0110h-016Fh \
  -ABANK3=0190h-01EFh -ARAM=020h-06Fh,0A0h-0EFh,0110h-016Fh,0190h-01EFh \
  -AABS1=020h-07Fh,0A0h-0EFh,0110h-016Fh,0190h-01EFh -ASFR0=00h-01Fh \
  -ASFR1=080h-09Fh -ASFR2=0100h-010Fh -ASFR3=0180h-018Fh \
  -ACONFIG=02007h-02007h -DCONFIG=2 -AIDLOC=02000h-02003h -DIDLOC=2 \
  -AEEDATA=00h-0FFh/02100h -peeprom_data=EEDATA -DEEDATA=2 -DCODE=2 \
  -DSTRCODE=2 -DSTRING=2 -DCONST=2 -DENTRY=2 \
  -preset_vec=00h,intentry,init,end_init -ppowerup=CODE -pcinit=CODE \
  -pfunctab=ENTRY -k C:\Users\DATPC~1\AppData\Local\Temp\xcAs8s8.o \
  dist/default/production\uart_pic-pc.X.production.o 

Object code version is 3.11

Machine type is 16F877A



                Name                               Link     Load   Length Selector   Space Scale
C:\Users\DATPC~1\AppData\Local\Temp\xcAs8s8.o
                end_init                              0        0        3        0       0
                config                             2007     2007        1        0       4
dist/default/production\uart_pic-pc.X.production.o
                cinit                               7F9      7F9        7      FF2       0
                config                             2007     2007        1        0       4
                text13                              3FB      3FB       22      7F6       0
                text12                              3E1      3E1       1A      7C2       0
                text11                              3C6      3C6        D      78C       0
                text10                              53D      53D       67      A7A       0
                text9                               5A4      5A4       A5      B48       0
                text8                               484      484       53      908       0
                text7                               41D      41D       25      83A       0
                text6                               3B4      3B4        6      768       0
                text5                               3D3      3D3        E      7A6       0
                text4                               4D7      4D7       66      9AE       0
                text3                               713      713       E6      E26       0
                text2                               3BA      3BA        C      774       0
                text1                               442      442       42      884       0
                maintext                            649      649       CA      C92       0
                cstackBANK0                          20       20       15       20       1
                cstackCOMMON                         70       70        E       70       1
                bssBANK0                             35       35        1       20       1
                strings                               3        3       67        6       0

TOTAL           Name                               Link     Load   Length     Space
        CLASS   STACK          

        CLASS   CODE           
                end_init                              0        0        3         0
                cinit                               7F9      7F9        7         0
                text13                              3FB      3FB       22         0
                text12                              3E1      3E1       1A         0
                text11                              3C6      3C6        D         0
                text10                              53D      53D       67         0
                text9                               5A4      5A4       A5         0
                text8                               484      484       53         0
                text7                               41D      41D       25         0
                text6                               3B4      3B4        6         0
                text5                               3D3      3D3        E         0
                text4                               4D7      4D7       66         0
                text3                               713      713       E6         0
                text2                               3BA      3BA        C         0
                text1                               442      442       42         0
                maintext                            649      649       CA         0

        CLASS   STRCODE        

        CLASS   STRING         
                strings                               3        3       67         0

        CLASS   CONST          

        CLASS   ENTRY          

        CLASS   COMMON         
                cstackCOMMON                         70       70        E         1

        CLASS   BANK0          
                cstackBANK0                          20       20       15         1
                bssBANK0                             35       35        1         1

        CLASS   BANK1          

        CLASS   BANK2          

        CLASS   BANK3          

        CLASS   RAM            

        CLASS   ABS1           
                abs_s1                               7E       7E        2         1

        CLASS   SFR0           

        CLASS   SFR1           

        CLASS   SFR2           

        CLASS   SFR3           

        CLASS   CONFIG         
                config                             2007     2007        1         4

        CLASS   IDLOC          

        CLASS   EEDATA         



SEGMENTS        Name                           Load    Length   Top    Selector   Space  Class     Delta

                reset_vec                      000000  000003  000003         0       0  CODE        2
                strings                        000003  000067  00006A         6       0  STRING      2
                cstackBANK0                    000020  000016  000036        20       1  BANK0       1
                cstackCOMMON                   000070  00000E  00007E        70       1  COMMON      1
                text6                          0003B4  000006  0003BA       768       0  CODE        2
                text2                          0003BA  00000C  0003C6       774       0  CODE        2
                text11                         0003C6  00000D  0003D3       78C       0  CODE        2
                text5                          0003D3  00000E  0003E1       7A6       0  CODE        2
                text12                         0003E1  00001A  0003FB       7C2       0  CODE        2
                text13                         0003FB  000022  00041D       7F6       0  CODE        2
                text7                          00041D  000025  000442       83A       0  CODE        2
                text1                          000442  000042  000484       884       0  CODE        2
                text8                          000484  000053  0004D7       908       0  CODE        2
                text4                          0004D7  000066  00053D       9AE       0  CODE        2
                text10                         00053D  000067  0005A4       A7A       0  CODE        2
                text9                          0005A4  0000A5  000649       B48       0  CODE        2
                maintext                       000649  0000CA  000713       C92       0  CODE        2
                text3                          000713  0000E6  0007F9       E26       0  CODE        2
                cinit                          0007F9  000007  000800       FF2       0  CODE        2


UNUSED ADDRESS RANGES

        Name                Unused          Largest block    Delta
        BANK0            0036-006F             3A           1
        BANK1            00A0-00EF             50           1
        BANK2            0110-016F             60           1
        BANK3            0190-01EF             60           1
        CODE             006A-03B3            34A           2
                         0800-1FFF            800
        CONST            006A-03B3            100           2
                         0800-1FFF            100
        EEDATA           2100-21FF            100           2
        ENTRY            006A-03B3            100           2
                         0800-1FFF            100
        IDLOC            2000-2003              4           2
        RAM              0036-006F             3A           1
                         00A0-00EF             50
                         0110-016F             60
                         0190-01EF             60
        SFR0             0000-001F             20           1
        SFR1             0080-009F             20           1
        SFR2             0100-010F             10           1
        SFR3             0180-018F             10           1
        STACK            0110-016F             60           1
        STRCODE          006A-03B3            34A           2
                         0800-1FFF           1800
        STRING           006A-03B3            100           2
                         0800-1FFF            100

                                  Symbol Table

?___lldiv                     cstackCOMMON 0070
LCD_CMD@CMD                   cstackCOMMON 0073
LCD_DATA@Data                 cstackCOMMON 0070
LCD_Set_Cursor@High4          cstackCOMMON 0079
LCD_Set_Cursor@Low4           cstackCOMMON 0078
LCD_Set_Cursor@Temp           cstackCOMMON 007A
LCD_Set_Cursor@column         cstackCOMMON 0074
LCD_Set_Cursor@row            cstackCOMMON 0077
LCD_Write_Char@Data           cstackCOMMON 0075
LCD_Write_Char@High4          cstackCOMMON 0074
LCD_Write_Char@Low4           cstackCOMMON 0073
LCD_Write_String@i            cstackCOMMON 0076
LCD_Write_String@str          cstackCOMMON 0078
UART_TX_AND_RX_Init@baudrate  cstackBANK0  0020
UART_TX_AND_RX_Init@x         cstackBANK0  0030
UART_Write_Char@data          cstackCOMMON 0070
UART_Write_String@i           cstackCOMMON 0076
UART_Write_String@text        cstackCOMMON 0071
_ADCON1                       (abs)        009F
_BRGH                         (abs)        04C2
_CREN                         (abs)        00C4
_LCD_CMD                      text12       03E1
_LCD_Clear                    text11       03C6
_LCD_DATA                     text13       03FB
_LCD_Init                     text10       053D
_LCD_Set_Cursor               text9        05A4
_LCD_Write_Char               text8        0484
_LCD_Write_String             text7        041D
_OERR                         (abs)        00C1
_PORTEbits                    (abs)        0009
_RCIF                         (abs)        0065
_RCREG                        (abs)        001A
_RD2                          (abs)        0042
_RD3                          (abs)        0043
_RD4                          (abs)        0044
_RD5                          (abs)        0045
_RD6                          (abs)        0046
_RD7                          (abs)        0047
_RX9                          (abs)        00C6
_SPBRG                        (abs)        0099
_SPEN                         (abs)        00C7
_SYNC                         (abs)        04C4
_TRISBbits                    (abs)        0086
_TRISC6                       (abs)        043E
_TRISC7                       (abs)        043F
_TRISD                        (abs)        0088
_TRISD2                       (abs)        0442
_TRISD3                       (abs)        0443
_TRISEbits                    (abs)        0089
_TRMT                         (abs)        04C1
_TX9                          (abs)        04C6
_TXEN                         (abs)        04C5
_TXREG                        (abs)        0019
_UART_Data_Ready              text6        03B4
_UART_Read_Char               text5        03D3
_UART_TX_AND_RX_Init          text3        0713
_UART_Write_Char              text2        03BA
_UART_Write_String            text1        0442
__Habs1                       abs1         0000
__Hbank0                      bank0        0000
__Hbank1                      bank1        0000
__Hbank2                      bank2        0000
__Hbank3                      bank3        0000
__HbssBANK0                   bssBANK0     0000
__Hcinit                      cinit        0800
__Hclrtext                    clrtext      0000
__Hcode                       code         0000
__Hcommon                     common       0000
__Hconfig                     config       2008
__HcstackBANK0                cstackBANK0  0000
__HcstackCOMMON               cstackCOMMON 0000
__Heeprom_data                eeprom_data  0000
__Hend_init                   end_init     0003
__Hfunctab                    functab      0000
__Hinit                       init         0000
__Hintentry                   intentry     0000
__Hmaintext                   maintext     0000
__Hpowerup                    powerup      0000
__Hram                        ram          0000
__Hreset_vec                  reset_vec    0000
__Hsfr0                       sfr0         0000
__Hsfr1                       sfr1         0000
__Hsfr2                       sfr2         0000
__Hsfr3                       sfr3         0000
__Hspace_0                    (abs)        0800
__Hspace_1                    (abs)        007E
__Hspace_2                    (abs)        0000
__Hspace_3                    (abs)        0000
__Hspace_4                    (abs)        400F
__Hstack                      stack        0000
__Hstrings                    strings      0000
__Htext                       text         0000
__Labs1                       abs1         0000
__Lbank0                      bank0        0000
__Lbank1                      bank1        0000
__Lbank2                      bank2        0000
__Lbank3                      bank3        0000
__LbssBANK0                   bssBANK0     0000
__Lcinit                      cinit        07F9
__Lclrtext                    clrtext      0000
__Lcode                       code         0000
__Lcommon                     common       0000
__Lconfig                     config       0000
__LcstackBANK0                cstackBANK0  0000
__LcstackCOMMON               cstackCOMMON 0000
__Leeprom_data                eeprom_data  0000
__Lend_init                   end_init     0000
__Lfunctab                    functab      0000
__Linit                       init         0000
__Lintentry                   intentry     0000
__Lmaintext                   maintext     0000
__Lpowerup                    powerup      0000
__Lram                        ram          0000
__Lreset_vec                  reset_vec    0000
__Lsfr0                       sfr0         0000
__Lsfr1                       sfr1         0000
__Lsfr2                       sfr2         0000
__Lsfr3                       sfr3         0000
__Lspace_0                    (abs)        0000
__Lspace_1                    (abs)        0000
__Lspace_2                    (abs)        0000
__Lspace_3                    (abs)        0000
__Lspace_4                    (abs)        0000
__Lstack                      stack        0000
__Lstrings                    strings      0000
__Ltext                       text         0000
__S0                          (abs)        0800
__S1                          (abs)        007E
__S2                          (abs)        0000
__S3                          (abs)        0000
___int_sp                     stack        0000
___latbits                    (abs)        0002
___lldiv                      text4        04D7
___lldiv@counter              cstackCOMMON 007D
___lldiv@dividend             cstackCOMMON 0074
___lldiv@divisor              cstackCOMMON 0070
___lldiv@quotient             cstackCOMMON 0079
___sp                         stack        0000
___stackhi                    (abs)        0000
___stacklo                    (abs)        0000
__end_of_LCD_CMD              text12       03FB
__end_of_LCD_Clear            text11       03D3
__end_of_LCD_DATA             text13       041D
__end_of_LCD_Init             text10       05A4
__end_of_LCD_Set_Cursor       text9        0649
__end_of_LCD_Write_Char       text8        04D7
__end_of_LCD_Write_String     text7        0442
__end_of_UART_Data_Ready      text6        03BA
__end_of_UART_Read_Char       text5        03E1
__end_of_UART_TX_AND_RX_Init  text3        07F9
__end_of_UART_Write_Char      text2        03C6
__end_of_UART_Write_String    text1        0484
__end_of___lldiv              text4        053D
__end_of__initialization      cinit        07FC
__end_of__stringtab           strings      0013
__end_of_main                 maintext     0713
__initialization              cinit        07F9
__pbssBANK0                   bssBANK0     0035
__pcstackBANK0                cstackBANK0  0020
__pcstackCOMMON               cstackCOMMON 0070
__pmaintext                   maintext     0649
__pstrings                    strings      0003
__ptext1                      text1        0442
__ptext10                     text10       053D
__ptext11                     text11       03C6
__ptext12                     text12       03E1
__ptext13                     text13       03FB
__ptext2                      text2        03BA
__ptext3                      text3        0713
__ptext4                      text4        04D7
__ptext5                      text5        03D3
__ptext6                      text6        03B4
__ptext7                      text7        041D
__ptext8                      text8        0484
__ptext9                      text9        05A4
__size_of_LCD_CMD             (abs)        0000
__size_of_LCD_Clear           (abs)        0000
__size_of_LCD_DATA            (abs)        0000
__size_of_LCD_Init            (abs)        0000
__size_of_LCD_Set_Cursor      (abs)        0000
__size_of_LCD_Write_Char      (abs)        0000
__size_of_LCD_Write_String    (abs)        0000
__size_of_UART_Data_Ready     (abs)        0000
__size_of_UART_Read_Char      (abs)        0000
__size_of_UART_TX_AND_RX_Init (abs)        0000
__size_of_UART_Write_Char     (abs)        0000
__size_of_UART_Write_String   (abs)        0000
__size_of___lldiv             (abs)        0000
__size_of_main                (abs)        0000
__stringbase                  strings      0012
__stringtab                   strings      0003
_main                         maintext     0649
_r_data                       bssBANK0     0035
btemp                         (abs)        007E
end_of_initialization         cinit        07FC
intlevel0                     functab      0000
intlevel1                     functab      0000
intlevel2                     functab      0000
intlevel3                     functab      0000
intlevel4                     functab      0000
intlevel5                     functab      0000
reset_vec                     reset_vec    0000
start                         init         0000
start_initialization          cinit        07F9
wtemp0                        (abs)        007E


MODULE INFORMATION

Module		Function		Class		Link	Load	Size
shared
		__stringtab    		STRING         	0003	0000	16
		__initialization		CODE           	07F9	0000	3

shared estimated size: 19

./uart send and get.h
		_UART_Write_String		CODE           	0442	0000	66
		_UART_Data_Ready		CODE           	03B4	0000	6
		_UART_TX_AND_RX_Init		CODE           	0713	0000	230
		_UART_Write_Char		CODE           	03BA	0000	12
		_UART_Read_Char		CODE           	03D3	0000	14

./uart send and get.h estimated size: 328

lcd.c
		_LCD_Init      		CODE           	053D	0000	103
		_LCD_Write_Char		CODE           	0484	0000	83
		_LCD_CMD       		CODE           	03E1	0000	26
		_LCD_DATA      		CODE           	03FB	0000	34
		_LCD_Set_Cursor		CODE           	05A4	0000	165
		_LCD_Clear     		CODE           	03C6	0000	13
		_LCD_Write_String		CODE           	041D	0000	37

lcd.c estimated size: 461

main-uart.c
		_main          		CODE           	0649	0000	202

main-uart.c estimated size: 202

C:\Program Files\Microchip\xc8\v2.32\pic\sources\c90\common\__lldiv.c
		___lldiv       		CODE           	04D7	0000	102

C:\Program Files\Microchip\xc8\v2.32\pic\sources\c90\common\__lldiv.c estimated size: 102

