Microchip MPLAB XC8 Compiler V2.30

Linker command line:

-W-3 --edf=C:\Program Files\Microchip\xc8\v2.30\pic\dat\en_msgs.txt -cn \
  -h+dist/default/production\Bai2_Digital_Volt_and_ampe_DC.X.production.sym \
  --cmf=dist/default/production\Bai2_Digital_Volt_and_ampe_DC.X.production.cmf \
  -z -Q16F877A -oC:\Users\NGUYEN~1\AppData\Local\Temp\sbpox3 \
  --defsym=__MPLAB_BUILD=1 \
  -Mdist/default/production/Bai2_Digital_Volt_and_ampe_DC.X.production.map \
  -E1 -ver=XC8 Compiler --acfsm=1493 -ASTACK=0110h-016Fh -pstack=STACK \
  -ACODE=00h-07FFhx4 -ASTRCODE=00h-01FFFh -ASTRING=00h-0FFhx32 \
  -ACONST=00h-0FFhx32 -AENTRY=00h-0FFhx32 -ACOMMON=070h-07Fh \
  -ABANK0=020h-06Fh -ABANK1=0A0h-0EFh -ABANK2=0110h-016Fh \
  -ABANK3=0190h-01EFh -ARAM=020h-06Fh,0A0h-0EFh,0110h-016Fh,0190h-01EFh \
  -AABS1=020h-07Fh,0A0h-0EFh,0110h-016Fh,0190h-01EFh -ASFR0=00h-01Fh \
  -ASFR1=080h-09Fh -ASFR2=0100h-010Fh -ASFR3=0180h-018Fh \
  -ACONFIG=02007h-02007h -DCONFIG=2 -AIDLOC=02000h-02003h -DIDLOC=2 \
  -AEEDATA=00h-0FFh/02100h -peeprom_data=EEDATA -DEEDATA=2 -DCODE=2 \
  -DSTRCODE=2 -DSTRING=2 -DCONST=2 -DENTRY=2 \
  -preset_vec=00h,intentry=04h,init,end_init -ppowerup=CODE -pcinit=CODE \
  -pfunctab=ENTRY -k C:\Users\NGUYEN~1\AppData\Local\Temp\sbpoxc.o \
  dist/default/production\Bai2_Digital_Volt_and_ampe_DC.X.production.o 

Object code version is 3.11

Machine type is 16F877A



                Name                               Link     Load   Length Selector   Space Scale
C:\Users\NGUYEN~1\AppData\Local\Temp\sbpoxc.o
                end_init                              C        C        3        8       0
                reset_vec                             0        0        3        0       0
                config                             2007     2007        1        0       4
dist/default/production\Bai2_Digital_Volt_and_ampe_DC.X.production.o
                cinit                                 F        F        C        8       0
                intentry                              4        4        8        8       0
                config                             2007     2007        1        0       4
                text22                              E55      E55       57     1CAA       0
                text21                              D17      D17       30     1A2E       0
                text20                              C4B      C4B        9     1896       0
                text19                              7EE      7EE       12        8       0
                text18                              C81      C81       22     1902       0
                text17                              C67      C67       1A     18CE       0
                text16                              787      787       67        8       0
                text15                              D81      D81       3B     1B02       0
                text14                              37C      37C      1DD        8       0
                text13                              CC5      CC5       29     198A       0
                text12                               1B       1B      361        8       0
                text11                              F04      F04       7C     1E08       0
                text10                              62D      62D       BC        8       0
                text9                               6E9      6E9       9E        8       0
                text8                               EAC      EAC       58     1D58       0
                text7                               E02      E02       53     1C04       0
                text6                               DBC      DBC       46     1B78       0
                text5                               D47      D47       3A     1A8E       0
                text4                               F80      F80       80     1F00       0
                text3                               CEE      CEE       29     19DC       0
                text2                               559      559       D4        8       0
                text1                               C54      C54       13     18A8       0
                maintext                            CA3      CA3       22     1946       0
                cstackBANK0                          20       20       45       20       1
                cstackCOMMON                         70       70        A       70       1
                bssBANK0                             65       65        4       20       1
                bssCOMMON                            7A       7A        2       70       1
                strings                             800      800       1B     1000       0

TOTAL           Name                               Link     Load   Length     Space
        CLASS   STACK          

        CLASS   CODE           
                end_init                              C        C        3         0
                cinit                                 F        F        C         0
                intentry                              4        4        8         0
                reset_vec                             0        0        3         0
                text22                              E55      E55       57         0
                text21                              D17      D17       30         0
                text20                              C4B      C4B        9         0
                text19                              7EE      7EE       12         0
                text18                              C81      C81       22         0
                text17                              C67      C67       1A         0
                text16                              787      787       67         0
                text15                              D81      D81       3B         0
                text14                              37C      37C      1DD         0
                text13                              CC5      CC5       29         0
                text12                               1B       1B      361         0
                text11                              F04      F04       7C         0
                text10                              62D      62D       BC         0
                text9                               6E9      6E9       9E         0
                text8                               EAC      EAC       58         0
                text7                               E02      E02       53         0
                text6                               DBC      DBC       46         0
                text5                               D47      D47       3A         0
                text4                               F80      F80       80         0
                text3                               CEE      CEE       29         0
                text2                               559      559       D4         0
                text1                               C54      C54       13         0
                maintext                            CA3      CA3       22         0

        CLASS   STRCODE        

        CLASS   STRING         
                strings                             800      800       1B         0

        CLASS   CONST          

        CLASS   ENTRY          

        CLASS   COMMON         
                cstackCOMMON                         70       70        A         1
                bssCOMMON                            7A       7A        2         1

        CLASS   BANK0          
                cstackBANK0                          20       20       45         1
                bssBANK0                             65       65        4         1

        CLASS   BANK1          

        CLASS   BANK2          

        CLASS   BANK3          

        CLASS   RAM            

        CLASS   ABS1           
                abs_s1                               7E       7E        2         1

        CLASS   SFR0           

        CLASS   SFR1           

        CLASS   SFR2           

        CLASS   SFR3           

        CLASS   CONFIG         
                config                             2007     2007        1         4

        CLASS   IDLOC          

        CLASS   EEDATA         



SEGMENTS        Name                           Load    Length   Top    Selector   Space  Class     Delta

                reset_vec                      000000  000003  000003         0       0  CODE        2
                intentry                       000004  0007FC  000800         8       0  CODE        2
                cstackBANK0                    000020  000049  000069        20       1  BANK0       1
                cstackCOMMON                   000070  00000C  00007C        70       1  COMMON      1
                strings                        000800  00001B  00081B      1000       0  STRING      2
                text20                         000C4B  000009  000C54      1896       0  CODE        2
                text1                          000C54  000013  000C67      18A8       0  CODE        2
                text17                         000C67  00001A  000C81      18CE       0  CODE        2
                text18                         000C81  000022  000CA3      1902       0  CODE        2
                maintext                       000CA3  000022  000CC5      1946       0  CODE        2
                text13                         000CC5  000029  000CEE      198A       0  CODE        2
                text3                          000CEE  000029  000D17      19DC       0  CODE        2
                text21                         000D17  000030  000D47      1A2E       0  CODE        2
                text5                          000D47  00003A  000D81      1A8E       0  CODE        2
                text15                         000D81  00003B  000DBC      1B02       0  CODE        2
                text6                          000DBC  000046  000E02      1B78       0  CODE        2
                text7                          000E02  000053  000E55      1C04       0  CODE        2
                text22                         000E55  000057  000EAC      1CAA       0  CODE        2
                text8                          000EAC  000058  000F04      1D58       0  CODE        2
                text11                         000F04  00007C  000F80      1E08       0  CODE        2
                text4                          000F80  000080  001000      1F00       0  CODE        2


UNUSED ADDRESS RANGES

        Name                Unused          Largest block    Delta
        BANK0            0069-006F              7           1
        BANK1            00A0-00EF             50           1
        BANK2            0110-016F             60           1
        BANK3            0190-01EF             60           1
        CODE             0003-0003              1           2
                         081B-0C4A            430
                         1000-1FFF            800
        COMMON           007C-007D              2           1
        CONST            0003-0003              1           2
                         081B-0C4A            100
                         1000-1FFF            100
        EEDATA           2100-21FF            100           2
        ENTRY            0003-0003              1           2
                         081B-0C4A            100
                         1000-1FFF            100
        IDLOC            2000-2003              4           2
        RAM              0069-006F              7           1
                         00A0-00EF             50
                         0110-016F             60
                         0190-01EF             60
        SFR0             0000-001F             20           1
        SFR1             0080-009F             20           1
        SFR2             0100-010F             10           1
        SFR3             0180-018F             10           1
        STACK            0110-016F             60           1
        STRCODE          0003-0003              1           2
                         081B-0C4A            430
                         1000-1FFF           1000
        STRING           0003-0003              1           2
                         081B-0C4A            100
                         1000-1FFF            100

                                  Symbol Table

?_ADC_Read                 cstackCOMMON 0072
?__Umul8_16                cstackCOMMON 0072
?___fldiv                  cstackBANK0  0040
?___flmul                  cstackBANK0  0026
?___fltol                  cstackBANK0  005A
?___lwdiv                  cstackBANK0  0020
?___lwmod                  cstackCOMMON 0072
?___xxtofl                 cstackCOMMON 0072
ADC_Read@Channel           cstackCOMMON 0078
ADC_Read@value             cstackCOMMON 0076
LCD_CMD@CMD                cstackCOMMON 0075
LCD_DATA@Data              cstackCOMMON 0072
LCD_Set_Cursor@High4       cstackBANK0  0022
LCD_Set_Cursor@Low4        cstackBANK0  0021
LCD_Set_Cursor@Temp        cstackBANK0  0023
LCD_Set_Cursor@c           cstackCOMMON 0076
LCD_Set_Cursor@r           cstackBANK0  0020
LCD_Write_Char@Data        cstackCOMMON 0077
LCD_Write_Char@High4       cstackCOMMON 0076
LCD_Write_Char@Low4        cstackCOMMON 0075
LCD_Write_Number@c         cstackBANK0  003F
LCD_Write_Number@k         cstackBANK0  0040
LCD_Write_Number@num       cstackBANK0  002B
LCD_Write_Number@number    cstackBANK0  0027
LCD_Write_Number@p         cstackBANK0  0042
LCD_Write_String@i         cstackBANK0  0020
LCD_Write_String@str       cstackBANK0  0022
_ADCON0                    (abs)        001F
_ADCON1                    (abs)        009F
_ADC_Init                  text20       0C4B
_ADC_Read                  text15       0D81
_ADON                      (abs)        00F8
_ADRESH                    (abs)        001E
_ADRESL                    (abs)        009E
_CHS0                      (abs)        00FB
_CHS1                      (abs)        00FC
_CHS2                      (abs)        00FD
_GIE                       (abs)        005F
_GO_DONE                   (abs)        00FA
_GPIO                      text19       07EE
_ISR                       text21       0D17
_LCD_CMD                   text17       0C67
_LCD_DATA                  text18       0C81
_LCD_Init                  text16       0787
_LCD_Set_Cursor            text8        0EAC
_LCD_Write_Char            text7        0E02
_LCD_Write_Number          text4        0F80
_LCD_Write_String          text3        0CEE
_PEIE                      (abs)        005E
_PORTBbits                 (abs)        0006
_RD2                       (abs)        0042
_RD3                       (abs)        0043
_RD4                       (abs)        0044
_RD5                       (abs)        0045
_RD6                       (abs)        0046
_RD7                       (abs)        0047
_T1CONbits                 (abs)        0010
_TMR1                      (abs)        000E
_TMR1IE                    (abs)        0460
_TMR1IF                    (abs)        0060
_TRISBbits                 (abs)        0086
_TRISD                     (abs)        0088
_TRISD2                    (abs)        0442
_TRISD3                    (abs)        0443
__Habs1                    abs1         0000
__Hbank0                   bank0        0000
__Hbank1                   bank1        0000
__Hbank2                   bank2        0000
__Hbank3                   bank3        0000
__HbssBANK0                bssBANK0     0000
__HbssCOMMON               bssCOMMON    0000
__Hcinit                   cinit        001B
__Hclrtext                 clrtext      0000
__Hcode                    code         0000
__Hcommon                  common       0000
__Hconfig                  config       2008
__HcstackBANK0             cstackBANK0  0000
__HcstackCOMMON            cstackCOMMON 0000
__Heeprom_data             eeprom_data  0000
__Hend_init                end_init     000F
__Hfunctab                 functab      0000
__Hinit                    init         000C
__Hintentry                intentry     000C
__Hmaintext                maintext     0000
__Hpowerup                 powerup      0000
__Hram                     ram          0000
__Hreset_vec               reset_vec    0003
__Hsfr0                    sfr0         0000
__Hsfr1                    sfr1         0000
__Hsfr2                    sfr2         0000
__Hsfr3                    sfr3         0000
__Hspace_0                 (abs)        1000
__Hspace_1                 (abs)        007C
__Hspace_2                 (abs)        0000
__Hspace_3                 (abs)        0000
__Hspace_4                 (abs)        400F
__Hstack                   stack        0000
__Hstrings                 strings      0000
__Htext                    text         0000
__Labs1                    abs1         0000
__Lbank0                   bank0        0000
__Lbank1                   bank1        0000
__Lbank2                   bank2        0000
__Lbank3                   bank3        0000
__LbssBANK0                bssBANK0     0000
__LbssCOMMON               bssCOMMON    0000
__Lcinit                   cinit        000F
__Lclrtext                 clrtext      0000
__Lcode                    code         0000
__Lcommon                  common       0000
__Lconfig                  config       0000
__LcstackBANK0             cstackBANK0  0000
__LcstackCOMMON            cstackCOMMON 0000
__Leeprom_data             eeprom_data  0000
__Lend_init                end_init     000C
__Lfunctab                 functab      0000
__Linit                    init         000C
__Lintentry                intentry     0004
__Lmaintext                maintext     0000
__Lpowerup                 powerup      0000
__Lram                     ram          0000
__Lreset_vec               reset_vec    0000
__Lsfr0                    sfr0         0000
__Lsfr1                    sfr1         0000
__Lsfr2                    sfr2         0000
__Lsfr3                    sfr3         0000
__Lspace_0                 (abs)        0000
__Lspace_1                 (abs)        0000
__Lspace_2                 (abs)        0000
__Lspace_3                 (abs)        0000
__Lspace_4                 (abs)        0000
__Lstack                   stack        0000
__Lstrings                 strings      0000
__Ltext                    text         0000
__S0                       (abs)        1000
__S1                       (abs)        007C
__S2                       (abs)        0000
__S3                       (abs)        0000
__Umul8_16                 text13       0CC5
__Umul8_16@multiplicand    cstackCOMMON 0072
__Umul8_16@multiplier      cstackBANK0  0024
__Umul8_16@product         cstackBANK0  0020
__Umul8_16@word_mpld       cstackBANK0  0022
___fldiv                   text14       037C
___fldiv@a                 cstackBANK0  0040
___fldiv@aexp              cstackBANK0  0059
___fldiv@b                 cstackBANK0  0044
___fldiv@bexp              cstackBANK0  0058
___fldiv@grs               cstackBANK0  0054
___fldiv@new_exp           cstackBANK0  0052
___fldiv@rem               cstackBANK0  004D
___fldiv@sign              cstackBANK0  0051
___flmul                   text12       001B
___flmul@a                 cstackBANK0  002A
___flmul@aexp              cstackBANK0  0034
___flmul@b                 cstackBANK0  0026
___flmul@bexp              cstackBANK0  0039
___flmul@grs               cstackBANK0  0035
___flmul@prod              cstackBANK0  003A
___flmul@sign              cstackBANK0  0033
___flmul@temp              cstackBANK0  003E
___fltol                   text11       0F04
___fltol@exp1              cstackBANK0  0064
___fltol@f1                cstackBANK0  005A
___fltol@sign1             cstackBANK0  0063
___int_sp                  stack        0000
___latbits                 (abs)        0002
___lwdiv                   text6        0DBC
___lwdiv@counter           cstackBANK0  0024
___lwdiv@dividend          cstackBANK0  0022
___lwdiv@divisor           cstackBANK0  0020
___lwdiv@quotient          cstackBANK0  0025
___lwmod                   text5        0D47
___lwmod@counter           cstackCOMMON 0077
___lwmod@dividend          cstackCOMMON 0074
___lwmod@divisor           cstackCOMMON 0072
___sp                      stack        0000
___stackhi                 (abs)        0000
___stacklo                 (abs)        0000
___xxtofl                  text10       062D
___xxtofl@arg              cstackBANK0  0022
___xxtofl@exp              cstackBANK0  0021
___xxtofl@sign             cstackBANK0  0020
___xxtofl@val              cstackCOMMON 0072
__end_of_ADC_Init          text20       0C54
__end_of_ADC_Read          text15       0DBC
__end_of_GPIO              text19       0800
__end_of_ISR               text21       0D47
__end_of_LCD_CMD           text17       0C81
__end_of_LCD_DATA          text18       0CA3
__end_of_LCD_Init          text16       07EE
__end_of_LCD_Set_Cursor    text8        0F04
__end_of_LCD_Write_Char    text7        0E55
__end_of_LCD_Write_Number  text4        1000
__end_of_LCD_Write_String  text3        0D17
__end_of__Umul8_16         text13       0CEE
__end_of___fldiv           text14       0559
__end_of___flmul           text12       037C
__end_of___fltol           text11       0F80
__end_of___lwdiv           text6        0E02
__end_of___lwmod           text5        0D81
__end_of___xxtofl          text10       06E9
__end_of__initialization   cinit        0017
__end_of__stringtab        strings      0806
__end_of_compe             text22       0EAC
__end_of_do_luong          text9        0787
__end_of_hien_thi          text2        062D
__end_of_main              maintext     0CC5
__end_of_time1             text1        0C67
__initialization           cinit        000F
__pbssBANK0                bssBANK0     0065
__pbssCOMMON               bssCOMMON    007A
__pcstackBANK0             cstackBANK0  0020
__pcstackCOMMON            cstackCOMMON 0070
__pintentry                intentry     0004
__pmaintext                maintext     0CA3
__pstrings                 strings      0800
__ptext1                   text1        0C54
__ptext10                  text10       062D
__ptext11                  text11       0F04
__ptext12                  text12       001B
__ptext13                  text13       0CC5
__ptext14                  text14       037C
__ptext15                  text15       0D81
__ptext16                  text16       0787
__ptext17                  text17       0C67
__ptext18                  text18       0C81
__ptext19                  text19       07EE
__ptext2                   text2        0559
__ptext20                  text20       0C4B
__ptext21                  text21       0D17
__ptext22                  text22       0E55
__ptext3                   text3        0CEE
__ptext4                   text4        0F80
__ptext5                   text5        0D47
__ptext6                   text6        0DBC
__ptext7                   text7        0E02
__ptext8                   text8        0EAC
__ptext9                   text9        06E9
__size_of_ADC_Init         (abs)        0000
__size_of_ADC_Read         (abs)        0000
__size_of_GPIO             (abs)        0000
__size_of_ISR              (abs)        0000
__size_of_LCD_CMD          (abs)        0000
__size_of_LCD_DATA         (abs)        0000
__size_of_LCD_Init         (abs)        0000
__size_of_LCD_Set_Cursor   (abs)        0000
__size_of_LCD_Write_Char   (abs)        0000
__size_of_LCD_Write_Number (abs)        0000
__size_of_LCD_Write_String (abs)        0000
__size_of__Umul8_16        (abs)        0000
__size_of___fldiv          (abs)        0000
__size_of___flmul          (abs)        0000
__size_of___fltol          (abs)        0000
__size_of___lwdiv          (abs)        0000
__size_of___lwmod          (abs)        0000
__size_of___xxtofl         (abs)        0000
__size_of_compe            (abs)        0000
__size_of_do_luong         (abs)        0000
__size_of_hien_thi         (abs)        0000
__size_of_main             (abs)        0000
__size_of_time1            (abs)        0000
__stringbase               strings      0805
__stringtab                strings      0800
_ampe                      bssBANK0     0067
_compe                     text22       0E55
_count                     bssBANK0     0065
_do_luong                  text9        06E9
_hien_thi                  text2        0559
_hien_thi$884              cstackBANK0  0046
_hien_thi$885              cstackBANK0  0044
_main                      maintext     0CA3
_time1                     text1        0C54
_voltage                   bssCOMMON    007A
btemp                      (abs)        007E
end_of_initialization      cinit        0017
interrupt_function         intentry     0004
intlevel0                  functab      0000
intlevel1                  functab      0000
intlevel2                  functab      0000
intlevel3                  functab      0000
intlevel4                  functab      0000
intlevel5                  functab      0000
reset_vec                  reset_vec    0000
saved_w                    (abs)        007E
start                      init         000C
start_initialization       cinit        000F
wtemp0                     (abs)        007E


FUNCTION INFORMATION:

 *************** function _main *****************
 Defined at:
		line 38 in file "main_dc_volt.c"
 Parameters:    Size  Location     Type
		None
 Auto vars:     Size  Location     Type
  i               2    0        int 
 Return value:  Size  Location     Type
                  1    wreg      void 
 Registers used:
		wreg, fsr0l, fsr0h, status,2, status,0, btemp+1, pclath, cstack
 Tracked objects:
		On entry : 
		On exit  : 
		Unchanged: 
 Data sizes:     COMMON   BANK0   BANK1   BANK3   BANK2
      Params:         0       0       0       0       0
      Locals:         0       2       0       0       0
      Temps:          0       0       0       0       0
      Totals:         0       2       0       0       0
Total ram usage:        2 bytes
 Hardware stack levels required when called:    6
 This function calls:
		_ADC_Init
		_GPIO
		_LCD_Init
		_do_luong
		_hien_thi
		_time1
 This function is called by:
		Startup code after reset
 This function uses a non-reentrant model


 *************** function _time1 *****************
 Defined at:
		line 66 in file "main_dc_volt.c"
 Parameters:    Size  Location     Type
		None
 Auto vars:     Size  Location     Type
		None
 Return value:  Size  Location     Type
                  1    wreg      void 
 Registers used:
		None
 Tracked objects:
		On entry : 
		On exit  : 
		Unchanged: 
 Data sizes:     COMMON   BANK0   BANK1   BANK3   BANK2
      Params:         0       0       0       0       0
      Locals:         0       0       0       0       0
      Temps:          0       0       0       0       0
      Totals:         0       0       0       0       0
Total ram usage:        0 bytes
 Hardware stack levels used:    1
 Hardware stack levels required when called:    2
 This function calls:
		Nothing
 This function is called by:
		_main
 This function uses a non-reentrant model


 *************** function _hien_thi *****************
 Defined at:
		line 117 in file "main_dc_volt.c"
 Parameters:    Size  Location     Type
		None
 Auto vars:     Size  Location     Type
		None
 Return value:  Size  Location     Type
                  1    wreg      void 
 Registers used:
		wreg, fsr0l, fsr0h, status,2, status,0, pclath, cstack
 Tracked objects:
		On entry : 
		On exit  : 
		Unchanged: 
 Data sizes:     COMMON   BANK0   BANK1   BANK3   BANK2
      Params:         0       0       0       0       0
      Locals:         0       4       0       0       0
      Temps:          0       0       0       0       0
      Totals:         0       4       0       0       0
Total ram usage:        4 bytes
 Hardware stack levels used:    1
 Hardware stack levels required when called:    5
 This function calls:
		_LCD_Set_Cursor
		_LCD_Write_Char
		_LCD_Write_Number
		_LCD_Write_String
		___lwdiv
		___lwmod
 This function is called by:
		_main
 This function uses a non-reentrant model


 *************** function _LCD_Write_String *****************
 Defined at:
		line 71 in file "lcd.c"
 Parameters:    Size  Location     Type
  str             1    wreg     PTR unsigned char 
		 -> STR_5(4), STR_4(3), STR_3(5), STR_2(4), 
		 -> STR_1(5), 
 Auto vars:     Size  Location     Type
  str             1    2[BANK0 ] PTR unsigned char 
		 -> STR_5(4), STR_4(3), STR_3(5), STR_2(4), 
		 -> STR_1(5), 
  i               2    0[BANK0 ] int 
 Return value:  Size  Location     Type
                  1    wreg      void 
 Registers used:
		wreg, fsr0l, fsr0h, status,2, status,0, pclath, cstack
 Tracked objects:
		On entry : 
		On exit  : 
		Unchanged: 
 Data sizes:     COMMON   BANK0   BANK1   BANK3   BANK2
      Params:         0       0       0       0       0
      Locals:         0       3       0       0       0
      Temps:          0       0       0       0       0
      Totals:         0       3       0       0       0
Total ram usage:        3 bytes
 Hardware stack levels used:    1
 Hardware stack levels required when called:    4
 This function calls:
		_LCD_Write_Char
 This function is called by:
		_hien_thi
 This function uses a non-reentrant model


 *************** function _LCD_Write_Number *****************
 Defined at:
		line 90 in file "lcd.c"
 Parameters:    Size  Location     Type
  number          2    7[BANK0 ] unsigned int 
 Auto vars:     Size  Location     Type
  num            20   11[BANK0 ] unsigned int [10]
  p               2   34[BANK0 ] int 
  k               2   32[BANK0 ] int 
  c               1   31[BANK0 ] unsigned char 
 Return value:  Size  Location     Type
                  1    wreg      void 
 Registers used:
		wreg, fsr0l, fsr0h, status,2, status,0, pclath, cstack
 Tracked objects:
		On entry : 
		On exit  : 
		Unchanged: 
 Data sizes:     COMMON   BANK0   BANK1   BANK3   BANK2
      Params:         0       2       0       0       0
      Locals:         0      25       0       0       0
      Temps:          0       2       0       0       0
      Totals:         0      29       0       0       0
Total ram usage:       29 bytes
 Hardware stack levels used:    1
 Hardware stack levels required when called:    4
 This function calls:
		_LCD_Write_Char
		___lwdiv
		___lwmod
 This function is called by:
		_hien_thi
 This function uses a non-reentrant model


 *************** function ___lwmod *****************
 Defined at:
		line 5 in file "C:\Program Files\Microchip\xc8\v2.30\pic\sources\c90\common\lwmod.c"
 Parameters:    Size  Location     Type
  divisor         2    2[COMMON] unsigned int 
  dividend        2    4[COMMON] unsigned int 
 Auto vars:     Size  Location     Type
  counter         1    7[COMMON] unsigned char 
 Return value:  Size  Location     Type
                  2    2[COMMON] unsigned int 
 Registers used:
		wreg, status,2, status,0
 Tracked objects:
		On entry : 
		On exit  : 
		Unchanged: 
 Data sizes:     COMMON   BANK0   BANK1   BANK3   BANK2
      Params:         4       0       0       0       0
      Locals:         1       0       0       0       0
      Temps:          1       0       0       0       0
      Totals:         6       0       0       0       0
Total ram usage:        6 bytes
 Hardware stack levels used:    1
 Hardware stack levels required when called:    2
 This function calls:
		Nothing
 This function is called by:
		_hien_thi
		_LCD_Write_Number
 This function uses a non-reentrant model


 *************** function ___lwdiv *****************
 Defined at:
		line 5 in file "C:\Program Files\Microchip\xc8\v2.30\pic\sources\c90\common\lwdiv.c"
 Parameters:    Size  Location     Type
  divisor         2    0[BANK0 ] unsigned int 
  dividend        2    2[BANK0 ] unsigned int 
 Auto vars:     Size  Location     Type
  quotient        2    5[BANK0 ] unsigned int 
  counter         1    4[BANK0 ] unsigned char 
 Return value:  Size  Location     Type
                  2    0[BANK0 ] unsigned int 
 Registers used:
		wreg, status,2, status,0
 Tracked objects:
		On entry : 
		On exit  : 
		Unchanged: 
 Data sizes:     COMMON   BANK0   BANK1   BANK3   BANK2
      Params:         0       4       0       0       0
      Locals:         0       3       0       0       0
      Temps:          1       0       0       0       0
      Totals:         1       7       0       0       0
Total ram usage:        8 bytes
 Hardware stack levels used:    1
 Hardware stack levels required when called:    2
 This function calls:
		Nothing
 This function is called by:
		_hien_thi
		_LCD_Write_Number
 This function uses a non-reentrant model


 *************** function _LCD_Write_Char *****************
 Defined at:
		line 54 in file "lcd.c"
 Parameters:    Size  Location     Type
  Data            1    wreg     unsigned char 
 Auto vars:     Size  Location     Type
  Data            1    7[COMMON] unsigned char 
  High4           1    6[COMMON] unsigned char 
  Low4            1    5[COMMON] unsigned char 
 Return value:  Size  Location     Type
                  1    wreg      void 
 Registers used:
		wreg, status,2, status,0, pclath, cstack
 Tracked objects:
		On entry : 
		On exit  : 
		Unchanged: 
 Data sizes:     COMMON   BANK0   BANK1   BANK3   BANK2
      Params:         0       0       0       0       0
      Locals:         3       0       0       0       0
      Temps:          2       0       0       0       0
      Totals:         5       0       0       0       0
Total ram usage:        5 bytes
 Hardware stack levels used:    1
 Hardware stack levels required when called:    3
 This function calls:
		_LCD_DATA
 This function is called by:
		_hien_thi
		_LCD_Write_String
		_LCD_Write_Number
 This function uses a non-reentrant model


 *************** function _LCD_Set_Cursor *****************
 Defined at:
		line 33 in file "lcd.c"
 Parameters:    Size  Location     Type
  r               1    wreg     unsigned char 
  c               1    6[COMMON] unsigned char 
 Auto vars:     Size  Location     Type
  r               1    0[BANK0 ] unsigned char 
  Temp            1    3[BANK0 ] unsigned char 
  High4           1    2[BANK0 ] unsigned char 
  Low4            1    1[BANK0 ] unsigned char 
 Return value:  Size  Location     Type
                  1    wreg      void 
 Registers used:
		wreg, status,2, status,0, pclath, cstack
 Tracked objects:
		On entry : 
		On exit  : 
		Unchanged: 
 Data sizes:     COMMON   BANK0   BANK1   BANK3   BANK2
      Params:         1       0       0       0       0
      Locals:         0       4       0       0       0
      Temps:          2       0       0       0       0
      Totals:         3       4       0       0       0
Total ram usage:        7 bytes
 Hardware stack levels used:    1
 Hardware stack levels required when called:    4
 This function calls:
		_LCD_CMD
 This function is called by:
		_hien_thi
 This function uses a non-reentrant model


 *************** function _do_luong *****************
 Defined at:
		line 108 in file "main_dc_volt.c"
 Parameters:    Size  Location     Type
		None
 Auto vars:     Size  Location     Type
		None
 Return value:  Size  Location     Type
                  1    wreg      void 
 Registers used:
		wreg, fsr0l, fsr0h, status,2, status,0, btemp+1, pclath, cstack
 Tracked objects:
		On entry : 
		On exit  : 
		Unchanged: 
 Data sizes:     COMMON   BANK0   BANK1   BANK3   BANK2
      Params:         0       0       0       0       0
      Locals:         0       0       0       0       0
      Temps:          0       0       0       0       0
      Totals:         0       0       0       0       0
Total ram usage:        0 bytes
 Hardware stack levels used:    1
 Hardware stack levels required when called:    4
 This function calls:
		_ADC_Read
		___fldiv
		___flmul
		___fltol
		___xxtofl
 This function is called by:
		_main
 This function uses a non-reentrant model


 *************** function ___xxtofl *****************
 Defined at:
		line 10 in file "C:\Program Files\Microchip\xc8\v2.30\pic\sources\c90\common\xxtofl.c"
 Parameters:    Size  Location     Type
  sign            1    wreg     unsigned char 
  val             4    2[COMMON] long 
 Auto vars:     Size  Location     Type
  sign            1    0[BANK0 ] unsigned char 
  arg             4    2[BANK0 ] unsigned long 
  exp             1    1[BANK0 ] unsigned char 
 Return value:  Size  Location     Type
                  4    2[COMMON] unsigned char 
 Registers used:
		wreg, status,2, status,0
 Tracked objects:
		On entry : 
		On exit  : 
		Unchanged: 
 Data sizes:     COMMON   BANK0   BANK1   BANK3   BANK2
      Params:         4       0       0       0       0
      Locals:         0       6       0       0       0
      Temps:          4       0       0       0       0
      Totals:         8       6       0       0       0
Total ram usage:       14 bytes
 Hardware stack levels used:    1
 Hardware stack levels required when called:    2
 This function calls:
		Nothing
 This function is called by:
		_do_luong
 This function uses a non-reentrant model


 *************** function ___fltol *****************
 Defined at:
		line 43 in file "C:\Program Files\Microchip\xc8\v2.30\pic\sources\c90\common\fltol.c"
 Parameters:    Size  Location     Type
  f1              4   58[BANK0 ] unsigned char 
 Auto vars:     Size  Location     Type
  exp1            1   68[BANK0 ] unsigned char 
  sign1           1   67[BANK0 ] unsigned char 
 Return value:  Size  Location     Type
                  4   58[BANK0 ] long 
 Registers used:
		wreg, status,2, status,0
 Tracked objects:
		On entry : 
		On exit  : 
		Unchanged: 
 Data sizes:     COMMON   BANK0   BANK1   BANK3   BANK2
      Params:         0       4       0       0       0
      Locals:         0       2       0       0       0
      Temps:          0       5       0       0       0
      Totals:         0      11       0       0       0
Total ram usage:       11 bytes
 Hardware stack levels used:    1
 Hardware stack levels required when called:    2
 This function calls:
		Nothing
 This function is called by:
		_do_luong
 This function uses a non-reentrant model


 *************** function ___flmul *****************
 Defined at:
		line 8 in file "C:\Program Files\Microchip\xc8\v2.30\pic\sources\c90\common\sprcmul.c"
 Parameters:    Size  Location     Type
  b               4    6[BANK0 ] long 
  a               4   10[BANK0 ] long 
 Auto vars:     Size  Location     Type
  prod            4   26[BANK0 ] struct .
  grs             4   21[BANK0 ] unsigned long 
  temp            2   30[BANK0 ] struct .
  bexp            1   25[BANK0 ] unsigned char 
  aexp            1   20[BANK0 ] unsigned char 
  sign            1   19[BANK0 ] unsigned char 
 Return value:  Size  Location     Type
                  4    6[BANK0 ] unsigned char 
 Registers used:
		wreg, status,2, status,0, btemp+1, pclath, cstack
 Tracked objects:
		On entry : 
		On exit  : 
		Unchanged: 
 Data sizes:     COMMON   BANK0   BANK1   BANK3   BANK2
      Params:         0       8       0       0       0
      Locals:         0      13       0       0       0
      Temps:          0       5       0       0       0
      Totals:         0      26       0       0       0
Total ram usage:       26 bytes
 Hardware stack levels used:    1
 Hardware stack levels required when called:    3
 This function calls:
		__Umul8_16
 This function is called by:
		_do_luong
 This function uses a non-reentrant model


 *************** function __Umul8_16 *****************
 Defined at:
		line 4 in file "C:\Program Files\Microchip\xc8\v2.30\pic\sources\c90\common\Umul8_16.c"
 Parameters:    Size  Location     Type
  multiplier      1    wreg     unsigned char 
  multiplicand    1    2[COMMON] unsigned char 
 Auto vars:     Size  Location     Type
  multiplier      1    4[BANK0 ] unsigned char 
  word_mpld       2    2[BANK0 ] unsigned int 
  product         2    0[BANK0 ] unsigned int 
 Return value:  Size  Location     Type
                  2    2[COMMON] unsigned int 
 Registers used:
		wreg, status,2, status,0
 Tracked objects:
		On entry : 
		On exit  : 
		Unchanged: 
 Data sizes:     COMMON   BANK0   BANK1   BANK3   BANK2
      Params:         2       0       0       0       0
      Locals:         0       5       0       0       0
      Temps:          2       0       0       0       0
      Totals:         4       5       0       0       0
Total ram usage:        9 bytes
 Hardware stack levels used:    1
 Hardware stack levels required when called:    2
 This function calls:
		Nothing
 This function is called by:
		___flmul
 This function uses a non-reentrant model


 *************** function ___fldiv *****************
 Defined at:
		line 8 in file "C:\Program Files\Microchip\xc8\v2.30\pic\sources\c90\common\sprcdiv.c"
 Parameters:    Size  Location     Type
  a               4   32[BANK0 ] unsigned int 
  b               4   36[BANK0 ] unsigned int 
 Auto vars:     Size  Location     Type
  grs             4   52[BANK0 ] unsigned long 
  rem             4   45[BANK0 ] unsigned long 
  new_exp         2   50[BANK0 ] int 
  aexp            1   57[BANK0 ] unsigned char 
  bexp            1   56[BANK0 ] unsigned char 
  sign            1   49[BANK0 ] unsigned char 
 Return value:  Size  Location     Type
                  4   32[BANK0 ] unsigned char 
 Registers used:
		wreg, status,2, status,0, btemp+1
 Tracked objects:
		On entry : 
		On exit  : 
		Unchanged: 
 Data sizes:     COMMON   BANK0   BANK1   BANK3   BANK2
      Params:         0       8       0       0       0
      Locals:         0      13       0       0       0
      Temps:          0       5       0       0       0
      Totals:         0      26       0       0       0
Total ram usage:       26 bytes
 Hardware stack levels used:    1
 Hardware stack levels required when called:    2
 This function calls:
		Nothing
 This function is called by:
		_do_luong
 This function uses a non-reentrant model


 *************** function _ADC_Read *****************
 Defined at:
		line 11 in file "./adc_thay_hai.h"
 Parameters:    Size  Location     Type
  Channel         1    wreg     unsigned char 
 Auto vars:     Size  Location     Type
  Channel         1    8[COMMON] unsigned char 
  value           2    6[COMMON] unsigned int 
 Return value:  Size  Location     Type
                  2    2[COMMON] unsigned int 
 Registers used:
		wreg, fsr0l, fsr0h, status,2, status,0
 Tracked objects:
		On entry : 
		On exit  : 
		Unchanged: 
 Data sizes:     COMMON   BANK0   BANK1   BANK3   BANK2
      Params:         2       0       0       0       0
      Locals:         3       0       0       0       0
      Temps:          2       0       0       0       0
      Totals:         7       0       0       0       0
Total ram usage:        7 bytes
 Hardware stack levels used:    1
 Hardware stack levels required when called:    2
 This function calls:
		Nothing
 This function is called by:
		_do_luong
 This function uses a non-reentrant model


 *************** function _LCD_Init *****************
 Defined at:
		line 3 in file "lcd.c"
 Parameters:    Size  Location     Type
		None
 Auto vars:     Size  Location     Type
		None
 Return value:  Size  Location     Type
                  1    wreg      void 
 Registers used:
		wreg, status,2, status,0, pclath, cstack
 Tracked objects:
		On entry : 
		On exit  : 
		Unchanged: 
 Data sizes:     COMMON   BANK0   BANK1   BANK3   BANK2
      Params:         0       0       0       0       0
      Locals:         0       0       0       0       0
      Temps:          2       0       0       0       0
      Totals:         2       0       0       0       0
Total ram usage:        2 bytes
 Hardware stack levels used:    1
 Hardware stack levels required when called:    4
 This function calls:
		_LCD_CMD
		_LCD_DATA
 This function is called by:
		_main
 This function uses a non-reentrant model


 *************** function _LCD_CMD *****************
 Defined at:
		line 140 in file "lcd.c"
 Parameters:    Size  Location     Type
  CMD             1    wreg     unsigned char 
 Auto vars:     Size  Location     Type
  CMD             1    5[COMMON] unsigned char 
 Return value:  Size  Location     Type
                  1    wreg      void 
 Registers used:
		wreg, status,2, status,0, pclath, cstack
 Tracked objects:
		On entry : 
		On exit  : 
		Unchanged: 
 Data sizes:     COMMON   BANK0   BANK1   BANK3   BANK2
      Params:         0       0       0       0       0
      Locals:         1       0       0       0       0
      Temps:          2       0       0       0       0
      Totals:         3       0       0       0       0
Total ram usage:        3 bytes
 Hardware stack levels used:    1
 Hardware stack levels required when called:    3
 This function calls:
		_LCD_DATA
 This function is called by:
		_LCD_Init
		_LCD_Set_Cursor
		_LCD_Clear
		_LCD_SL
		_LCD_SR
 This function uses a non-reentrant model


 *************** function _LCD_DATA *****************
 Defined at:
		line 120 in file "lcd.c"
 Parameters:    Size  Location     Type
  Data            1    wreg     unsigned char 
 Auto vars:     Size  Location     Type
  Data            1    2[COMMON] unsigned char 
 Return value:  Size  Location     Type
                  1    wreg      void 
 Registers used:
		wreg
 Tracked objects:
		On entry : 
		On exit  : 
		Unchanged: 
 Data sizes:     COMMON   BANK0   BANK1   BANK3   BANK2
      Params:         0       0       0       0       0
      Locals:         1       0       0       0       0
      Temps:          0       0       0       0       0
      Totals:         1       0       0       0       0
Total ram usage:        1 bytes
 Hardware stack levels used:    1
 Hardware stack levels required when called:    2
 This function calls:
		Nothing
 This function is called by:
		_LCD_Init
		_LCD_Write_Char
		_LCD_CMD
 This function uses a non-reentrant model


 *************** function _GPIO *****************
 Defined at:
		line 60 in file "main_dc_volt.c"
 Parameters:    Size  Location     Type
		None
 Auto vars:     Size  Location     Type
		None
 Return value:  Size  Location     Type
                  1    wreg      void 
 Registers used:
		None
 Tracked objects:
		On entry : 
		On exit  : 
		Unchanged: 
 Data sizes:     COMMON   BANK0   BANK1   BANK3   BANK2
      Params:         0       0       0       0       0
      Locals:         0       0       0       0       0
      Temps:          0       0       0       0       0
      Totals:         0       0       0       0       0
Total ram usage:        0 bytes
 Hardware stack levels used:    1
 Hardware stack levels required when called:    2
 This function calls:
		Nothing
 This function is called by:
		_main
 This function uses a non-reentrant model


 *************** function _ADC_Init *****************
 Defined at:
		line 4 in file "./adc_thay_hai.h"
 Parameters:    Size  Location     Type
		None
 Auto vars:     Size  Location     Type
		None
 Return value:  Size  Location     Type
                  1    wreg      void 
 Registers used:
		wreg
 Tracked objects:
		On entry : 
		On exit  : 
		Unchanged: 
 Data sizes:     COMMON   BANK0   BANK1   BANK3   BANK2
      Params:         0       0       0       0       0
      Locals:         0       0       0       0       0
      Temps:          0       0       0       0       0
      Totals:         0       0       0       0       0
Total ram usage:        0 bytes
 Hardware stack levels used:    1
 Hardware stack levels required when called:    2
 This function calls:
		Nothing
 This function is called by:
		_main
 This function uses a non-reentrant model


 *************** function _ISR *****************
 Defined at:
		line 22 in file "main_dc_volt.c"
 Parameters:    Size  Location     Type
		None
 Auto vars:     Size  Location     Type
		None
 Return value:  Size  Location     Type
                  1    wreg      void 
 Registers used:
		wreg, status,2, status,0, pclath, cstack
 Tracked objects:
		On entry : 
		On exit  : 
		Unchanged: 
 Data sizes:     COMMON   BANK0   BANK1   BANK3   BANK2
      Params:         0       0       0       0       0
      Locals:         0       0       0       0       0
      Temps:          2       0       0       0       0
      Totals:         2       0       0       0       0
Total ram usage:        2 bytes
 Hardware stack levels used:    1
 Hardware stack levels required when called:    1
 This function calls:
		_compe
 This function is called by:
		Interrupt level 1
 This function uses a non-reentrant model


 *************** function _compe *****************
 Defined at:
		line 83 in file "main_dc_volt.c"
 Parameters:    Size  Location     Type
		None
 Auto vars:     Size  Location     Type
		None
 Return value:  Size  Location     Type
                  1    wreg      void 
 Registers used:
		wreg
 Tracked objects:
		On entry : 
		On exit  : 
		Unchanged: 
 Data sizes:     COMMON   BANK0   BANK1   BANK3   BANK2
      Params:         0       0       0       0       0
      Locals:         0       0       0       0       0
      Temps:          0       0       0       0       0
      Totals:         0       0       0       0       0
Total ram usage:        0 bytes
 Hardware stack levels used:    1
 This function calls:
		Nothing
 This function is called by:
		_ISR
 This function uses a non-reentrant model



MODULE INFORMATION

Module		Function		Class		Link	Load	Size
C:\Program Files\Microchip\xc8\v2.30\pic\sources\c90\common\lwmod.c
		___lwmod       		CODE           	0D47	0000	58

C:\Program Files\Microchip\xc8\v2.30\pic\sources\c90\common\lwmod.c estimated size: 58

C:\Program Files\Microchip\xc8\v2.30\pic\sources\c90\common\sprcmul.c
		___flmul       		CODE           	001B	0000	865

C:\Program Files\Microchip\xc8\v2.30\pic\sources\c90\common\sprcmul.c estimated size: 865

main_dc_volt.c
		_hien_thi      		CODE           	0559	0000	212
		_ISR           		CODE           	0D17	0000	48
		_compe         		CODE           	0E55	0000	87
		_main          		CODE           	0CA3	0000	34
		_time1         		CODE           	0C54	0000	19
		_GPIO          		CODE           	07EE	0000	18
		_do_luong      		CODE           	06E9	0000	158

main_dc_volt.c estimated size: 576

C:\Program Files\Microchip\xc8\v2.30\pic\sources\c90\common\sprcdiv.c
		___fldiv       		CODE           	037C	0000	477

C:\Program Files\Microchip\xc8\v2.30\pic\sources\c90\common\sprcdiv.c estimated size: 477

C:\Program Files\Microchip\xc8\v2.30\pic\sources\c90\common\xxtofl.c
		___xxtofl      		CODE           	062D	0000	188

C:\Program Files\Microchip\xc8\v2.30\pic\sources\c90\common\xxtofl.c estimated size: 188

C:\Program Files\Microchip\xc8\v2.30\pic\sources\c90\common\lwdiv.c
		___lwdiv       		CODE           	0DBC	0000	70

C:\Program Files\Microchip\xc8\v2.30\pic\sources\c90\common\lwdiv.c estimated size: 70

C:\Program Files\Microchip\xc8\v2.30\pic\sources\c90\common\fltol.c
		___fltol       		CODE           	0F04	0000	124

C:\Program Files\Microchip\xc8\v2.30\pic\sources\c90\common\fltol.c estimated size: 124

./adc_thay_hai.h
		_ADC_Read      		CODE           	0D81	0000	59
		_ADC_Init      		CODE           	0C4B	0000	9

./adc_thay_hai.h estimated size: 68

shared
		__stringtab    		STRING         	0800	0000	6
		__initialization		CODE           	000F	0000	8

shared estimated size: 14

lcd.c
		_LCD_Init      		CODE           	0787	0000	103
		_LCD_Write_Char		CODE           	0E02	0000	83
		_LCD_CMD       		CODE           	0C67	0000	26
		_LCD_DATA      		CODE           	0C81	0000	34
		_LCD_Set_Cursor		CODE           	0EAC	0000	88
		_LCD_Write_String		CODE           	0CEE	0000	41
		_LCD_Write_Number		CODE           	0F80	0000	128

lcd.c estimated size: 503

C:\Program Files\Microchip\xc8\v2.30\pic\sources\c90\common\Umul8_16.c
		__Umul8_16     		CODE           	0CC5	0000	41

C:\Program Files\Microchip\xc8\v2.30\pic\sources\c90\common\Umul8_16.c estimated size: 41

