Microchip MPLAB XC8 Compiler V2.20

Linker command line:

-W-3 --edf=C:\Program Files\Microchip\xc8\v2.20\pic\dat\en_msgs.txt -cn \
  -h+dist/default/production\rfid_basic.X.production.sym \
  --cmf=dist/default/production\rfid_basic.X.production.cmf -z -Q16F877A \
  -oC:\Users\NGUYEN~1\AppData\Local\Temp\s6us.2 --defsym=__MPLAB_BUILD=1 \
  -Mdist/default/production/rfid_basic.X.production.map -E1 \
  -ver=XC8 Compiler --acfsm=1493 -ASTACK=0110h-016Fh -pstack=STACK \
  -ACODE=00h-07FFhx4 -ASTRCODE=00h-01FFFh -ASTRING=00h-0FFhx32 \
  -ACONST=00h-0FFhx32 -AENTRY=00h-0FFhx32 -ACOMMON=070h-07Fh \
  -ABANK0=020h-06Fh -ABANK1=0A0h-0EFh -ABANK2=0110h-016Fh \
  -ABANK3=0190h-01EFh -ARAM=020h-06Fh,0A0h-0EFh,0110h-016Fh,0190h-01EFh \
  -AABS1=020h-07Fh,0A0h-0EFh,0110h-016Fh,0190h-01EFh -ASFR0=00h-01Fh \
  -ASFR1=080h-09Fh -ASFR2=0100h-010Fh -ASFR3=0180h-018Fh \
  -ACONFIG=02007h-02007h -DCONFIG=2 -AIDLOC=02000h-02003h -DIDLOC=2 \
  -preset_vec=00h,intentry,init,end_init -ppowerup=CODE -pcinit=CODE \
  -pfunctab=ENTRY -AEEDATA=00h-0FFh/02100h -peeprom_data=EEDATA -DEEDATA=2 \
  -DCODE=2 -DSTRCODE=2 -DSTRING=2 -DCONST=2 -DENTRY=2 -k \
  C:\Users\NGUYEN~1\AppData\Local\Temp\s6us.o \
  dist/default/production\rfid_basic.X.production.o 

Object code version is 3.11

Machine type is 16F877A



                Name                               Link     Load   Length Selector   Space Scale
C:\Users\NGUYEN~1\AppData\Local\Temp\s6us.o
                end_init                              0        0        3        0       0
                config                             2007     2007        1        0       4
dist/default/production\rfid_basic.X.production.o
                cinit                               7F5      7F5        B      FEA       0
                config                             2007     2007        1        0       4
                text19                              37B      37B        D      6F6       0
                text18                              35D      35D        9      6BA       0
                text17                              366      366        9      6CC       0
                text16                              396      396       10      72C       0
                text15                              3C0      3C0       1B      780       0
                text14                              3A6      3A6       1A      74C       0
                text13                              3DB      3DB       1C      7B6       0
                text12                              47D      47D       36      8FA       0
                text11                              3F7      3F7       1D      7EE       0
                text10                              433      433       25      866       0
                text9                               4EB      4EB       66      9D6       0
                text8                               4B3      4B3       38      966       0
                text7                               655      655       C0      CAA       0
                text6                               5B8      5B8       9D      B70       0
                text5                               715      715       E0      E2A       0
                text4                               414      414       1F      828       0
                text3                               388      388        E      710       0
                text2                               36F      36F        C      6DE       0
                text1                               458      458       25      8B0       0
                maintext                            551      551       67      AA2       0
                cstackBANK0                          20       20       24       20       1
                cstackCOMMON                         70       70        E       70       1
                dataBANK0                            45       45        1       20       1
                bssBANK0                             44       44        1       20       1
                strings                               3        3       25        6       0
                idataBANK0                          35C      35C        1      6B8       0

TOTAL           Name                               Link     Load   Length     Space
        CLASS   STACK          

        CLASS   CODE           
                end_init                              0        0        3         0
                cinit                               7F5      7F5        B         0
                text19                              37B      37B        D         0
                text18                              35D      35D        9         0
                text17                              366      366        9         0
                text16                              396      396       10         0
                text15                              3C0      3C0       1B         0
                text14                              3A6      3A6       1A         0
                text13                              3DB      3DB       1C         0
                text12                              47D      47D       36         0
                text11                              3F7      3F7       1D         0
                text10                              433      433       25         0
                text9                               4EB      4EB       66         0
                text8                               4B3      4B3       38         0
                text7                               655      655       C0         0
                text6                               5B8      5B8       9D         0
                text5                               715      715       E0         0
                text4                               414      414       1F         0
                text3                               388      388        E         0
                text2                               36F      36F        C         0
                text1                               458      458       25         0
                maintext                            551      551       67         0
                idataBANK0                          35C      35C        1         0

        CLASS   STRCODE        

        CLASS   STRING         
                strings                               3        3       25         0

        CLASS   CONST          

        CLASS   ENTRY          

        CLASS   COMMON         
                cstackCOMMON                         70       70        E         1

        CLASS   BANK0          
                cstackBANK0                          20       20       24         1
                dataBANK0                            45       45        1         1
                bssBANK0                             44       44        1         1

        CLASS   BANK1          

        CLASS   BANK2          

        CLASS   BANK3          

        CLASS   RAM            

        CLASS   ABS1           
                abs_s1                               7E       7E        2         1

        CLASS   SFR0           

        CLASS   SFR1           

        CLASS   SFR2           

        CLASS   SFR3           

        CLASS   CONFIG         
                config                             2007     2007        1         4

        CLASS   IDLOC          

        CLASS   EEDATA         



SEGMENTS        Name                           Load    Length   Top    Selector   Space  Class     Delta

                reset_vec                      000000  000003  000003         0       0  CODE        2
                strings                        000003  000025  000028         6       0  STRING      2
                cstackBANK0                    000020  000026  000046        20       1  BANK0       1
                cstackCOMMON                   000070  00000E  00007E        70       1  COMMON      1
                idataBANK0                     00035C  000001  00035D       6B8       0  CODE        2
                text18                         00035D  000009  000366       6BA       0  CODE        2
                text17                         000366  000009  00036F       6CC       0  CODE        2
                text2                          00036F  00000C  00037B       6DE       0  CODE        2
                text19                         00037B  00000D  000388       6F6       0  CODE        2
                text3                          000388  00000E  000396       710       0  CODE        2
                text16                         000396  000010  0003A6       72C       0  CODE        2
                text14                         0003A6  00001A  0003C0       74C       0  CODE        2
                text15                         0003C0  00001B  0003DB       780       0  CODE        2
                text13                         0003DB  00001C  0003F7       7B6       0  CODE        2
                text11                         0003F7  00001D  000414       7EE       0  CODE        2
                text4                          000414  00001F  000433       828       0  CODE        2
                text10                         000433  000025  000458       866       0  CODE        2
                text1                          000458  000025  00047D       8B0       0  CODE        2
                text12                         00047D  000036  0004B3       8FA       0  CODE        2
                text8                          0004B3  000038  0004EB       966       0  CODE        2
                text9                          0004EB  000066  000551       9D6       0  CODE        2
                maintext                       000551  000067  0005B8       AA2       0  CODE        2
                text6                          0005B8  00009D  000655       B70       0  CODE        2
                text7                          000655  0000C0  000715       CAA       0  CODE        2
                text5                          000715  0000E0  0007F5       E2A       0  CODE        2
                cinit                          0007F5  00000B  000800       FEA       0  CODE        2


UNUSED ADDRESS RANGES

        Name                Unused          Largest block    Delta
        BANK0            0046-006F             2A           1
        BANK1            00A0-00EF             50           1
        BANK2            0110-016F             60           1
        BANK3            0190-01EF             60           1
        CODE             0028-035B            334           2
                         0800-1FFF            800
        CONST            0028-035B            100           2
                         0800-1FFF            100
        EEDATA           2100-21FF            100           2
        ENTRY            0028-035B            100           2
                         0800-1FFF            100
        IDLOC            2000-2003              4           2
        RAM              0046-006F             2A           1
                         00A0-00EF             50
                         0110-016F             60
                         0190-01EF             60
        SFR0             0000-001F             20           1
        SFR1             0080-009F             20           1
        SFR2             0100-010F             10           1
        SFR3             0180-018F             10           1
        STACK            0110-016F             60           1
        STRCODE          0028-035B            334           2
                         0800-1FFF           1800
        STRING           0028-035B            100           2
                         0800-1FFF            100

                                  Symbol Table

?___aldiv                     cstackCOMMON 0070
?___lldiv                     cstackCOMMON 0070
I2C_Master_Init@I2C_BaudRate  cstackBANK0  0020
I2C_Write_Char@Data           cstackCOMMON 0070
IO_Expander_Write@Data        cstackCOMMON 0071
LCD_CMD@CMD                   cstackCOMMON 0075
LCD_Init@I2C_BaudRate         cstackBANK0  0028
LCD_Set_Cursor@COL            cstackCOMMON 0076
LCD_Set_Cursor@ROW            cstackCOMMON 0079
LCD_Write_4Bit@Nibble         cstackCOMMON 0073
LCD_Write_Char@Data           cstackCOMMON 0075
LCD_Write_String@Str          cstackCOMMON 0078
LCD_Write_String@i            cstackCOMMON 0076
UART_TX_AND_RX_Init@baudrate  cstackBANK0  0026
UART_TX_AND_RX_Init@x         cstackCOMMON 0079
UART_Write_Char@data          cstackCOMMON 0070
UART_Write_String@i           cstackCOMMON 0071
UART_Write_String@text        cstackCOMMON 0073
_ACKDT                        (abs)        048D
_ACKEN                        (abs)        048C
_ACKSTAT                      (abs)        048E
_BRGH                         (abs)        04C2
_BackLight_State              dataBANK0    0045
_CREN                         (abs)        00C4
_I2C_Master_Init              text8        04B3
_I2C_Start                    text18       035D
_I2C_Stop                     text17       0366
_I2C_Wait                     text19       037B
_I2C_Write_Char               text16       0396
_IO_Expander_Write            text15       03C0
_LCD_CMD                      text13       03DB
_LCD_Init                     text7        0655
_LCD_Set_Cursor               text12       047D
_LCD_Write_4Bit               text14       03A6
_LCD_Write_Char               text11       03F7
_LCD_Write_String             text10       0433
_OERR                         (abs)        00C1
_PEN                          (abs)        048A
_RCEN                         (abs)        048B
_RCIF                         (abs)        0065
_RCREG                        (abs)        001A
_RS                           bssBANK0     0044
_RSEN                         (abs)        0489
_RX9                          (abs)        00C6
_SEN                          (abs)        0488
_SPBRG                        (abs)        0099
_SPEN                         (abs)        00C7
_SSPADD                       (abs)        0093
_SSPBUF                       (abs)        0013
_SSPCON                       (abs)        0014
_SSPCON2                      (abs)        0091
_SSPIF                        (abs)        0063
_SSPSTAT                      (abs)        0094
_SYNC                         (abs)        04C4
_System_Configure             text4        0414
_TRISC3                       (abs)        043B
_TRISC4                       (abs)        043C
_TRISC6                       (abs)        043E
_TRISC7                       (abs)        043F
_TRMT                         (abs)        04C1
_TX9                          (abs)        04C6
_TXEN                         (abs)        04C5
_TXREG                        (abs)        0019
_UART_Read_Char               text3        0388
_UART_TX_AND_RX_Init          text5        0715
_UART_Write_Char              text2        036F
_UART_Write_String            text1        0458
__Habs1                       abs1         0000
__Hbank0                      bank0        0000
__Hbank1                      bank1        0000
__Hbank2                      bank2        0000
__Hbank3                      bank3        0000
__HbssBANK0                   bssBANK0     0000
__Hcinit                      cinit        0800
__Hclrtext                    clrtext      0000
__Hcode                       code         0000
__Hcommon                     common       0000
__Hconfig                     config       2008
__HcstackBANK0                cstackBANK0  0000
__HcstackCOMMON               cstackCOMMON 0000
__HdataBANK0                  dataBANK0    0000
__Heeprom_data                eeprom_data  0000
__Hend_init                   end_init     0003
__Hfunctab                    functab      0000
__HidataBANK0                 idataBANK0   0000
__Hinit                       init         0000
__Hintentry                   intentry     0000
__Hmaintext                   maintext     0000
__Hpowerup                    powerup      0000
__Hram                        ram          0000
__Hreset_vec                  reset_vec    0000
__Hsfr0                       sfr0         0000
__Hsfr1                       sfr1         0000
__Hsfr2                       sfr2         0000
__Hsfr3                       sfr3         0000
__Hspace_0                    (abs)        0800
__Hspace_1                    (abs)        007E
__Hspace_2                    (abs)        0000
__Hspace_3                    (abs)        0000
__Hspace_4                    (abs)        400F
__Hstack                      stack        0000
__Hstrings                    strings      0000
__Htext                       text         0000
__Labs1                       abs1         0000
__Lbank0                      bank0        0000
__Lbank1                      bank1        0000
__Lbank2                      bank2        0000
__Lbank3                      bank3        0000
__LbssBANK0                   bssBANK0     0000
__Lcinit                      cinit        07F5
__Lclrtext                    clrtext      0000
__Lcode                       code         0000
__Lcommon                     common       0000
__Lconfig                     config       0000
__LcstackBANK0                cstackBANK0  0000
__LcstackCOMMON               cstackCOMMON 0000
__LdataBANK0                  dataBANK0    0000
__Leeprom_data                eeprom_data  0000
__Lend_init                   end_init     0000
__Lfunctab                    functab      0000
__LidataBANK0                 idataBANK0   0000
__Linit                       init         0000
__Lintentry                   intentry     0000
__Lmaintext                   maintext     0000
__Lpowerup                    powerup      0000
__Lram                        ram          0000
__Lreset_vec                  reset_vec    0000
__Lsfr0                       sfr0         0000
__Lsfr1                       sfr1         0000
__Lsfr2                       sfr2         0000
__Lsfr3                       sfr3         0000
__Lspace_0                    (abs)        0000
__Lspace_1                    (abs)        0000
__Lspace_2                    (abs)        0000
__Lspace_3                    (abs)        0000
__Lspace_4                    (abs)        0000
__Lstack                      stack        0000
__Lstrings                    strings      0000
__Ltext                       text         0000
__S0                          (abs)        0800
__S1                          (abs)        007E
__S2                          (abs)        0000
__S3                          (abs)        0000
___aldiv                      text6        05B8
___aldiv@counter              cstackBANK0  0020
___aldiv@dividend             cstackCOMMON 0074
___aldiv@divisor              cstackCOMMON 0070
___aldiv@quotient             cstackBANK0  0022
___aldiv@sign                 cstackBANK0  0021
___int_sp                     stack        0000
___latbits                    (abs)        0002
___lldiv                      text9        04EB
___lldiv@counter              cstackCOMMON 007D
___lldiv@dividend             cstackCOMMON 0074
___lldiv@divisor              cstackCOMMON 0070
___lldiv@quotient             cstackCOMMON 0079
___sp                         stack        0000
___stackhi                    (abs)        0000
___stacklo                    (abs)        0000
__end_of_I2C_Master_Init      text8        04EB
__end_of_I2C_Start            text18       0366
__end_of_I2C_Stop             text17       036F
__end_of_I2C_Wait             text19       0388
__end_of_I2C_Write_Char       text16       03A6
__end_of_IO_Expander_Write    text15       03DB
__end_of_LCD_CMD              text13       03F7
__end_of_LCD_Init             text7        0715
__end_of_LCD_Set_Cursor       text12       04B3
__end_of_LCD_Write_4Bit       text14       03C0
__end_of_LCD_Write_Char       text11       0414
__end_of_LCD_Write_String     text10       0458
__end_of_System_Configure     text4        0433
__end_of_UART_Read_Char       text3        0396
__end_of_UART_TX_AND_RX_Init  text5        07F5
__end_of_UART_Write_Char      text2        037B
__end_of_UART_Write_String    text1        047D
__end_of___aldiv              text6        0655
__end_of___lldiv              text9        0551
__end_of__initialization      cinit        07FC
__end_of__stringtab           strings      0009
__end_of_main                 maintext     05B8
__initialization              cinit        07F5
__pbssBANK0                   bssBANK0     0044
__pcstackBANK0                cstackBANK0  0020
__pcstackCOMMON               cstackCOMMON 0070
__pdataBANK0                  dataBANK0    0045
__pidataBANK0                 idataBANK0   035C
__pmaintext                   maintext     0551
__pstrings                    strings      0003
__ptext1                      text1        0458
__ptext10                     text10       0433
__ptext11                     text11       03F7
__ptext12                     text12       047D
__ptext13                     text13       03DB
__ptext14                     text14       03A6
__ptext15                     text15       03C0
__ptext16                     text16       0396
__ptext17                     text17       0366
__ptext18                     text18       035D
__ptext19                     text19       037B
__ptext2                      text2        036F
__ptext3                      text3        0388
__ptext4                      text4        0414
__ptext5                      text5        0715
__ptext6                      text6        05B8
__ptext7                      text7        0655
__ptext8                      text8        04B3
__ptext9                      text9        04EB
__size_of_I2C_Master_Init     (abs)        0000
__size_of_I2C_Start           (abs)        0000
__size_of_I2C_Stop            (abs)        0000
__size_of_I2C_Wait            (abs)        0000
__size_of_I2C_Write_Char      (abs)        0000
__size_of_IO_Expander_Write   (abs)        0000
__size_of_LCD_CMD             (abs)        0000
__size_of_LCD_Init            (abs)        0000
__size_of_LCD_Set_Cursor      (abs)        0000
__size_of_LCD_Write_4Bit      (abs)        0000
__size_of_LCD_Write_Char      (abs)        0000
__size_of_LCD_Write_String    (abs)        0000
__size_of_System_Configure    (abs)        0000
__size_of_UART_Read_Char      (abs)        0000
__size_of_UART_TX_AND_RX_Init (abs)        0000
__size_of_UART_Write_Char     (abs)        0000
__size_of_UART_Write_String   (abs)        0000
__size_of___aldiv             (abs)        0000
__size_of___lldiv             (abs)        0000
__size_of_main                (abs)        0000
__stringbase                  strings      0008
__stringtab                   strings      0003
_main                         maintext     0551
btemp                         (abs)        007E
end_of_initialization         cinit        07FC
intlevel0                     functab      0000
intlevel1                     functab      0000
intlevel2                     functab      0000
intlevel3                     functab      0000
intlevel4                     functab      0000
intlevel5                     functab      0000
main@i                        cstackBANK0  0042
main@id                       cstackBANK0  0036
reset_vec                     reset_vec    0000
start                         init         0000
start_initialization          cinit        07F5
wtemp0                        (abs)        007E


FUNCTION INFORMATION:

 *************** function _main *****************
 Defined at:
		line 24 in file "main.c"
 Parameters:    Size  Location     Type
		None
 Auto vars:     Size  Location     Type
  id             12   22[BANK0 ] unsigned char [12]
  i               2   34[BANK0 ] int 
 Return value:  Size  Location     Type
                  1    wreg      void 
 Registers used:
		wreg, fsr0l, fsr0h, status,2, status,0, btemp+1, pclath, cstack
 Tracked objects:
		On entry : 
		On exit  : 
		Unchanged: 
 Data sizes:     COMMON   BANK0   BANK1   BANK3   BANK2
      Params:         0       0       0       0       0
      Locals:         0      14       0       0       0
      Temps:          0       0       0       0       0
      Totals:         0      14       0       0       0
Total ram usage:       14 bytes
 Hardware stack levels required when called:    7
 This function calls:
		_LCD_Set_Cursor
		_LCD_Write_Char
		_LCD_Write_String
		_System_Configure
		_UART_Read_Char
		_UART_Write_Char
		_UART_Write_String
 This function is called by:
		Startup code after reset
 This function uses a non-reentrant model


 *************** function _UART_Write_String *****************
 Defined at:
		line 105 in file "./uart send and get.h"
 Parameters:    Size  Location     Type
  text            1    wreg     PTR unsigned char 
		 -> STR_3(9), STR_2(9), 
 Auto vars:     Size  Location     Type
  text            1    3[COMMON] PTR unsigned char 
		 -> STR_3(9), STR_2(9), 
  i               2    1[COMMON] int 
 Return value:  Size  Location     Type
                  1    wreg      void 
 Registers used:
		wreg, fsr0l, fsr0h, status,2, status,0, pclath, cstack
 Tracked objects:
		On entry : 
		On exit  : 
		Unchanged: 
 Data sizes:     COMMON   BANK0   BANK1   BANK3   BANK2
      Params:         0       0       0       0       0
      Locals:         3       0       0       0       0
      Temps:          0       0       0       0       0
      Totals:         3       0       0       0       0
Total ram usage:        3 bytes
 Hardware stack levels used:    1
 Hardware stack levels required when called:    1
 This function calls:
		_UART_Write_Char
 This function is called by:
		_main
 This function uses a non-reentrant model


 *************** function _UART_Write_Char *****************
 Defined at:
		line 86 in file "./uart send and get.h"
 Parameters:    Size  Location     Type
  data            1    wreg     unsigned char 
 Auto vars:     Size  Location     Type
  data            1    0[COMMON] unsigned char 
 Return value:  Size  Location     Type
                  1    wreg      void 
 Registers used:
		wreg
 Tracked objects:
		On entry : 
		On exit  : 
		Unchanged: 
 Data sizes:     COMMON   BANK0   BANK1   BANK3   BANK2
      Params:         0       0       0       0       0
      Locals:         1       0       0       0       0
      Temps:          0       0       0       0       0
      Totals:         1       0       0       0       0
Total ram usage:        1 bytes
 Hardware stack levels used:    1
 This function calls:
		Nothing
 This function is called by:
		_UART_Write_String
		_main
 This function uses a non-reentrant model


 *************** function _UART_Read_Char *****************
 Defined at:
		line 175 in file "./uart send and get.h"
 Parameters:    Size  Location     Type
		None
 Auto vars:     Size  Location     Type
		None
 Return value:  Size  Location     Type
                  1    wreg      unsigned char 
 Registers used:
		wreg
 Tracked objects:
		On entry : 
		On exit  : 
		Unchanged: 
 Data sizes:     COMMON   BANK0   BANK1   BANK3   BANK2
      Params:         0       0       0       0       0
      Locals:         0       0       0       0       0
      Temps:          0       0       0       0       0
      Totals:         0       0       0       0       0
Total ram usage:        0 bytes
 Hardware stack levels used:    1
 This function calls:
		Nothing
 This function is called by:
		_main
		_UART_Read_String
 This function uses a non-reentrant model


 *************** function _System_Configure *****************
 Defined at:
		line 52 in file "main.c"
 Parameters:    Size  Location     Type
		None
 Auto vars:     Size  Location     Type
		None
 Return value:  Size  Location     Type
                  1    wreg      void 
 Registers used:
		wreg, status,2, status,0, btemp+1, pclath, cstack
 Tracked objects:
		On entry : 
		On exit  : 
		Unchanged: 
 Data sizes:     COMMON   BANK0   BANK1   BANK3   BANK2
      Params:         0       0       0       0       0
      Locals:         0       0       0       0       0
      Temps:          0       0       0       0       0
      Totals:         0       0       0       0       0
Total ram usage:        0 bytes
 Hardware stack levels used:    1
 Hardware stack levels required when called:    6
 This function calls:
		_LCD_Init
		_UART_TX_AND_RX_Init
 This function is called by:
		_main
 This function uses a non-reentrant model


 *************** function _UART_TX_AND_RX_Init *****************
 Defined at:
		line 15 in file "./uart send and get.h"
 Parameters:    Size  Location     Type
  baudrate        4    6[BANK0 ] const long 
 Auto vars:     Size  Location     Type
  x               2    9[COMMON] unsigned int 
 Return value:  Size  Location     Type
                  1    wreg      unsigned char 
 Registers used:
		wreg, status,2, status,0, btemp+1, pclath, cstack
 Tracked objects:
		On entry : 
		On exit  : 
		Unchanged: 
 Data sizes:     COMMON   BANK0   BANK1   BANK3   BANK2
      Params:         0       4       0       0       0
      Locals:         2       0       0       0       0
      Temps:          0      12       0       0       0
      Totals:         2      16       0       0       0
Total ram usage:       18 bytes
 Hardware stack levels used:    1
 Hardware stack levels required when called:    1
 This function calls:
		___aldiv
 This function is called by:
		_System_Configure
 This function uses a non-reentrant model


 *************** function ___aldiv *****************
 Defined at:
		line 5 in file "C:\Program Files\Microchip\xc8\v2.20\pic\sources\c90\common\aldiv.c"
 Parameters:    Size  Location     Type
  divisor         4    0[COMMON] long 
  dividend        4    4[COMMON] long 
 Auto vars:     Size  Location     Type
  quotient        4    2[BANK0 ] long 
  sign            1    1[BANK0 ] unsigned char 
  counter         1    0[BANK0 ] unsigned char 
 Return value:  Size  Location     Type
                  4    0[COMMON] long 
 Registers used:
		wreg, status,2, status,0, btemp+1
 Tracked objects:
		On entry : 
		On exit  : 
		Unchanged: 
 Data sizes:     COMMON   BANK0   BANK1   BANK3   BANK2
      Params:         8       0       0       0       0
      Locals:         0       6       0       0       0
      Temps:          1       0       0       0       0
      Totals:         9       6       0       0       0
Total ram usage:       15 bytes
 Hardware stack levels used:    1
 This function calls:
		Nothing
 This function is called by:
		_UART_TX_AND_RX_Init
 This function uses a non-reentrant model


 *************** function _LCD_Init *****************
 Defined at:
		line 33 in file "i2c_lcd.c"
 Parameters:    Size  Location     Type
  I2C_BaudRate    4    8[BANK0 ] const unsigned long 
 Auto vars:     Size  Location     Type
		None
 Return value:  Size  Location     Type
                  1    wreg      void 
 Registers used:
		wreg, status,2, status,0, btemp+1, pclath, cstack
 Tracked objects:
		On entry : 
		On exit  : 
		Unchanged: 
 Data sizes:     COMMON   BANK0   BANK1   BANK3   BANK2
      Params:         0       4       0       0       0
      Locals:         0       0       0       0       0
      Temps:          0       3       0       0       0
      Totals:         0       7       0       0       0
Total ram usage:        7 bytes
 Hardware stack levels used:    1
 Hardware stack levels required when called:    5
 This function calls:
		_I2C_Master_Init
		_IO_Expander_Write
		_LCD_CMD
 This function is called by:
		_System_Configure
 This function uses a non-reentrant model


 *************** function _I2C_Master_Init *****************
 Defined at:
		line 3 in file "i2c_master.c"
 Parameters:    Size  Location     Type
  I2C_BaudRate    4    0[BANK0 ] const unsigned long 
 Auto vars:     Size  Location     Type
		None
 Return value:  Size  Location     Type
                  1    wreg      void 
 Registers used:
		wreg, status,2, status,0, btemp+1, pclath, cstack
 Tracked objects:
		On entry : 
		On exit  : 
		Unchanged: 
 Data sizes:     COMMON   BANK0   BANK1   BANK3   BANK2
      Params:         0       4       0       0       0
      Locals:         0       0       0       0       0
      Temps:          0       4       0       0       0
      Totals:         0       8       0       0       0
Total ram usage:        8 bytes
 Hardware stack levels used:    1
 Hardware stack levels required when called:    1
 This function calls:
		___lldiv
 This function is called by:
		_LCD_Init
 This function uses a non-reentrant model


 *************** function ___lldiv *****************
 Defined at:
		line 5 in file "C:\Program Files\Microchip\xc8\v2.20\pic\sources\c90\common\__lldiv.c"
 Parameters:    Size  Location     Type
  divisor         4    0[COMMON] unsigned long 
  dividend        4    4[COMMON] unsigned long 
 Auto vars:     Size  Location     Type
  quotient        4    9[COMMON] unsigned long 
  counter         1   13[COMMON] unsigned char 
 Return value:  Size  Location     Type
                  4    0[COMMON] unsigned long 
 Registers used:
		wreg, status,2, status,0, btemp+1
 Tracked objects:
		On entry : 
		On exit  : 
		Unchanged: 
 Data sizes:     COMMON   BANK0   BANK1   BANK3   BANK2
      Params:         8       0       0       0       0
      Locals:         5       0       0       0       0
      Temps:          1       0       0       0       0
      Totals:        14       0       0       0       0
Total ram usage:       14 bytes
 Hardware stack levels used:    1
 This function calls:
		Nothing
 This function is called by:
		_I2C_Master_Init
 This function uses a non-reentrant model


 *************** function _LCD_Write_String *****************
 Defined at:
		line 67 in file "i2c_lcd.c"
 Parameters:    Size  Location     Type
  Str             1    wreg     PTR unsigned char 
		 -> STR_1(13), 
 Auto vars:     Size  Location     Type
  Str             1    8[COMMON] PTR unsigned char 
		 -> STR_1(13), 
  i               2    6[COMMON] int 
 Return value:  Size  Location     Type
                  1    wreg      void 
 Registers used:
		wreg, fsr0l, fsr0h, status,2, status,0, btemp+1, pclath, cstack
 Tracked objects:
		On entry : 
		On exit  : 
		Unchanged: 
 Data sizes:     COMMON   BANK0   BANK1   BANK3   BANK2
      Params:         0       0       0       0       0
      Locals:         3       0       0       0       0
      Temps:          0       0       0       0       0
      Totals:         3       0       0       0       0
Total ram usage:        3 bytes
 Hardware stack levels used:    1
 Hardware stack levels required when called:    5
 This function calls:
		_LCD_Write_Char
 This function is called by:
		_main
 This function uses a non-reentrant model


 *************** function _LCD_Write_Char *****************
 Defined at:
		line 60 in file "i2c_lcd.c"
 Parameters:    Size  Location     Type
  Data            1    wreg     unsigned char 
 Auto vars:     Size  Location     Type
  Data            1    5[COMMON] unsigned char 
 Return value:  Size  Location     Type
                  1    wreg      void 
 Registers used:
		wreg, status,2, status,0, btemp+1, pclath, cstack
 Tracked objects:
		On entry : 
		On exit  : 
		Unchanged: 
 Data sizes:     COMMON   BANK0   BANK1   BANK3   BANK2
      Params:         0       0       0       0       0
      Locals:         1       0       0       0       0
      Temps:          1       0       0       0       0
      Totals:         2       0       0       0       0
Total ram usage:        2 bytes
 Hardware stack levels used:    1
 Hardware stack levels required when called:    4
 This function calls:
		_LCD_Write_4Bit
 This function is called by:
		_main
		_LCD_Write_String
 This function uses a non-reentrant model


 *************** function _LCD_Set_Cursor *****************
 Defined at:
		line 77 in file "i2c_lcd.c"
 Parameters:    Size  Location     Type
  ROW             1    wreg     unsigned char 
  COL             1    6[COMMON] unsigned char 
 Auto vars:     Size  Location     Type
  ROW             1    9[COMMON] unsigned char 
 Return value:  Size  Location     Type
                  1    wreg      void 
 Registers used:
		wreg, fsr0l, fsr0h, status,2, status,0, btemp+1, pclath, cstack
 Tracked objects:
		On entry : 
		On exit  : 
		Unchanged: 
 Data sizes:     COMMON   BANK0   BANK1   BANK3   BANK2
      Params:         1       0       0       0       0
      Locals:         1       0       0       0       0
      Temps:          2       0       0       0       0
      Totals:         4       0       0       0       0
Total ram usage:        4 bytes
 Hardware stack levels used:    1
 Hardware stack levels required when called:    5
 This function calls:
		_LCD_CMD
 This function is called by:
		_main
 This function uses a non-reentrant model


 *************** function _LCD_CMD *****************
 Defined at:
		line 25 in file "i2c_lcd.c"
 Parameters:    Size  Location     Type
  CMD             1    wreg     unsigned char 
 Auto vars:     Size  Location     Type
  CMD             1    5[COMMON] unsigned char 
 Return value:  Size  Location     Type
                  1    wreg      void 
 Registers used:
		wreg, status,2, status,0, btemp+1, pclath, cstack
 Tracked objects:
		On entry : 
		On exit  : 
		Unchanged: 
 Data sizes:     COMMON   BANK0   BANK1   BANK3   BANK2
      Params:         0       0       0       0       0
      Locals:         1       0       0       0       0
      Temps:          1       0       0       0       0
      Totals:         2       0       0       0       0
Total ram usage:        2 bytes
 Hardware stack levels used:    1
 Hardware stack levels required when called:    4
 This function calls:
		_LCD_Write_4Bit
 This function is called by:
		_LCD_Init
		_LCD_Set_Cursor
		_LCD_SL
		_LCD_SR
		_LCD_Clear
 This function uses a non-reentrant model


 *************** function _LCD_Write_4Bit *****************
 Defined at:
		line 16 in file "i2c_lcd.c"
 Parameters:    Size  Location     Type
  Nibble          1    wreg     unsigned char 
 Auto vars:     Size  Location     Type
  Nibble          1    3[COMMON] unsigned char 
 Return value:  Size  Location     Type
                  1    wreg      void 
 Registers used:
		wreg, status,2, status,0, btemp+1, pclath, cstack
 Tracked objects:
		On entry : 
		On exit  : 
		Unchanged: 
 Data sizes:     COMMON   BANK0   BANK1   BANK3   BANK2
      Params:         0       0       0       0       0
      Locals:         1       0       0       0       0
      Temps:          1       0       0       0       0
      Totals:         2       0       0       0       0
Total ram usage:        2 bytes
 Hardware stack levels used:    1
 Hardware stack levels required when called:    3
 This function calls:
		_IO_Expander_Write
 This function is called by:
		_LCD_CMD
		_LCD_Write_Char
 This function uses a non-reentrant model


 *************** function _IO_Expander_Write *****************
 Defined at:
		line 8 in file "i2c_lcd.c"
 Parameters:    Size  Location     Type
  Data            1    wreg     unsigned char 
 Auto vars:     Size  Location     Type
  Data            1    1[COMMON] unsigned char 
 Return value:  Size  Location     Type
                  1    wreg      void 
 Registers used:
		wreg, status,2, status,0, pclath, cstack
 Tracked objects:
		On entry : 
		On exit  : 
		Unchanged: 
 Data sizes:     COMMON   BANK0   BANK1   BANK3   BANK2
      Params:         0       0       0       0       0
      Locals:         1       0       0       0       0
      Temps:          0       0       0       0       0
      Totals:         1       0       0       0       0
Total ram usage:        1 bytes
 Hardware stack levels used:    1
 Hardware stack levels required when called:    2
 This function calls:
		_I2C_Start
		_I2C_Stop
		_I2C_Write_Char
 This function is called by:
		_LCD_Write_4Bit
		_LCD_Init
		_Backlight
		_noBacklight
 This function uses a non-reentrant model


 *************** function _I2C_Write_Char *****************
 Defined at:
		line 76 in file "i2c_master.c"
 Parameters:    Size  Location     Type
  Data            1    wreg     unsigned char 
 Auto vars:     Size  Location     Type
  Data            1    0[COMMON] unsigned char 
 Return value:  Size  Location     Type
                  1    wreg      unsigned char 
 Registers used:
		wreg, status,2, status,0, pclath, cstack
 Tracked objects:
		On entry : 
		On exit  : 
		Unchanged: 
 Data sizes:     COMMON   BANK0   BANK1   BANK3   BANK2
      Params:         0       0       0       0       0
      Locals:         1       0       0       0       0
      Temps:          0       0       0       0       0
      Totals:         1       0       0       0       0
Total ram usage:        1 bytes
 Hardware stack levels used:    1
 Hardware stack levels required when called:    1
 This function calls:
		_I2C_Wait
 This function is called by:
		_IO_Expander_Write
 This function uses a non-reentrant model


 *************** function _I2C_Stop *****************
 Defined at:
		line 49 in file "i2c_master.c"
 Parameters:    Size  Location     Type
		None
 Auto vars:     Size  Location     Type
		None
 Return value:  Size  Location     Type
                  1    wreg      void 
 Registers used:
		wreg, status,2, status,0, pclath, cstack
 Tracked objects:
		On entry : 
		On exit  : 
		Unchanged: 
 Data sizes:     COMMON   BANK0   BANK1   BANK3   BANK2
      Params:         0       0       0       0       0
      Locals:         0       0       0       0       0
      Temps:          0       0       0       0       0
      Totals:         0       0       0       0       0
Total ram usage:        0 bytes
 Hardware stack levels used:    1
 Hardware stack levels required when called:    1
 This function calls:
		_I2C_Wait
 This function is called by:
		_IO_Expander_Write
 This function uses a non-reentrant model


 *************** function _I2C_Start *****************
 Defined at:
		line 31 in file "i2c_master.c"
 Parameters:    Size  Location     Type
		None
 Auto vars:     Size  Location     Type
		None
 Return value:  Size  Location     Type
                  1    wreg      void 
 Registers used:
		wreg, status,2, status,0, pclath, cstack
 Tracked objects:
		On entry : 
		On exit  : 
		Unchanged: 
 Data sizes:     COMMON   BANK0   BANK1   BANK3   BANK2
      Params:         0       0       0       0       0
      Locals:         0       0       0       0       0
      Temps:          0       0       0       0       0
      Totals:         0       0       0       0       0
Total ram usage:        0 bytes
 Hardware stack levels used:    1
 Hardware stack levels required when called:    1
 This function calls:
		_I2C_Wait
 This function is called by:
		_IO_Expander_Write
 This function uses a non-reentrant model


 *************** function _I2C_Wait *****************
 Defined at:
		line 23 in file "i2c_master.c"
 Parameters:    Size  Location     Type
		None
 Auto vars:     Size  Location     Type
		None
 Return value:  Size  Location     Type
                  1    wreg      void 
 Registers used:
		wreg, status,2
 Tracked objects:
		On entry : 
		On exit  : 
		Unchanged: 
 Data sizes:     COMMON   BANK0   BANK1   BANK3   BANK2
      Params:         0       0       0       0       0
      Locals:         0       0       0       0       0
      Temps:          0       0       0       0       0
      Totals:         0       0       0       0       0
Total ram usage:        0 bytes
 Hardware stack levels used:    1
 This function calls:
		Nothing
 This function is called by:
		_I2C_Start
		_I2C_Stop
		_I2C_Write_Char
		_I2C_Restart
		_I2C_ACK
		_I2C_NACK
		_I2C_Read_Char
 This function uses a non-reentrant model



MODULE INFORMATION

Module		Function		Class		Link	Load	Size
C:\Program Files\Microchip\xc8\v2.20\pic\sources\c90\common\aldiv.c
		___aldiv       		CODE           	05B8	0000	158

C:\Program Files\Microchip\xc8\v2.20\pic\sources\c90\common\aldiv.c estimated size: 158

C:\Program Files\Microchip\xc8\v2.20\pic\sources\c90\common\__lldiv.c
		___lldiv       		CODE           	04EB	0000	103

C:\Program Files\Microchip\xc8\v2.20\pic\sources\c90\common\__lldiv.c estimated size: 103

i2c_lcd.c
		_LCD_Init      		CODE           	0655	0000	193
		_LCD_Write_4Bit		CODE           	03A6	0000	27
		_LCD_Write_Char		CODE           	03F7	0000	30
		_LCD_CMD       		CODE           	03DB	0000	29
		_LCD_Set_Cursor		CODE           	047D	0000	55
		_IO_Expander_Write		CODE           	03C0	0000	28
		_LCD_Write_String		CODE           	0433	0000	38

i2c_lcd.c estimated size: 400

i2c_master.c
		_I2C_Master_Init		CODE           	04B3	0000	57
		_I2C_Stop      		CODE           	0366	0000	10
		_I2C_Wait      		CODE           	037B	0000	14
		_I2C_Write_Char		CODE           	0396	0000	17
		_I2C_Start     		CODE           	035D	0000	10

i2c_master.c estimated size: 108

shared
		__stringtab    		STRING         	0003	0000	7
		__initialization		CODE           	07F5	0000	8

shared estimated size: 15

./uart send and get.h
		_UART_Write_String		CODE           	0458	0000	38
		_UART_TX_AND_RX_Init		CODE           	0715	0000	225
		_UART_Write_Char		CODE           	036F	0000	13
		_UART_Read_Char		CODE           	0388	0000	15

./uart send and get.h estimated size: 291

main.c
		_main          		CODE           	0551	0000	104
		_System_Configure		CODE           	0414	0000	32

main.c estimated size: 136

