<html>
<body>
<pre>
<h1>µVision Build Log</h1>
<h2>Tool Versions:</h2>
IDE-Version: µVision V5.31.0.0
Copyright (C) 2020 ARM Ltd and ARM Germany GmbH. All rights reserved.
License Information: duc dat NGUYEN , HP Inc., LIC=SDA0P-MPKJL-III5V-P78RS-WSZ4W-0PY2K
 
Tool Versions:
Toolchain:       MDK-ARM Plus  Version: 5.31.0.0
Toolchain Path:  C:\Keil_v5\ARM\ARMCLANG\Bin
C Compiler:      ArmClang.exe V6.14
Assembler:       Armasm.exe V6.14
Linker/Locator:  ArmLink.exe V6.14
Library Manager: ArmAr.exe V6.14
Hex Converter:   FromElf.exe V6.14
CPU DLL:         SARMCM3.DLL V5.31.0.0
Dialog DLL:      DCM.DLL V1.17.3.0
Target DLL:      UL2CM3.DLL V1.163.4.0
Dialog DLL:      TCM.DLL V1.46.0.0
 
<h2>Project:</h2>
C:\Users\NGUYEN DUC DAT\Downloads\en.stsw-stm32054_v3-6-0_v3.6.0\App\vidu3\gpio.uvprojx
Project File Date:  01/03/2022

<h2>Output:</h2>
*** Using Compiler 'V6.14', folder: 'C:\Keil_v5\ARM\ARMCLANG\Bin'
Build target 'gpio_basic'
scr/stm32f10x_it.c(24): warning: In file included from...
./scr/stm32f10x_it.h(30): warning: In file included from...
../../STM32F10x_StdPeriph_Lib_V3.6.0/Libraries/CMSIS/CM3/DeviceSupport/ST/STM32F10x\stm32f10x.h(481): warning: In file included from...
../../STM32F10x_StdPeriph_Lib_V3.6.0/Libraries/CMSIS/CM3/CoreSupport\core_cm3.h(1720): warning: function 'NVIC_SystemReset' could be declared with attribute 'noreturn' [-Wmissing-noreturn]
{
^
scr/stm32f10x_it.c(56): warning: function 'HardFault_Handler' could be declared with attribute 'noreturn' [-Wmissing-noreturn]
{
^
scr/stm32f10x_it.c(69): warning: function 'MemManage_Handler' could be declared with attribute 'noreturn' [-Wmissing-noreturn]
{
^
scr/stm32f10x_it.c(82): warning: function 'BusFault_Handler' could be declared with attribute 'noreturn' [-Wmissing-noreturn]
{
^
scr/stm32f10x_it.c(95): warning: function 'UsageFault_Handler' could be declared with attribute 'noreturn' [-Wmissing-noreturn]
{
^
5 warnings generated.
compiling stm32f10x_it.c...
scr/main.c(1): warning: In file included from...
../../STM32F10x_StdPeriph_Lib_V3.6.0/Libraries/CMSIS/CM3/DeviceSupport/ST/STM32F10x\stm32f10x.h(481): warning: In file included from...
../../STM32F10x_StdPeriph_Lib_V3.6.0/Libraries/CMSIS/CM3/CoreSupport\core_cm3.h(1720): warning: function 'NVIC_SystemReset' could be declared with attribute 'noreturn' [-Wmissing-noreturn]
{
^
scr/main.c(9): warning: no newline at end of file [-Wnewline-eof]
}
 ^
2 warnings generated.
compiling main.c...
scr/system_stm32f10x.c(64): warning: In file included from...
../../STM32F10x_StdPeriph_Lib_V3.6.0/Libraries/CMSIS/CM3/DeviceSupport/ST/STM32F10x\stm32f10x.h(481): warning: In file included from...
../../STM32F10x_StdPeriph_Lib_V3.6.0/Libraries/CMSIS/CM3/CoreSupport\core_cm3.h(1720): warning: function 'NVIC_SystemReset' could be declared with attribute 'noreturn' [-Wmissing-noreturn]
{
^
scr/system_stm32f10x.c(166): warning: no previous extern declaration for non-static variable 'AHBPrescTable' [-Wmissing-variable-declarations]
__I uint8_t AHBPrescTable[16] = {0, 0, 0, 0, 0, 0, 0, 0, 1, 2, 3, 4, 6, 7, 8, 9};
            ^
scr/system_stm32f10x.c(166): note: declare 'static' if the variable is not intended to be used outside of this translation unit
__I uint8_t AHBPrescTable[16] = {0, 0, 0, 0, 0, 0, 0, 0, 1, 2, 3, 4, 6, 7, 8, 9};
    ^
2 warnings generated.
compiling system_stm32f10x.c...
linking...
Program Size: Code=644 RO-data=252 RW-data=0 ZI-data=1632  
".\Objects\gpio.axf" - 0 Error(s), 9 Warning(s).

<h2>Software Packages used:</h2>

Package Vendor: Keil
                http://www.keil.com/pack/Keil.STM32F1xx_DFP.2.4.0.pack
                Keil.STM32F1xx_DFP.2.4.0
                STMicroelectronics STM32F1 Series Device Support, Drivers and Examples

<h2>Collection of Component include folders:</h2>
  C:\Users\NGUYEN DUC DAT\AppData\Local\Arm\Packs\Keil\STM32F1xx_DFP\2.4.0\Device\Include

<h2>Collection of Component Files used:</h2>
Build Time Elapsed:  00:00:00
</pre>
</body>
</html>
