Microchip MPLAB XC8 Compiler V2.20

Linker command line:

-W-3 --edf=C:\Program Files\Microchip\xc8\v2.20\pic\dat\en_msgs.txt -cn \
  -h+dist/default/production\ADC_UART_LCD_TIMER_INTERRUPT.X.production.sym \
  --cmf=dist/default/production\ADC_UART_LCD_TIMER_INTERRUPT.X.production.cmf \
  -z -Q16F877A -oC:\Users\DATNGU~1\AppData\Local\Temp\s28o.2 \
  --defsym=__MPLAB_BUILD=1 \
  -Mdist/default/production/ADC_UART_LCD_TIMER_INTERRUPT.X.production.map \
  -E1 -ver=XC8 Compiler --acfsm=1493 -ASTACK=01C2h-01EFh -pstack=STACK \
  -ACODE=00h-07FFhx4 -ASTRCODE=00h-01FFFh -ASTRING=00h-0FFhx32 \
  -ACONST=00h-0FFhx32 -AENTRY=00h-0FFhx32 -ACOMMON=070h-07Fh \
  -ABANK0=020h-06Fh -ABANK1=0A0h-0EFh -ABANK2=0110h-016Fh \
  -ABANK3=0190h-01EFh -ARAM=020h-06Fh,0A0h-0EFh,0110h-016Fh,0190h-01EFh \
  -AABS1=020h-07Fh,0A0h-0EFh,0110h-016Fh,0190h-01EFh -ASFR0=00h-01Fh \
  -ASFR1=080h-09Fh -ASFR2=0100h-010Fh -ASFR3=0180h-018Fh \
  -ACONFIG=02007h-02007h -DCONFIG=2 -AIDLOC=02000h-02003h -DIDLOC=2 \
  -preset_vec=00h,intentry=04h,init,end_init -ppowerup=CODE -pcinit=CODE \
  -pfunctab=ENTRY -AEEDATA=00h-0FFh/02100h -peeprom_data=EEDATA -DEEDATA=2 \
  -DCODE=2 -DSTRCODE=2 -DSTRING=2 -DCONST=2 -DENTRY=2 -k \
  C:\Users\DATNGU~1\AppData\Local\Temp\s28o.o \
  dist/default/production\ADC_UART_LCD_TIMER_INTERRUPT.X.production.o 

Object code version is 3.11

Machine type is 16F877A



                Name                               Link     Load   Length Selector   Space Scale
C:\Users\DATNGU~1\AppData\Local\Temp\s28o.o
                end_init                             12       12        3        8       0
                reset_vec                             0        0        3        0       0
                config                             2007     2007        1        0       4
dist/default/production\ADC_UART_LCD_TIMER_INTERRUPT.X.production.o
                cinit                                15       15       37        8       0
                intentry                              4        4        E        8       0
                config                             2007     2007        1        0       4
                text21                              A64      A64       3B     14C8       0
                text20                              A08      A08       27     1410       0
                text19                               4C       4C      361        8       0
                text18                              F44      F44       BC     1E88       0
                text17                              B1B      B1B       46     1636       0
                text16                              59A      59A      13A        8       0
                text15                              9D7      9D7        9     13AE       0
                text14                              BB4      BB4       5B     1768       0
                text13                              B61      B61       53     16C2       0
                text12                              A2F      A2F       35     145E       0
                text11                              C6A      C6A       69     18D4       0
                text10                              D3C      D3C       6D     1A78       0
                text9                               9F3      9F3       15     13E6       0
                text8                               EA7      EA7       9D     1D4E       0
                text7                               6D4      6D4       DF        8       0
                text6                               CD3      CD3       69     19A6       0
                text5                               C0F      C0F       5B     181E       0
                text4                               7B3      7B3       46        8       0
                text3                               A9F      A9F       3C     153E       0
                text2                               E25      E25       82     1C4A       0
                text1                               DA9      DA9       7C     1B52       0
                maintext                            3AD      3AD      1ED        8       0
                cstackBANK0                          20       20       1E       20       1
                cstackCOMMON                         70       70        E       70       1
                cstackBANK1                          A0       A0       2B       A0       1
                clrtext                             9CF      9CF        8     139E       0
                inittext                            9E0      9E0       13     13C0       0
                dataBANK2                           110      110       40      110       1
                bssBANK3                            190      190       32      190       1
                bssBANK1                             CB       CB       15       A0       1
                dataBANK0                            58       58        2       20       1
                bssBANK0                             3E       3E       1A       20       1
                strings                             800      800       22     1000       0
                idataBANK2                          ADB      ADB       40     15B6       0
                idataBANK0                          7F9      7F9        2        8       0

TOTAL           Name                               Link     Load   Length     Space
        CLASS   STACK          

        CLASS   CODE           
                end_init                             12       12        3         0
                cinit                                15       15       37         0
                intentry                              4        4        E         0
                reset_vec                             0        0        3         0
                text21                              A64      A64       3B         0
                text20                              A08      A08       27         0
                text19                               4C       4C      361         0
                text18                              F44      F44       BC         0
                text17                              B1B      B1B       46         0
                text16                              59A      59A      13A         0
                text15                              9D7      9D7        9         0
                text14                              BB4      BB4       5B         0
                text13                              B61      B61       53         0
                text12                              A2F      A2F       35         0
                text11                              C6A      C6A       69         0
                text10                              D3C      D3C       6D         0
                text9                               9F3      9F3       15         0
                text8                               EA7      EA7       9D         0
                text7                               6D4      6D4       DF         0
                text6                               CD3      CD3       69         0
                text5                               C0F      C0F       5B         0
                text4                               7B3      7B3       46         0
                text3                               A9F      A9F       3C         0
                text2                               E25      E25       82         0
                text1                               DA9      DA9       7C         0
                maintext                            3AD      3AD      1ED         0
                clrtext                             9CF      9CF        8         0
                inittext                            9E0      9E0       13         0
                idataBANK2                          ADB      ADB       40         0
                idataBANK0                          7F9      7F9        2         0

        CLASS   STRCODE        

        CLASS   STRING         
                strings                             800      800       22         0

        CLASS   CONST          

        CLASS   ENTRY          

        CLASS   COMMON         
                cstackCOMMON                         70       70        E         1

        CLASS   BANK0          
                cstackBANK0                          20       20       1E         1
                dataBANK0                            58       58        2         1
                bssBANK0                             3E       3E       1A         1

        CLASS   BANK1          
                cstackBANK1                          A0       A0       2B         1
                bssBANK1                             CB       CB       15         1

        CLASS   BANK2          
                dataBANK2                           110      110       40         1

        CLASS   BANK3          
                bssBANK3                            190      190       32         1

        CLASS   RAM            

        CLASS   ABS1           
                abs_s1                               7E       7E        2         1

        CLASS   SFR0           

        CLASS   SFR1           

        CLASS   SFR2           

        CLASS   SFR3           

        CLASS   CONFIG         
                config                             2007     2007        1         4

        CLASS   IDLOC          

        CLASS   EEDATA         



SEGMENTS        Name                           Load    Length   Top    Selector   Space  Class     Delta

                reset_vec                      000000  000003  000003         0       0  CODE        2
                intentry                       000004  0007F7  0007FB         8       0  CODE        2
                cstackBANK0                    000020  00003A  00005A        20       1  BANK0       1
                cstackCOMMON                   000070  00000E  00007E        70       1  COMMON      1
                cstackBANK1                    0000A0  000040  0000E0        A0       1  BANK1       1
                dataBANK2                      000110  000040  000150       110       1  BANK2       1
                bssBANK3                       000190  000032  0001C2       190       1  BANK3       1
                strings                        000800  000022  000822      1000       0  STRING      2
                clrtext                        0009CF  000008  0009D7      139E       0  CODE        2
                text15                         0009D7  000009  0009E0      13AE       0  CODE        2
                inittext                       0009E0  000013  0009F3      13C0       0  CODE        2
                text9                          0009F3  000015  000A08      13E6       0  CODE        2
                text20                         000A08  000027  000A2F      1410       0  CODE        2
                text12                         000A2F  000035  000A64      145E       0  CODE        2
                text21                         000A64  00003B  000A9F      14C8       0  CODE        2
                text3                          000A9F  00003C  000ADB      153E       0  CODE        2
                idataBANK2                     000ADB  000040  000B1B      15B6       0  CODE        2
                text17                         000B1B  000046  000B61      1636       0  CODE        2
                text13                         000B61  000053  000BB4      16C2       0  CODE        2
                text14                         000BB4  00005B  000C0F      1768       0  CODE        2
                text5                          000C0F  00005B  000C6A      181E       0  CODE        2
                text11                         000C6A  000069  000CD3      18D4       0  CODE        2
                text6                          000CD3  000069  000D3C      19A6       0  CODE        2
                text10                         000D3C  00006D  000DA9      1A78       0  CODE        2
                text1                          000DA9  00007C  000E25      1B52       0  CODE        2
                text2                          000E25  000082  000EA7      1C4A       0  CODE        2
                text8                          000EA7  00009D  000F44      1D4E       0  CODE        2
                text18                         000F44  0000BC  001000      1E88       0  CODE        2


UNUSED ADDRESS RANGES

        Name                Unused          Largest block    Delta
        BANK0            005A-006F             16           1
        BANK1            00E0-00EF             10           1
        BANK2            0150-016F             20           1
        BANK3            01C2-01EF             2E           1
        CODE             0003-0003              1           2
                         07FB-07FF              5
                         0822-09CE            1AD
                         1000-1FFF            800
        CONST            0003-0003              1           2
                         07FB-07FF              5
                         0822-09CE             DE
                         1000-1FFF            100
        EEDATA           2100-21FF            100           2
        ENTRY            0003-0003              1           2
                         07FB-07FF              5
                         0822-09CE             DE
                         1000-1FFF            100
        IDLOC            2000-2003              4           2
        RAM              005A-006F             16           1
                         00E0-00EF             10
                         0150-016F             20
                         01C2-01EF             2E
        SFR0             0000-001F             20           1
        SFR1             0080-009F             20           1
        SFR2             0100-010F             10           1
        SFR3             0180-018F             10           1
        STACK            01C2-01EF             2E           1
        STRCODE          0003-0003              1           2
                         07FB-07FF              5
                         0822-09CE            1AD
                         1000-1FFF           1000
        STRING           0003-0003              1           2
                         07FB-07FF              5
                         0822-09CE             DE
                         1000-1FFF            100

                                  Symbol Table

?_ADC_Read                cstackCOMMON 0070
?__Umul8_16               cstackCOMMON 0070
?___aldiv                 cstackBANK1  00A0
?___awdiv                 cstackBANK1  00A0
?___awmod                 cstackBANK1  00A0
?___flmul                 cstackBANK0  0020
?___fltol                 cstackBANK1  00A0
?___lwdiv                 cstackBANK1  00A5
?___lwmod                 cstackBANK1  00A0
?___xxtofl                cstackCOMMON 0077
?_strncmp                 cstackCOMMON 0070
ADC_Read@Channel          cstackCOMMON 0076
ADC_Read@value            cstackCOMMON 0074
ISR@ch                    cstackBANK0  003D
LCDBusyLoop@busy          cstackBANK1  00A1
LCDBusyLoop@status        cstackBANK1  00A3
LCDBusyLoop@temp          cstackBANK1  00A2
LCDByte@c                 cstackBANK1  00A8
LCDByte@hn                cstackBANK1  00A6
LCDByte@isdata            cstackBANK1  00A4
LCDByte@ln                cstackBANK1  00A7
LCDByte@temp              cstackBANK1  00A9
LCDGotoXY@x               cstackBANK1  00AD
LCDGotoXY@y               cstackBANK1  00AA
LCDInit@__i               cstackBANK1  00AD
LCDInit@style             cstackBANK1  00AC
LCDWriteString@cc         cstackBANK1  00AA
LCDWriteString@msg        cstackBANK1  00AB
UART_Init@baudrate        cstackBANK1  00AF
UART_Init@x               cstackBANK1  00BF
UART_Write_data@Value     cstackBANK1  00AE
UART_Write_data@i         cstackBANK1  00B1
UART_Write_data@k         cstackBANK1  00AF
_ADCON0                   (abs)        001F
_ADCON1                   (abs)        009F
_ADC_Init                 text15       09D7
_ADC_Read                 text21       0A64
_ADON                     (abs)        00F8
_ADRESH                   (abs)        001E
_ADRESL                   (abs)        009E
_BRGH                     (abs)        04C2
_CHS0                     (abs)        00FB
_CHS1                     (abs)        00FC
_CHS2                     (abs)        00FD
_CREN                     (abs)        00C4
_GIE                      (abs)        005F
_GO_DONE                  (abs)        00FA
_ISR                      text16       059A
_LCDBusyLoop              text14       0BB4
_LCDByte                  text13       0B61
_LCDGotoXY                text12       0A2F
_LCDInit                  text11       0C6A
_LCDWriteString           text10       0D3C
_OERR                     (abs)        00C1
_PEIE                     (abs)        005E
_PORTD                    (abs)        0008
_PORTEbits                (abs)        0009
_RCIE                     (abs)        0465
_RCIF                     (abs)        0065
_RCREG                    (abs)        001A
_RD4                      (abs)        0044
_RD5                      (abs)        0045
_RD6                      (abs)        0046
_RX9                      (abs)        00C6
_SPBRG                    (abs)        0099
_SPEN                     (abs)        00C7
_SYNC                     (abs)        04C4
_T1CKPS0                  (abs)        0084
_T1CKPS1                  (abs)        0085
_T1OSCEN                  (abs)        0083
_T1SYNC                   (abs)        0082
_TIMER1_Init              text9        09F3
_TMR1                     (abs)        000E
_TMR1CS                   (abs)        0081
_TMR1IE                   (abs)        0460
_TMR1IF                   (abs)        0060
_TMR1ON                   (abs)        0080
_TRISC6                   (abs)        043E
_TRISC7                   (abs)        043F
_TRISD                    (abs)        0088
_TRISDbits                (abs)        0088
_TRISEbits                (abs)        0089
_TRMT                     (abs)        04C1
_TX9                      (abs)        04C6
_TXEN                     (abs)        04C5
_TXREG                    (abs)        0019
_UART_Init                text7        06D4
_UART_Write_data          text2        0E25
__Habs1                   abs1         0000
__Hbank0                  bank0        0000
__Hbank1                  bank1        0000
__Hbank2                  bank2        0000
__Hbank3                  bank3        0000
__HbssBANK0               bssBANK0     0000
__HbssBANK1               bssBANK1     0000
__HbssBANK3               bssBANK3     0000
__Hcinit                  cinit        004C
__Hclrtext                clrtext      0000
__Hcode                   code         0000
__Hcommon                 common       0000
__Hconfig                 config       2008
__HcstackBANK0            cstackBANK0  0000
__HcstackBANK1            cstackBANK1  0000
__HcstackCOMMON           cstackCOMMON 0000
__HdataBANK0              dataBANK0    0000
__HdataBANK2              dataBANK2    0000
__Heeprom_data            eeprom_data  0000
__Hend_init               end_init     0015
__Hfunctab                functab      0000
__HidataBANK0             idataBANK0   0000
__HidataBANK2             idataBANK2   0000
__Hinit                   init         0012
__Hinittext               inittext     0000
__Hintentry               intentry     0012
__Hmaintext               maintext     0000
__Hpowerup                powerup      0000
__Hram                    ram          0000
__Hreset_vec              reset_vec    0003
__Hsfr0                   sfr0         0000
__Hsfr1                   sfr1         0000
__Hsfr2                   sfr2         0000
__Hsfr3                   sfr3         0000
__Hspace_0                (abs)        1000
__Hspace_1                (abs)        01C2
__Hspace_2                (abs)        0000
__Hspace_3                (abs)        0000
__Hspace_4                (abs)        400F
__Hstack                  stack        0000
__Hstrings                strings      0000
__Htext                   text         0000
__Labs1                   abs1         0000
__Lbank0                  bank0        0000
__Lbank1                  bank1        0000
__Lbank2                  bank2        0000
__Lbank3                  bank3        0000
__LbssBANK0               bssBANK0     0000
__LbssBANK1               bssBANK1     0000
__LbssBANK3               bssBANK3     0000
__Lcinit                  cinit        0015
__Lclrtext                clrtext      0000
__Lcode                   code         0000
__Lcommon                 common       0000
__Lconfig                 config       0000
__LcstackBANK0            cstackBANK0  0000
__LcstackBANK1            cstackBANK1  0000
__LcstackCOMMON           cstackCOMMON 0000
__LdataBANK0              dataBANK0    0000
__LdataBANK2              dataBANK2    0000
__Leeprom_data            eeprom_data  0000
__Lend_init               end_init     0012
__Lfunctab                functab      0000
__LidataBANK0             idataBANK0   0000
__LidataBANK2             idataBANK2   0000
__Linit                   init         0012
__Linittext               inittext     0000
__Lintentry               intentry     0004
__Lmaintext               maintext     0000
__Lpowerup                powerup      0000
__Lram                    ram          0000
__Lreset_vec              reset_vec    0000
__Lsfr0                   sfr0         0000
__Lsfr1                   sfr1         0000
__Lsfr2                   sfr2         0000
__Lsfr3                   sfr3         0000
__Lspace_0                (abs)        0000
__Lspace_1                (abs)        0000
__Lspace_2                (abs)        0000
__Lspace_3                (abs)        0000
__Lspace_4                (abs)        0000
__Lstack                  stack        0000
__Lstrings                strings      0000
__Ltext                   text         0000
__S0                      (abs)        1000
__S1                      (abs)        01C2
__S2                      (abs)        0000
__S3                      (abs)        0000
__Umul8_16                text20       0A08
__Umul8_16@multiplicand   cstackCOMMON 0070
__Umul8_16@multiplier     cstackCOMMON 0078
__Umul8_16@product        cstackCOMMON 0074
__Umul8_16@word_mpld      cstackCOMMON 0076
___aldiv                  text8        0EA7
___aldiv@counter          cstackBANK1  00A9
___aldiv@dividend         cstackBANK1  00A4
___aldiv@divisor          cstackBANK1  00A0
___aldiv@quotient         cstackBANK1  00AB
___aldiv@sign             cstackBANK1  00AA
___awdiv                  text6        0CD3
___awdiv@counter          cstackBANK1  00A4
___awdiv@dividend         cstackBANK1  00A2
___awdiv@divisor          cstackBANK1  00A0
___awdiv@quotient         cstackBANK1  00A6
___awdiv@sign             cstackBANK1  00A5
___awmod                  text5        0C0F
___awmod@counter          cstackBANK1  00A4
___awmod@dividend         cstackBANK1  00A2
___awmod@divisor          cstackBANK1  00A0
___awmod@sign             cstackBANK1  00A5
___cgram                  dataBANK2    0110
___flmul                  text19       004C
___flmul@a                cstackBANK0  0024
___flmul@aexp             cstackBANK0  002D
___flmul@b                cstackBANK0  0020
___flmul@bexp             cstackBANK0  002E
___flmul@grs              cstackBANK0  0029
___flmul@prod             cstackBANK0  002F
___flmul@sign             cstackBANK0  0028
___flmul@temp             cstackBANK0  0033
___fltol                  text1        0DA9
___fltol@exp1             cstackBANK1  00A9
___fltol@f1               cstackBANK1  00A0
___fltol@sign1            cstackBANK1  00A8
___int_sp                 stack        0000
___latbits                (abs)        0002
___lwdiv                  text4        07B3
___lwdiv@counter          cstackBANK1  00A9
___lwdiv@dividend         cstackBANK1  00A7
___lwdiv@divisor          cstackBANK1  00A5
___lwdiv@quotient         cstackBANK1  00AA
___lwmod                  text3        0A9F
___lwmod@counter          cstackBANK1  00A4
___lwmod@dividend         cstackBANK1  00A2
___lwmod@divisor          cstackBANK1  00A0
___sp                     stack        0000
___stackhi                (abs)        0000
___stacklo                (abs)        0000
___xxtofl                 text18       0F44
___xxtofl@arg             cstackBANK0  0026
___xxtofl@exp             cstackBANK0  0025
___xxtofl@sign            cstackBANK0  0024
___xxtofl@val             cstackCOMMON 0077
__end_of_ADC_Init         text15       09E0
__end_of_ADC_Read         text21       0A9F
__end_of_ISR              text16       06D4
__end_of_LCDBusyLoop      text14       0C0F
__end_of_LCDByte          text13       0BB4
__end_of_LCDGotoXY        text12       0A64
__end_of_LCDInit          text11       0CD3
__end_of_LCDWriteString   text10       0DA9
__end_of_TIMER1_Init      text9        0A08
__end_of_UART_Init        text7        07B3
__end_of_UART_Write_data  text2        0EA7
__end_of__Umul8_16        text20       0A2F
__end_of___aldiv          text8        0F44
__end_of___awdiv          text6        0D3C
__end_of___awmod          text5        0C6A
__end_of___flmul          text19       03AD
__end_of___fltol          text1        0E25
__end_of___lwdiv          text4        07F9
__end_of___lwmod          text3        0ADB
__end_of___xxtofl         text18       1000
__end_of__initialization  cinit        0048
__end_of__stringtab       strings      0806
__end_of_main             maintext     059A
__end_of_strncmp          text17       0B61
__initialization          cinit        0015
__pbssBANK0               bssBANK0     003E
__pbssBANK1               bssBANK1     00CB
__pbssBANK3               bssBANK3     0190
__pcstackBANK0            cstackBANK0  0020
__pcstackBANK1            cstackBANK1  00A0
__pcstackCOMMON           cstackCOMMON 0070
__pdataBANK0              dataBANK0    0058
__pdataBANK2              dataBANK2    0110
__pidataBANK0             idataBANK0   07F9
__pidataBANK2             idataBANK2   0ADB
__pintentry               intentry     0004
__pmaintext               maintext     03AD
__pstrings                strings      0800
__ptext1                  text1        0DA9
__ptext10                 text10       0D3C
__ptext11                 text11       0C6A
__ptext12                 text12       0A2F
__ptext13                 text13       0B61
__ptext14                 text14       0BB4
__ptext15                 text15       09D7
__ptext16                 text16       059A
__ptext17                 text17       0B1B
__ptext18                 text18       0F44
__ptext19                 text19       004C
__ptext2                  text2        0E25
__ptext20                 text20       0A08
__ptext21                 text21       0A64
__ptext3                  text3        0A9F
__ptext4                  text4        07B3
__ptext5                  text5        0C0F
__ptext6                  text6        0CD3
__ptext7                  text7        06D4
__ptext8                  text8        0EA7
__ptext9                  text9        09F3
__size_of_ADC_Init        (abs)        0000
__size_of_ADC_Read        (abs)        0000
__size_of_ISR             (abs)        0000
__size_of_LCDBusyLoop     (abs)        0000
__size_of_LCDByte         (abs)        0000
__size_of_LCDGotoXY       (abs)        0000
__size_of_LCDInit         (abs)        0000
__size_of_LCDWriteString  (abs)        0000
__size_of_TIMER1_Init     (abs)        0000
__size_of_UART_Init       (abs)        0000
__size_of_UART_Write_data (abs)        0000
__size_of__Umul8_16       (abs)        0000
__size_of___aldiv         (abs)        0000
__size_of___awdiv         (abs)        0000
__size_of___awmod         (abs)        0000
__size_of___flmul         (abs)        0000
__size_of___fltol         (abs)        0000
__size_of___lwdiv         (abs)        0000
__size_of___lwmod         (abs)        0000
__size_of___xxtofl        (abs)        0000
__size_of_main            (abs)        0000
__size_of_strncmp         (abs)        0000
__stringbase              strings      0805
__stringtab               strings      0800
_adc_ok                   bssBANK1     00DF
_check_sang               bssBANK0     004F
_commbuffer               bssBANK1     00CB
_count                    bssBANK0     004B
_count1                   bssBANK1     00DD
_dienap                   bssBANK0     003E
_do_dienap                bssBANK0     0051
_dong                     bssBANK0     0042
_in_buffer                bssBANK0     0052
_in_count                 bssBANK0     0050
_main                     maintext     03AD
_main$911                 cstackBANK1  00C4
_strncmp                  text17       0B1B
btemp                     (abs)        007E
clear_ram0                clrtext      09CF
end_of_initialization     cinit        0048
init_fetch0               inittext     09E0
init_ram0                 inittext     09E4
interrupt_function        intentry     0004
intlevel0                 functab      0000
intlevel1                 functab      0000
intlevel2                 functab      0000
intlevel3                 functab      0000
intlevel4                 functab      0000
intlevel5                 functab      0000
main@adc_value            cstackBANK1  00C9
main@digit                cstackBANK1  00C6
reset_vec                 reset_vec    0000
saved_w                   (abs)        007E
start                     init         0012
start_initialization      cinit        0015
strncmp@len               cstackCOMMON 0071
strncmp@s1                cstackCOMMON 0075
strncmp@s2                cstackCOMMON 0070
wtemp0                    (abs)        007E


FUNCTION INFORMATION:

 *************** function _main *****************
 Defined at:
		line 109 in file "main.c"
 Parameters:    Size  Location     Type
		None
 Auto vars:     Size  Location     Type
  digit           3   38[BANK1 ] unsigned char [3]
  adc_value       2   41[BANK1 ] unsigned int 
 Return value:  Size  Location     Type
                  1    wreg      void 
 Registers used:
		wreg, fsr0l, fsr0h, status,2, status,0, btemp+1, pclath, cstack
 Tracked objects:
		On entry : 
		On exit  : 
		Unchanged: 
 Data sizes:     COMMON   BANK0   BANK1   BANK3   BANK2
      Params:         0       0       0       0       0
      Locals:         0       0       7       0       0
      Temps:          0       0       3       0       0
      Totals:         0       0      10       0       0
Total ram usage:       10 bytes
 Hardware stack levels required when called:    6
 This function calls:
		_ADC_Init
		_LCDByte
		_LCDGotoXY
		_LCDInit
		_LCDWriteString
		_TIMER1_Init
		_UART_Init
		_UART_Write_data
		___fltol
		___lwdiv
		___lwmod
 This function is called by:
		Startup code after reset
 This function uses a non-reentrant model


 *************** function ___fltol *****************
 Defined at:
		line 43 in file "C:\Program Files\Microchip\xc8\v2.20\pic\sources\c90\common\fltol.c"
 Parameters:    Size  Location     Type
  f1              4    0[BANK1 ] void 
 Auto vars:     Size  Location     Type
  exp1            1    9[BANK1 ] unsigned char 
  sign1           1    8[BANK1 ] unsigned char 
 Return value:  Size  Location     Type
                  4    0[BANK1 ] long 
 Registers used:
		wreg, status,2, status,0, btemp+1
 Tracked objects:
		On entry : 
		On exit  : 
		Unchanged: 
 Data sizes:     COMMON   BANK0   BANK1   BANK3   BANK2
      Params:         0       0       4       0       0
      Locals:         0       0       2       0       0
      Temps:          0       0       4       0       0
      Totals:         0       0      10       0       0
Total ram usage:       10 bytes
 Hardware stack levels used:    1
 Hardware stack levels required when called:    3
 This function calls:
		Nothing
 This function is called by:
		_main
		_display
 This function uses a non-reentrant model


 *************** function _UART_Write_data *****************
 Defined at:
		line 194 in file "main.c"
 Parameters:    Size  Location     Type
  Value           1    wreg     unsigned char 
 Auto vars:     Size  Location     Type
  Value           1   14[BANK1 ] unsigned char 
  k               2   15[BANK1 ] unsigned int 
  i               1   17[BANK1 ] unsigned char 
 Return value:  Size  Location     Type
                  1    wreg      void 
 Registers used:
		wreg, fsr0l, fsr0h, status,2, status,0, btemp+1, pclath, cstack
 Tracked objects:
		On entry : 
		On exit  : 
		Unchanged: 
 Data sizes:     COMMON   BANK0   BANK1   BANK3   BANK2
      Params:         0       0       0       0       0
      Locals:         0       0       4       0       0
      Temps:          0       0       2       0       0
      Totals:         0       0       6       0       0
Total ram usage:        6 bytes
 Hardware stack levels used:    1
 Hardware stack levels required when called:    4
 This function calls:
		___awdiv
		___awmod
		___lwdiv
		___lwmod
 This function is called by:
		_main
		_display
 This function uses a non-reentrant model


 *************** function ___lwmod *****************
 Defined at:
		line 5 in file "C:\Program Files\Microchip\xc8\v2.20\pic\sources\c90\common\lwmod.c"
 Parameters:    Size  Location     Type
  divisor         2    0[BANK1 ] unsigned int 
  dividend        2    2[BANK1 ] unsigned int 
 Auto vars:     Size  Location     Type
  counter         1    4[BANK1 ] unsigned char 
 Return value:  Size  Location     Type
                  2    0[BANK1 ] unsigned int 
 Registers used:
		wreg, status,2, status,0, btemp+1
 Tracked objects:
		On entry : 
		On exit  : 
		Unchanged: 
 Data sizes:     COMMON   BANK0   BANK1   BANK3   BANK2
      Params:         0       0       4       0       0
      Locals:         0       0       1       0       0
      Temps:          0       0       0       0       0
      Totals:         0       0       5       0       0
Total ram usage:        5 bytes
 Hardware stack levels used:    1
 Hardware stack levels required when called:    3
 This function calls:
		Nothing
 This function is called by:
		_main
		_UART_Write_data
		_display
 This function uses a non-reentrant model


 *************** function ___lwdiv *****************
 Defined at:
		line 5 in file "C:\Program Files\Microchip\xc8\v2.20\pic\sources\c90\common\lwdiv.c"
 Parameters:    Size  Location     Type
  divisor         2    5[BANK1 ] unsigned int 
  dividend        2    7[BANK1 ] unsigned int 
 Auto vars:     Size  Location     Type
  quotient        2   10[BANK1 ] unsigned int 
  counter         1    9[BANK1 ] unsigned char 
 Return value:  Size  Location     Type
                  2    5[BANK1 ] unsigned int 
 Registers used:
		wreg, status,2, status,0, btemp+1
 Tracked objects:
		On entry : 
		On exit  : 
		Unchanged: 
 Data sizes:     COMMON   BANK0   BANK1   BANK3   BANK2
      Params:         0       0       4       0       0
      Locals:         0       0       3       0       0
      Temps:          0       0       0       0       0
      Totals:         0       0       7       0       0
Total ram usage:        7 bytes
 Hardware stack levels used:    1
 Hardware stack levels required when called:    3
 This function calls:
		Nothing
 This function is called by:
		_main
		_UART_Write_data
		_display
 This function uses a non-reentrant model


 *************** function ___awmod *****************
 Defined at:
		line 5 in file "C:\Program Files\Microchip\xc8\v2.20\pic\sources\c90\common\awmod.c"
 Parameters:    Size  Location     Type
  divisor         2    0[BANK1 ] int 
  dividend        2    2[BANK1 ] int 
 Auto vars:     Size  Location     Type
  sign            1    5[BANK1 ] unsigned char 
  counter         1    4[BANK1 ] unsigned char 
 Return value:  Size  Location     Type
                  2    0[BANK1 ] int 
 Registers used:
		wreg, status,2, status,0, btemp+1
 Tracked objects:
		On entry : 
		On exit  : 
		Unchanged: 
 Data sizes:     COMMON   BANK0   BANK1   BANK3   BANK2
      Params:         0       0       4       0       0
      Locals:         0       0       2       0       0
      Temps:          0       0       0       0       0
      Totals:         0       0       6       0       0
Total ram usage:        6 bytes
 Hardware stack levels used:    1
 Hardware stack levels required when called:    3
 This function calls:
		Nothing
 This function is called by:
		_UART_Write_data
		_LCDWriteInt
 This function uses a non-reentrant model


 *************** function ___awdiv *****************
 Defined at:
		line 5 in file "C:\Program Files\Microchip\xc8\v2.20\pic\sources\c90\common\awdiv.c"
 Parameters:    Size  Location     Type
  divisor         2    0[BANK1 ] int 
  dividend        2    2[BANK1 ] int 
 Auto vars:     Size  Location     Type
  quotient        2    6[BANK1 ] int 
  sign            1    5[BANK1 ] unsigned char 
  counter         1    4[BANK1 ] unsigned char 
 Return value:  Size  Location     Type
                  2    0[BANK1 ] int 
 Registers used:
		wreg, status,2, status,0, btemp+1
 Tracked objects:
		On entry : 
		On exit  : 
		Unchanged: 
 Data sizes:     COMMON   BANK0   BANK1   BANK3   BANK2
      Params:         0       0       4       0       0
      Locals:         0       0       4       0       0
      Temps:          0       0       0       0       0
      Totals:         0       0       8       0       0
Total ram usage:        8 bytes
 Hardware stack levels used:    1
 Hardware stack levels required when called:    3
 This function calls:
		Nothing
 This function is called by:
		_UART_Write_data
		_LCDWriteInt
 This function uses a non-reentrant model


 *************** function _UART_Init *****************
 Defined at:
		line 20 in file "./uart.h"
 Parameters:    Size  Location     Type
  baudrate        4   15[BANK1 ] const long 
 Auto vars:     Size  Location     Type
  x               2   31[BANK1 ] unsigned int 
 Return value:  Size  Location     Type
                  1    wreg      unsigned char 
 Registers used:
		wreg, status,2, status,0, btemp+1, pclath, cstack
 Tracked objects:
		On entry : 
		On exit  : 
		Unchanged: 
 Data sizes:     COMMON   BANK0   BANK1   BANK3   BANK2
      Params:         0       0       4       0       0
      Locals:         0       0       2       0       0
      Temps:          0       0      12       0       0
      Totals:         0       0      18       0       0
Total ram usage:       18 bytes
 Hardware stack levels used:    1
 Hardware stack levels required when called:    4
 This function calls:
		___aldiv
 This function is called by:
		_main
 This function uses a non-reentrant model


 *************** function ___aldiv *****************
 Defined at:
		line 5 in file "C:\Program Files\Microchip\xc8\v2.20\pic\sources\c90\common\aldiv.c"
 Parameters:    Size  Location     Type
  divisor         4    0[BANK1 ] long 
  dividend        4    4[BANK1 ] long 
 Auto vars:     Size  Location     Type
  quotient        4   11[BANK1 ] long 
  sign            1   10[BANK1 ] unsigned char 
  counter         1    9[BANK1 ] unsigned char 
 Return value:  Size  Location     Type
                  4    0[BANK1 ] long 
 Registers used:
		wreg, status,2, status,0, btemp+1
 Tracked objects:
		On entry : 
		On exit  : 
		Unchanged: 
 Data sizes:     COMMON   BANK0   BANK1   BANK3   BANK2
      Params:         0       0       8       0       0
      Locals:         0       0       6       0       0
      Temps:          0       0       1       0       0
      Totals:         0       0      15       0       0
Total ram usage:       15 bytes
 Hardware stack levels used:    1
 Hardware stack levels required when called:    3
 This function calls:
		Nothing
 This function is called by:
		_UART_Init
 This function uses a non-reentrant model


 *************** function _TIMER1_Init *****************
 Defined at:
		line 174 in file "main.c"
 Parameters:    Size  Location     Type
		None
 Auto vars:     Size  Location     Type
		None
 Return value:  Size  Location     Type
                  1    wreg      void 
 Registers used:
		None
 Tracked objects:
		On entry : 
		On exit  : 
		Unchanged: 
 Data sizes:     COMMON   BANK0   BANK1   BANK3   BANK2
      Params:         0       0       0       0       0
      Locals:         0       0       0       0       0
      Temps:          0       0       0       0       0
      Totals:         0       0       0       0       0
Total ram usage:        0 bytes
 Hardware stack levels used:    1
 Hardware stack levels required when called:    3
 This function calls:
		Nothing
 This function is called by:
		_main
 This function uses a non-reentrant model


 *************** function _LCDWriteString *****************
 Defined at:
		line 210 in file "lcd_hd44780_pic16.c"
 Parameters:    Size  Location     Type
  msg             1    wreg     PTR const unsigned char 
		 -> STR_7(4), STR_6(4), STR_5(4), STR_4(4), 
		 -> STR_3(11), 
 Auto vars:     Size  Location     Type
  msg             1   11[BANK1 ] PTR const unsigned char 
		 -> STR_7(4), STR_6(4), STR_5(4), STR_4(4), 
		 -> STR_3(11), 
  cc              1   10[BANK1 ] char 
 Return value:  Size  Location     Type
                  1    wreg      void 
 Registers used:
		wreg, fsr0l, fsr0h, status,2, status,0, btemp+1, pclath, cstack
 Tracked objects:
		On entry : 
		On exit  : 
		Unchanged: 
 Data sizes:     COMMON   BANK0   BANK1   BANK3   BANK2
      Params:         0       0       0       0       0
      Locals:         0       0       2       0       0
      Temps:          0       0       0       0       0
      Totals:         0       0       2       0       0
Total ram usage:        2 bytes
 Hardware stack levels used:    1
 Hardware stack levels required when called:    5
 This function calls:
		_LCDByte
 This function is called by:
		_main
		_display
 This function uses a non-reentrant model


 *************** function _LCDInit *****************
 Defined at:
		line 152 in file "lcd_hd44780_pic16.c"
 Parameters:    Size  Location     Type
  style           1    wreg     unsigned char 
 Auto vars:     Size  Location     Type
  style           1   12[BANK1 ] unsigned char 
  __i             1   13[BANK1 ] unsigned char 
 Return value:  Size  Location     Type
                  1    wreg      void 
 Registers used:
		wreg, fsr0l, fsr0h, status,2, status,0, btemp+1, pclath, cstack
 Tracked objects:
		On entry : 
		On exit  : 
		Unchanged: 
 Data sizes:     COMMON   BANK0   BANK1   BANK3   BANK2
      Params:         0       0       0       0       0
      Locals:         0       0       2       0       0
      Temps:          0       0       2       0       0
      Totals:         0       0       4       0       0
Total ram usage:        4 bytes
 Hardware stack levels used:    1
 Hardware stack levels required when called:    5
 This function calls:
		_LCDBusyLoop
		_LCDByte
 This function is called by:
		_main
 This function uses a non-reentrant model


 *************** function _LCDGotoXY *****************
 Defined at:
		line 311 in file "lcd_hd44780_pic16.c"
 Parameters:    Size  Location     Type
  x               1    wreg     unsigned char 
  y               1   10[BANK1 ] unsigned char 
 Auto vars:     Size  Location     Type
  x               1   13[BANK1 ] unsigned char 
 Return value:  Size  Location     Type
                  1    wreg      void 
 Registers used:
		wreg, fsr0l, fsr0h, status,2, status,0, btemp+1, pclath, cstack
 Tracked objects:
		On entry : 
		On exit  : 
		Unchanged: 
 Data sizes:     COMMON   BANK0   BANK1   BANK3   BANK2
      Params:         0       0       1       0       0
      Locals:         0       0       1       0       0
      Temps:          0       0       2       0       0
      Totals:         0       0       4       0       0
Total ram usage:        4 bytes
 Hardware stack levels used:    1
 Hardware stack levels required when called:    5
 This function calls:
		_LCDByte
 This function is called by:
		_main
		_display
 This function uses a non-reentrant model


 *************** function _LCDByte *****************
 Defined at:
		line 39 in file "lcd_hd44780_pic16.c"
 Parameters:    Size  Location     Type
  c               1    wreg     unsigned char 
  isdata          1    4[BANK1 ] unsigned char 
 Auto vars:     Size  Location     Type
  c               1    8[BANK1 ] unsigned char 
  temp            1    9[BANK1 ] unsigned char 
  ln              1    7[BANK1 ] unsigned char 
  hn              1    6[BANK1 ] unsigned char 
 Return value:  Size  Location     Type
                  1    wreg      void 
 Registers used:
		wreg, status,2, status,0, btemp+1, pclath, cstack
 Tracked objects:
		On entry : 
		On exit  : 
		Unchanged: 
 Data sizes:     COMMON   BANK0   BANK1   BANK3   BANK2
      Params:         0       0       1       0       0
      Locals:         0       0       4       0       0
      Temps:          0       0       1       0       0
      Totals:         0       0       6       0       0
Total ram usage:        6 bytes
 Hardware stack levels used:    1
 Hardware stack levels required when called:    4
 This function calls:
		_LCDBusyLoop
 This function is called by:
		_main
		_LCDInit
		_LCDWriteString
		_LCDGotoXY
		_display
		_LCDWriteInt
 This function uses a non-reentrant model


 *************** function _LCDBusyLoop *****************
 Defined at:
		line 94 in file "lcd_hd44780_pic16.c"
 Parameters:    Size  Location     Type
		None
 Auto vars:     Size  Location     Type
  status          1    3[BANK1 ] unsigned char 
  temp            1    2[BANK1 ] unsigned char 
  busy            1    1[BANK1 ] unsigned char 
 Return value:  Size  Location     Type
                  1    wreg      void 
 Registers used:
		wreg, status,2, status,0, btemp+1
 Tracked objects:
		On entry : 
		On exit  : 
		Unchanged: 
 Data sizes:     COMMON   BANK0   BANK1   BANK3   BANK2
      Params:         0       0       0       0       0
      Locals:         0       0       3       0       0
      Temps:          0       0       1       0       0
      Totals:         0       0       4       0       0
Total ram usage:        4 bytes
 Hardware stack levels used:    1
 Hardware stack levels required when called:    3
 This function calls:
		Nothing
 This function is called by:
		_LCDByte
		_LCDInit
 This function uses a non-reentrant model


 *************** function _ADC_Init *****************
 Defined at:
		line 4 in file "./adc_thay_hai.h"
 Parameters:    Size  Location     Type
		None
 Auto vars:     Size  Location     Type
		None
 Return value:  Size  Location     Type
                  1    wreg      void 
 Registers used:
		wreg
 Tracked objects:
		On entry : 
		On exit  : 
		Unchanged: 
 Data sizes:     COMMON   BANK0   BANK1   BANK3   BANK2
      Params:         0       0       0       0       0
      Locals:         0       0       0       0       0
      Temps:          0       0       0       0       0
      Totals:         0       0       0       0       0
Total ram usage:        0 bytes
 Hardware stack levels used:    1
 Hardware stack levels required when called:    3
 This function calls:
		Nothing
 This function is called by:
		_main
 This function uses a non-reentrant model


 *************** function _ISR *****************
 Defined at:
		line 48 in file "main.c"
 Parameters:    Size  Location     Type
		None
 Auto vars:     Size  Location     Type
  ch              1   29[BANK0 ] unsigned char 
 Return value:  Size  Location     Type
                  1    wreg      void 
 Registers used:
		wreg, fsr0l, fsr0h, status,2, status,0, btemp+1, pclath, cstack
 Tracked objects:
		On entry : 
		On exit  : 
		Unchanged: 
 Data sizes:     COMMON   BANK0   BANK1   BANK3   BANK2
      Params:         0       0       0       0       0
      Locals:         0       1       0       0       0
      Temps:          0       8       0       0       0
      Totals:         0       9       0       0       0
Total ram usage:        9 bytes
 Hardware stack levels used:    1
 Hardware stack levels required when called:    2
 This function calls:
		_ADC_Read
		___flmul
		___xxtofl
		_strncmp
 This function is called by:
		Interrupt level 1
 This function uses a non-reentrant model


 *************** function _strncmp *****************
 Defined at:
		line 4 in file "C:\Program Files\Microchip\xc8\v2.20\pic\sources\c90\common\strncmp.c"
 Parameters:    Size  Location     Type
  s1              1    wreg     PTR const unsigned char 
		 -> in_buffer(6), 
  s2              1    0[COMMON] PTR const unsigned char 
		 -> STR_2(4), STR_1(5), 
  len             2    1[COMMON] unsigned int 
 Auto vars:     Size  Location     Type
  s1              1    5[COMMON] PTR const unsigned char 
		 -> in_buffer(6), 
 Return value:  Size  Location     Type
                  2    0[COMMON] int 
 Registers used:
		wreg, fsr0l, fsr0h, status,2, status,0, btemp+1, pclath
 Tracked objects:
		On entry : 
		On exit  : 
		Unchanged: 
 Data sizes:     COMMON   BANK0   BANK1   BANK3   BANK2
      Params:         3       0       0       0       0
      Locals:         1       0       0       0       0
      Temps:          2       0       0       0       0
      Totals:         6       0       0       0       0
Total ram usage:        6 bytes
 Hardware stack levels used:    2
 This function calls:
		Nothing
 This function is called by:
		_ISR
 This function uses a non-reentrant model


 *************** function ___xxtofl *****************
 Defined at:
		line 10 in file "C:\Program Files\Microchip\xc8\v2.20\pic\sources\c90\common\xxtofl.c"
 Parameters:    Size  Location     Type
  sign            1    wreg     unsigned char 
  val             4    7[COMMON] long 
 Auto vars:     Size  Location     Type
  sign            1    4[BANK0 ] unsigned char 
  arg             4    6[BANK0 ] unsigned long 
  exp             1    5[BANK0 ] unsigned char 
 Return value:  Size  Location     Type
                  4    7[COMMON] unsigned char 
 Registers used:
		wreg, status,2, status,0, btemp+1
 Tracked objects:
		On entry : 
		On exit  : 
		Unchanged: 
 Data sizes:     COMMON   BANK0   BANK1   BANK3   BANK2
      Params:         4       0       0       0       0
      Locals:         0       6       0       0       0
      Temps:          0       4       0       0       0
      Totals:         4      10       0       0       0
Total ram usage:       14 bytes
 Hardware stack levels used:    1
 This function calls:
		Nothing
 This function is called by:
		_ISR
 This function uses a non-reentrant model


 *************** function ___flmul *****************
 Defined at:
		line 8 in file "C:\Program Files\Microchip\xc8\v2.20\pic\sources\c90\common\sprcmul.c"
 Parameters:    Size  Location     Type
  b               4    0[BANK0 ] unsigned char 
  a               4    4[BANK0 ] unsigned char 
 Auto vars:     Size  Location     Type
  prod            4   15[BANK0 ] struct .
  grs             4    9[BANK0 ] unsigned long 
  temp            2   19[BANK0 ] struct .
  bexp            1   14[BANK0 ] unsigned char 
  aexp            1   13[BANK0 ] unsigned char 
  sign            1    8[BANK0 ] unsigned char 
 Return value:  Size  Location     Type
                  4    0[BANK0 ] unsigned char 
 Registers used:
		wreg, status,2, status,0, btemp+1, pclath, cstack
 Tracked objects:
		On entry : 
		On exit  : 
		Unchanged: 
 Data sizes:     COMMON   BANK0   BANK1   BANK3   BANK2
      Params:         0       8       0       0       0
      Locals:         0      13       0       0       0
      Temps:          5       0       0       0       0
      Totals:         5      21       0       0       0
Total ram usage:       26 bytes
 Hardware stack levels used:    1
 Hardware stack levels required when called:    1
 This function calls:
		__Umul8_16
 This function is called by:
		_ISR
 This function uses a non-reentrant model


 *************** function __Umul8_16 *****************
 Defined at:
		line 4 in file "C:\Program Files\Microchip\xc8\v2.20\pic\sources\c90\common\Umul8_16.c"
 Parameters:    Size  Location     Type
  multiplier      1    wreg     unsigned char 
  multiplicand    1    0[COMMON] unsigned char 
 Auto vars:     Size  Location     Type
  multiplier      1    8[COMMON] unsigned char 
  word_mpld       2    6[COMMON] unsigned int 
  product         2    4[COMMON] unsigned int 
 Return value:  Size  Location     Type
                  2    0[COMMON] unsigned int 
 Registers used:
		wreg, status,2, status,0
 Tracked objects:
		On entry : 
		On exit  : 
		Unchanged: 
 Data sizes:     COMMON   BANK0   BANK1   BANK3   BANK2
      Params:         2       0       0       0       0
      Locals:         5       0       0       0       0
      Temps:          2       0       0       0       0
      Totals:         9       0       0       0       0
Total ram usage:        9 bytes
 Hardware stack levels used:    1
 This function calls:
		Nothing
 This function is called by:
		___flmul
 This function uses a non-reentrant model


 *************** function _ADC_Read *****************
 Defined at:
		line 11 in file "./adc_thay_hai.h"
 Parameters:    Size  Location     Type
  Channel         1    wreg     unsigned char 
 Auto vars:     Size  Location     Type
  Channel         1    6[COMMON] unsigned char 
  value           2    4[COMMON] unsigned int 
 Return value:  Size  Location     Type
                  2    0[COMMON] unsigned int 
 Registers used:
		wreg, fsr0l, fsr0h, status,2, status,0
 Tracked objects:
		On entry : 
		On exit  : 
		Unchanged: 
 Data sizes:     COMMON   BANK0   BANK1   BANK3   BANK2
      Params:         2       0       0       0       0
      Locals:         3       0       0       0       0
      Temps:          2       0       0       0       0
      Totals:         7       0       0       0       0
Total ram usage:        7 bytes
 Hardware stack levels used:    1
 This function calls:
		Nothing
 This function is called by:
		_ISR
 This function uses a non-reentrant model



MODULE INFORMATION

Module		Function		Class		Link	Load	Size
C:\Program Files\Microchip\xc8\v2.20\pic\sources\c90\common\aldiv.c
		___aldiv       		CODE           	0EA7	0000	158

C:\Program Files\Microchip\xc8\v2.20\pic\sources\c90\common\aldiv.c estimated size: 158

C:\Program Files\Microchip\xc8\v2.20\pic\sources\c90\common\Umul8_16.c
		__Umul8_16     		CODE           	0A08	0000	40

C:\Program Files\Microchip\xc8\v2.20\pic\sources\c90\common\Umul8_16.c estimated size: 40

C:\Program Files\Microchip\xc8\v2.20\pic\sources\c90\common\xxtofl.c
		___xxtofl      		CODE           	0F44	0000	189

C:\Program Files\Microchip\xc8\v2.20\pic\sources\c90\common\xxtofl.c estimated size: 189

C:\Program Files\Microchip\xc8\v2.20\pic\sources\c90\common\lwmod.c
		___lwmod       		CODE           	0A9F	0000	61

C:\Program Files\Microchip\xc8\v2.20\pic\sources\c90\common\lwmod.c estimated size: 61

./uart.h
		_UART_Init     		CODE           	06D4	0000	224

./uart.h estimated size: 224

./adc_thay_hai.h
		_ADC_Read      		CODE           	0A64	0000	60
		_ADC_Init      		CODE           	09D7	0000	10

./adc_thay_hai.h estimated size: 70

C:\Program Files\Microchip\xc8\v2.20\pic\sources\c90\common\awmod.c
		___awmod       		CODE           	0C0F	0000	92

C:\Program Files\Microchip\xc8\v2.20\pic\sources\c90\common\awmod.c estimated size: 92

shared
		__stringtab    		STRING         	0800	0000	7
		__initialization		CODE           	0015	0000	52

shared estimated size: 59

C:\Program Files\Microchip\xc8\v2.20\pic\sources\c90\common\lwdiv.c
		___lwdiv       		CODE           	07B3	0000	71

C:\Program Files\Microchip\xc8\v2.20\pic\sources\c90\common\lwdiv.c estimated size: 71

lcd_hd44780_pic16.c
		_LCDByte       		CODE           	0B61	0000	84
		_LCDInit       		CODE           	0C6A	0000	106
		_LCDWriteString		CODE           	0D3C	0000	110
		_LCDGotoXY     		CODE           	0A2F	0000	54
		_LCDBusyLoop   		CODE           	0BB4	0000	92

lcd_hd44780_pic16.c estimated size: 446

C:\Program Files\Microchip\xc8\v2.20\pic\sources\c90\common\fltol.c
		___fltol       		CODE           	0DA9	0000	125

C:\Program Files\Microchip\xc8\v2.20\pic\sources\c90\common\fltol.c estimated size: 125

C:\Program Files\Microchip\xc8\v2.20\pic\sources\c90\common\strncmp.c
		_strncmp       		CODE           	0B1B	0000	71

C:\Program Files\Microchip\xc8\v2.20\pic\sources\c90\common\strncmp.c estimated size: 71

C:\Program Files\Microchip\xc8\v2.20\pic\sources\c90\common\sprcmul.c
		___flmul       		CODE           	004C	0000	866

C:\Program Files\Microchip\xc8\v2.20\pic\sources\c90\common\sprcmul.c estimated size: 866

main.c
		_TIMER1_Init   		CODE           	09F3	0000	22
		_ISR           		CODE           	059A	0000	315
		_main          		CODE           	03AD	0000	494
		_UART_Write_data		CODE           	0E25	0000	131

main.c estimated size: 962

C:\Program Files\Microchip\xc8\v2.20\pic\sources\c90\common\awdiv.c
		___awdiv       		CODE           	0CD3	0000	106

C:\Program Files\Microchip\xc8\v2.20\pic\sources\c90\common\awdiv.c estimated size: 106

