Microchip MPLAB XC8 Compiler V2.20

Linker command line:

-W-3 --edf=C:\Program Files\Microchip\xc8\v2.20\pic\dat\en_msgs.txt -cn \
  -h+dist/default/production\traffic_light_at_crossroads.X.production.sym \
  --cmf=dist/default/production\traffic_light_at_crossroads.X.production.cmf \
  -z -Q16F877A -oC:\Users\NGUYEN~1\AppData\Local\Temp\sgb4.2 \
  --defsym=__MPLAB_BUILD=1 \
  -Mdist/default/production/traffic_light_at_crossroads.X.production.map \
  -E1 -ver=XC8 Compiler --acfsm=1493 -ASTACK=0110h-016Fh -pstack=STACK \
  -ACODE=00h-07FFhx4 -ASTRCODE=00h-01FFFh -ASTRING=00h-0FFhx32 \
  -ACONST=00h-0FFhx32 -AENTRY=00h-0FFhx32 -ACOMMON=070h-07Fh \
  -ABANK0=020h-06Fh -ABANK1=0A0h-0EFh -ABANK2=0110h-016Fh \
  -ABANK3=0190h-01EFh -ARAM=020h-06Fh,0A0h-0EFh,0110h-016Fh,0190h-01EFh \
  -AABS1=020h-07Fh,0A0h-0EFh,0110h-016Fh,0190h-01EFh -ASFR0=00h-01Fh \
  -ASFR1=080h-09Fh -ASFR2=0100h-010Fh -ASFR3=0180h-018Fh \
  -ACONFIG=02007h-02007h -DCONFIG=2 -AIDLOC=02000h-02003h -DIDLOC=2 \
  -preset_vec=00h,intentry,init,end_init -ppowerup=CODE -pcinit=CODE \
  -pfunctab=ENTRY -AEEDATA=00h-0FFh/02100h -peeprom_data=EEDATA -DEEDATA=2 \
  -DCODE=2 -DSTRCODE=2 -DSTRING=2 -DCONST=2 -DENTRY=2 -k \
  C:\Users\NGUYEN~1\AppData\Local\Temp\sgb4.o \
  dist/default/production\traffic_light_at_crossroads.X.production.o 

Object code version is 3.11

Machine type is 16F877A



                Name                               Link     Load   Length Selector   Space Scale
C:\Users\NGUYEN~1\AppData\Local\Temp\sgb4.o
                end_init                              0        0        3        0       0
                config                             2007     2007        1        0       4
dist/default/production\traffic_light_at_crossroads.X.production.o
                cinit                               7E2      7E2       1E      FC4       0
                config                             2007     2007        1        0       4
                text8                               448      448       2A      890       0
                text7                               472      472       56      8E4       0
                text6                               40B      40B        A      816       0
                text5                               521      521       67      A42       0
                text4                               4C8      4C8       59      990       0
                text3                               588      588       C0      B10       0
                text2                               70F      70F       D3      E1E       0
                text1                               415      415        C      82A       0
                maintext                            648      648       C7      C90       0
                cstackBANK0                          40       40        9       20       1
                cstackCOMMON                         70       70        D       70       1
                inittext                            421      421       13      842       0
                dataBANK0                            20       20       14       20       1
                bssBANK0                             34       34        C       20       1
                idataBANK0                          434      434       14      868       0

TOTAL           Name                               Link     Load   Length     Space
        CLASS   STACK          

        CLASS   CODE           
                end_init                              0        0        3         0
                cinit                               7E2      7E2       1E         0
                text8                               448      448       2A         0
                text7                               472      472       56         0
                text6                               40B      40B        A         0
                text5                               521      521       67         0
                text4                               4C8      4C8       59         0
                text3                               588      588       C0         0
                text2                               70F      70F       D3         0
                text1                               415      415        C         0
                maintext                            648      648       C7         0
                inittext                            421      421       13         0
                idataBANK0                          434      434       14         0

        CLASS   STRCODE        

        CLASS   STRING         

        CLASS   CONST          

        CLASS   ENTRY          

        CLASS   COMMON         
                cstackCOMMON                         70       70        D         1

        CLASS   BANK0          
                cstackBANK0                          40       40        9         1
                dataBANK0                            20       20       14         1
                bssBANK0                             34       34        C         1

        CLASS   BANK1          

        CLASS   BANK2          

        CLASS   BANK3          

        CLASS   RAM            

        CLASS   ABS1           
                abs_s1                               7E       7E        2         1

        CLASS   SFR0           

        CLASS   SFR1           

        CLASS   SFR2           

        CLASS   SFR3           

        CLASS   CONFIG         
                config                             2007     2007        1         4

        CLASS   IDLOC          

        CLASS   EEDATA         



SEGMENTS        Name                           Load    Length   Top    Selector   Space  Class     Delta

                reset_vec                      000000  000003  000003         0       0  CODE        2
                dataBANK0                      000020  000029  000049        20       1  BANK0       1
                cstackCOMMON                   000070  00000D  00007D        70       1  COMMON      1
                text6                          00040B  00000A  000415       816       0  CODE        2
                text1                          000415  00000C  000421       82A       0  CODE        2
                inittext                       000421  000013  000434       842       0  CODE        2
                idataBANK0                     000434  000014  000448       868       0  CODE        2
                text8                          000448  00002A  000472       890       0  CODE        2
                text7                          000472  000056  0004C8       8E4       0  CODE        2
                text4                          0004C8  000059  000521       990       0  CODE        2
                text5                          000521  000067  000588       A42       0  CODE        2
                text3                          000588  0000C0  000648       B10       0  CODE        2
                maintext                       000648  0000C7  00070F       C90       0  CODE        2
                text2                          00070F  0000D3  0007E2       E1E       0  CODE        2
                cinit                          0007E2  00001E  000800       FC4       0  CODE        2


UNUSED ADDRESS RANGES

        Name                Unused          Largest block    Delta
        BANK0            0049-006F             27           1
        BANK1            00A0-00EF             50           1
        BANK2            0110-016F             60           1
        BANK3            0190-01EF             60           1
        CODE             0003-040A            408           2
                         0800-1FFF            800
        COMMON           007D-007D              1           1
        CONST            0003-040A            100           2
                         0800-1FFF            100
        EEDATA           2100-21FF            100           2
        ENTRY            0003-040A            100           2
                         0800-1FFF            100
        IDLOC            2000-2003              4           2
        RAM              0049-006F             27           1
                         00A0-00EF             50
                         0110-016F             60
                         0190-01EF             60
        SFR0             0000-001F             20           1
        SFR1             0080-009F             20           1
        SFR2             0100-010F             10           1
        SFR3             0180-018F             10           1
        STACK            0110-016F             60           1
        STRCODE          0003-040A            408           2
                         0800-1FFF           1800
        STRING           0003-040A            100           2
                         0800-1FFF            100

                                  Symbol Table

?___awdiv                cstackCOMMON 0070
?___awmod                cstackCOMMON 0070
_ADCON1                  (abs)        009F
_PORTAbits               (abs)        0005
_PORTBbits               (abs)        0006
_PORTCbits               (abs)        0007
_PORTD                   (abs)        0008
_TRISAbits               (abs)        0085
_TRISBbits               (abs)        0086
_TRISCbits               (abs)        0087
_TRISD                   (abs)        0088
__Habs1                  abs1         0000
__Hbank0                 bank0        0000
__Hbank1                 bank1        0000
__Hbank2                 bank2        0000
__Hbank3                 bank3        0000
__HbssBANK0              bssBANK0     0000
__Hcinit                 cinit        0800
__Hclrtext               clrtext      0000
__Hcode                  code         0000
__Hcommon                common       0000
__Hconfig                config       2008
__HcstackBANK0           cstackBANK0  0000
__HcstackCOMMON          cstackCOMMON 0000
__HdataBANK0             dataBANK0    0000
__Heeprom_data           eeprom_data  0000
__Hend_init              end_init     0003
__Hfunctab               functab      0000
__HidataBANK0            idataBANK0   0000
__Hinit                  init         0000
__Hinittext              inittext     0000
__Hintentry              intentry     0000
__Hmaintext              maintext     0000
__Hpowerup               powerup      0000
__Hram                   ram          0000
__Hreset_vec             reset_vec    0000
__Hsfr0                  sfr0         0000
__Hsfr1                  sfr1         0000
__Hsfr2                  sfr2         0000
__Hsfr3                  sfr3         0000
__Hspace_0               (abs)        0800
__Hspace_1               (abs)        007D
__Hspace_2               (abs)        0000
__Hspace_3               (abs)        0000
__Hspace_4               (abs)        400F
__Hstack                 stack        0000
__Hstrings               strings      0000
__Htext                  text         0000
__Labs1                  abs1         0000
__Lbank0                 bank0        0000
__Lbank1                 bank1        0000
__Lbank2                 bank2        0000
__Lbank3                 bank3        0000
__LbssBANK0              bssBANK0     0000
__Lcinit                 cinit        07E2
__Lclrtext               clrtext      0000
__Lcode                  code         0000
__Lcommon                common       0000
__Lconfig                config       0000
__LcstackBANK0           cstackBANK0  0000
__LcstackCOMMON          cstackCOMMON 0000
__LdataBANK0             dataBANK0    0000
__Leeprom_data           eeprom_data  0000
__Lend_init              end_init     0000
__Lfunctab               functab      0000
__LidataBANK0            idataBANK0   0000
__Linit                  init         0000
__Linittext              inittext     0000
__Lintentry              intentry     0000
__Lmaintext              maintext     0000
__Lpowerup               powerup      0000
__Lram                   ram          0000
__Lreset_vec             reset_vec    0000
__Lsfr0                  sfr0         0000
__Lsfr1                  sfr1         0000
__Lsfr2                  sfr2         0000
__Lsfr3                  sfr3         0000
__Lspace_0               (abs)        0000
__Lspace_1               (abs)        0000
__Lspace_2               (abs)        0000
__Lspace_3               (abs)        0000
__Lspace_4               (abs)        0000
__Lstack                 stack        0000
__Lstrings               strings      0000
__Ltext                  text         0000
__S0                     (abs)        0800
__S1                     (abs)        007D
__S2                     (abs)        0000
__S3                     (abs)        0000
___awdiv                 text5        0521
___awdiv@counter         cstackCOMMON 0074
___awdiv@dividend        cstackCOMMON 0072
___awdiv@divisor         cstackCOMMON 0070
___awdiv@quotient        cstackCOMMON 0076
___awdiv@sign            cstackCOMMON 0075
___awmod                 text4        04C8
___awmod@counter         cstackCOMMON 0074
___awmod@dividend        cstackCOMMON 0072
___awmod@divisor         cstackCOMMON 0070
___awmod@sign            cstackCOMMON 0075
___int_sp                stack        0000
___latbits               (abs)        0002
___sp                    stack        0000
___stackhi               (abs)        0000
___stacklo               (abs)        0000
__end_of___awdiv         text5        0588
__end_of___awmod         text4        0521
__end_of__initialization cinit        07FC
__end_of_hienThi         text3        0648
__end_of_init_cofig      text8        0472
__end_of_main            maintext     070F
__end_of_night_mode      text6        0415
__end_of_normal_mode     text2        07E2
__end_of_rain_mode       text7        04C8
__end_of_rush_hour_mode  text1        0421
__initialization         cinit        07E2
__pbssBANK0              bssBANK0     0034
__pcstackBANK0           cstackBANK0  0040
__pcstackCOMMON          cstackCOMMON 0070
__pdataBANK0             dataBANK0    0020
__pidataBANK0            idataBANK0   0434
__pmaintext              maintext     0648
__ptext1                 text1        0415
__ptext2                 text2        070F
__ptext3                 text3        0588
__ptext4                 text4        04C8
__ptext5                 text5        0521
__ptext6                 text6        040B
__ptext7                 text7        0472
__ptext8                 text8        0448
__size_of___awdiv        (abs)        0000
__size_of___awmod        (abs)        0000
__size_of_hienThi        (abs)        0000
__size_of_init_cofig     (abs)        0000
__size_of_main           (abs)        0000
__size_of_night_mode     (abs)        0000
__size_of_normal_mode    (abs)        0000
__size_of_rain_mode      (abs)        0000
__size_of_rush_hour_mode (abs)        0000
_chuc1                   bssBANK0     003A
_chuc2                   bssBANK0     0034
_donvi1                  bssBANK0     003C
_donvi2                  bssBANK0     0036
_hienThi                 text3        0588
_init_cofig              text8        0448
_macdinh                 dataBANK0    0032
_main                    maintext     0648
_night_mode              text6        040B
_night_state             dataBANK0    002E
_normal_mode             text2        070F
_normal_state            dataBANK0    0030
_num1                    bssBANK0     003E
_num2                    bssBANK0     0038
_number                  dataBANK0    0020
_rain_mode               text7        0472
_rain_stare              dataBANK0    002C
_rush_hour_mode          text1        0415
_rush_hour_state         dataBANK0    002A
btemp                    (abs)        007E
end_of_initialization    cinit        07FC
hienThi@count            cstackCOMMON 007B
init_fetch0              inittext     0421
init_ram0                inittext     0425
intlevel0                functab      0000
intlevel1                functab      0000
intlevel2                functab      0000
intlevel3                functab      0000
intlevel4                functab      0000
intlevel5                functab      0000
night_mode@value         cstackCOMMON 0078
normal_mode@temp1        cstackBANK0  0042
normal_mode@value        cstackBANK0  0040
rain_mode@i              cstackCOMMON 0074
rain_mode@i_240          cstackCOMMON 0076
rain_mode@value_ms       cstackCOMMON 0070
reset_vec                reset_vec    0000
rush_hour_mode@digit     cstackBANK0  0044
start                    init         0000
start_initialization     cinit        07E2
wtemp0                   (abs)        007E


FUNCTION INFORMATION:

 *************** function _main *****************
 Defined at:
		line 89 in file "main_traffic_light.c"
 Parameters:    Size  Location     Type
		None
 Auto vars:     Size  Location     Type
		None
 Return value:  Size  Location     Type
                  1    wreg      void 
 Registers used:
		wreg, fsr0l, fsr0h, status,2, status,0, btemp+1, pclath, cstack
 Tracked objects:
		On entry : 
		On exit  : 
		Unchanged: 
 Data sizes:     COMMON   BANK0   BANK1   BANK3   BANK2
      Params:         0       0       0       0       0
      Locals:         0       0       0       0       0
      Temps:          0       3       0       0       0
      Totals:         0       3       0       0       0
Total ram usage:        3 bytes
 Hardware stack levels required when called:    4
 This function calls:
		_init_cofig
		_night_mode
		_normal_mode
		_rain_mode
		_rush_hour_mode
 This function is called by:
		Startup code after reset
 This function uses a non-reentrant model


 *************** function _rush_hour_mode *****************
 Defined at:
		line 245 in file "main_traffic_light.c"
 Parameters:    Size  Location     Type
  digit           2    4[BANK0 ] int 
 Auto vars:     Size  Location     Type
		None
 Return value:  Size  Location     Type
                  1    wreg      void 
 Registers used:
		wreg, fsr0l, fsr0h, status,2, status,0, btemp+1, pclath, cstack
 Tracked objects:
		On entry : 
		On exit  : 
		Unchanged: 
 Data sizes:     COMMON   BANK0   BANK1   BANK3   BANK2
      Params:         0       2       0       0       0
      Locals:         0       0       0       0       0
      Temps:          0       0       0       0       0
      Totals:         0       2       0       0       0
Total ram usage:        2 bytes
 Hardware stack levels used:    1
 Hardware stack levels required when called:    3
 This function calls:
		_normal_mode
 This function is called by:
		_main
 This function uses a non-reentrant model


 *************** function _normal_mode *****************
 Defined at:
		line 198 in file "main_traffic_light.c"
 Parameters:    Size  Location     Type
  value           2    0[BANK0 ] int 
 Auto vars:     Size  Location     Type
  temp1           2    2[BANK0 ] int 
 Return value:  Size  Location     Type
                  1    wreg      void 
 Registers used:
		wreg, fsr0l, fsr0h, status,2, status,0, btemp+1, pclath, cstack
 Tracked objects:
		On entry : 
		On exit  : 
		Unchanged: 
 Data sizes:     COMMON   BANK0   BANK1   BANK3   BANK2
      Params:         0       2       0       0       0
      Locals:         0       2       0       0       0
      Temps:          0       0       0       0       0
      Totals:         0       4       0       0       0
Total ram usage:        4 bytes
 Hardware stack levels used:    1
 Hardware stack levels required when called:    2
 This function calls:
		_hienThi
 This function is called by:
		_main
		_rush_hour_mode
 This function uses a non-reentrant model


 *************** function _hienThi *****************
 Defined at:
		line 157 in file "main_traffic_light.c"
 Parameters:    Size  Location     Type
		None
 Auto vars:     Size  Location     Type
  count           2   11[COMMON] int 
 Return value:  Size  Location     Type
                  1    wreg      void 
 Registers used:
		wreg, fsr0l, fsr0h, status,2, status,0, btemp+1, pclath, cstack
 Tracked objects:
		On entry : 
		On exit  : 
		Unchanged: 
 Data sizes:     COMMON   BANK0   BANK1   BANK3   BANK2
      Params:         0       0       0       0       0
      Locals:         2       0       0       0       0
      Temps:          3       0       0       0       0
      Totals:         5       0       0       0       0
Total ram usage:        5 bytes
 Hardware stack levels used:    1
 Hardware stack levels required when called:    1
 This function calls:
		___awdiv
		___awmod
 This function is called by:
		_normal_mode
 This function uses a non-reentrant model


 *************** function ___awmod *****************
 Defined at:
		line 5 in file "C:\Program Files\Microchip\xc8\v2.20\pic\sources\c90\common\awmod.c"
 Parameters:    Size  Location     Type
  divisor         2    0[COMMON] int 
  dividend        2    2[COMMON] int 
 Auto vars:     Size  Location     Type
  sign            1    5[COMMON] unsigned char 
  counter         1    4[COMMON] unsigned char 
 Return value:  Size  Location     Type
                  2    0[COMMON] int 
 Registers used:
		wreg, status,2, status,0, btemp+1
 Tracked objects:
		On entry : 
		On exit  : 
		Unchanged: 
 Data sizes:     COMMON   BANK0   BANK1   BANK3   BANK2
      Params:         4       0       0       0       0
      Locals:         2       0       0       0       0
      Temps:          0       0       0       0       0
      Totals:         6       0       0       0       0
Total ram usage:        6 bytes
 Hardware stack levels used:    1
 This function calls:
		Nothing
 This function is called by:
		_hienThi
 This function uses a non-reentrant model


 *************** function ___awdiv *****************
 Defined at:
		line 5 in file "C:\Program Files\Microchip\xc8\v2.20\pic\sources\c90\common\awdiv.c"
 Parameters:    Size  Location     Type
  divisor         2    0[COMMON] int 
  dividend        2    2[COMMON] int 
 Auto vars:     Size  Location     Type
  quotient        2    6[COMMON] int 
  sign            1    5[COMMON] unsigned char 
  counter         1    4[COMMON] unsigned char 
 Return value:  Size  Location     Type
                  2    0[COMMON] int 
 Registers used:
		wreg, status,2, status,0, btemp+1
 Tracked objects:
		On entry : 
		On exit  : 
		Unchanged: 
 Data sizes:     COMMON   BANK0   BANK1   BANK3   BANK2
      Params:         4       0       0       0       0
      Locals:         4       0       0       0       0
      Temps:          0       0       0       0       0
      Totals:         8       0       0       0       0
Total ram usage:        8 bytes
 Hardware stack levels used:    1
 This function calls:
		Nothing
 This function is called by:
		_hienThi
 This function uses a non-reentrant model


 *************** function _night_mode *****************
 Defined at:
		line 249 in file "main_traffic_light.c"
 Parameters:    Size  Location     Type
  value           2    8[COMMON] int 
 Auto vars:     Size  Location     Type
		None
 Return value:  Size  Location     Type
                  1    wreg      void 
 Registers used:
		wreg, status,2, status,0, pclath, cstack
 Tracked objects:
		On entry : 
		On exit  : 
		Unchanged: 
 Data sizes:     COMMON   BANK0   BANK1   BANK3   BANK2
      Params:         2       0       0       0       0
      Locals:         0       0       0       0       0
      Temps:          0       0       0       0       0
      Totals:         2       0       0       0       0
Total ram usage:        2 bytes
 Hardware stack levels used:    1
 Hardware stack levels required when called:    1
 This function calls:
		_rain_mode
 This function is called by:
		_main
 This function uses a non-reentrant model


 *************** function _rain_mode *****************
 Defined at:
		line 186 in file "main_traffic_light.c"
 Parameters:    Size  Location     Type
  value_ms        2    0[COMMON] int 
 Auto vars:     Size  Location     Type
  i               2    6[COMMON] int 
  i               2    4[COMMON] int 
 Return value:  Size  Location     Type
                  1    wreg      void 
 Registers used:
		wreg, status,2
 Tracked objects:
		On entry : 
		On exit  : 
		Unchanged: 
 Data sizes:     COMMON   BANK0   BANK1   BANK3   BANK2
      Params:         2       0       0       0       0
      Locals:         4       0       0       0       0
      Temps:          2       0       0       0       0
      Totals:         8       0       0       0       0
Total ram usage:        8 bytes
 Hardware stack levels used:    1
 This function calls:
		Nothing
 This function is called by:
		_main
		_night_mode
 This function uses a non-reentrant model


 *************** function _init_cofig *****************
 Defined at:
		line 131 in file "main_traffic_light.c"
 Parameters:    Size  Location     Type
		None
 Auto vars:     Size  Location     Type
		None
 Return value:  Size  Location     Type
                  1    wreg      void 
 Registers used:
		wreg, status,2
 Tracked objects:
		On entry : 
		On exit  : 
		Unchanged: 
 Data sizes:     COMMON   BANK0   BANK1   BANK3   BANK2
      Params:         0       0       0       0       0
      Locals:         0       0       0       0       0
      Temps:          0       0       0       0       0
      Totals:         0       0       0       0       0
Total ram usage:        0 bytes
 Hardware stack levels used:    1
 This function calls:
		Nothing
 This function is called by:
		_main
 This function uses a non-reentrant model



MODULE INFORMATION

Module		Function		Class		Link	Load	Size
main_traffic_light.c
		_normal_mode   		CODE           	070F	0000	212
		_main          		CODE           	0648	0000	200
		_rush_hour_mode		CODE           	0415	0000	13
		_night_mode    		CODE           	040B	0000	11
		_rain_mode     		CODE           	0472	0000	87
		_hienThi       		CODE           	0588	0000	193
		_init_cofig    		CODE           	0448	0000	43

main_traffic_light.c estimated size: 759

C:\Program Files\Microchip\xc8\v2.20\pic\sources\c90\common\awmod.c
		___awmod       		CODE           	04C8	0000	90

C:\Program Files\Microchip\xc8\v2.20\pic\sources\c90\common\awmod.c estimated size: 90

shared
		__initialization		CODE           	07E2	0000	27

shared estimated size: 27

C:\Program Files\Microchip\xc8\v2.20\pic\sources\c90\common\awdiv.c
		___awdiv       		CODE           	0521	0000	104

C:\Program Files\Microchip\xc8\v2.20\pic\sources\c90\common\awdiv.c estimated size: 104

