C51 COMPILER V9.60.0.0   8LED                                                              05/06/2022 20:43:55 PAGE 1   


C51 COMPILER V9.60.0.0, COMPILATION OF MODULE 8LED
OBJECT MODULE PLACED IN .\Objects\8led.obj
COMPILER INVOKED BY: C:\Keil_v5\C51\BIN\C51.EXE 8led.c OPTIMIZE(8,SPEED) BROWSE DEBUG OBJECTEXTEND PRINT(.\Listings\8led
                    -.lst) TABS(2) OBJECT(.\Objects\8led.obj)

line level    source

   1          #include <REG52.H>
   2          
   3          #define Led_Single_Cathode_Mass  P0
   4          #define Led_Single_Anode_Power  P1
   5          
   6          #define Led_7Seg_Cathode_Mass P2
   7          #define Led_7Seg_Anode_Power  P3
   8          
   9          unsigned char MA7D_Anode_Power[] = {0xC0, 0xF9, 0xA4, 0xB0, 0x99, 0x92, 0x82, 0xF8, 0x80, 0x90};
  10          unsigned char MA7D_Cathode_Mass[] = {0x3F, 0x06, 0x5B, 0x4F, 0x66, 0x6D, 0x7D, 0x07, 0x7F, 0x6F};
  11          
  12          
  13          
  14          
  15          void Delay_ms(unsigned int time);
  16          void config();
  17          void blinkLedCathode();
  18          void blinkLedAnode();
  19          void displayLed_7SEG();
  20          
  21          
  22          
  23          
  24          int main()
  25          {
  26   1          config();
  27   1        
  28   1          while (1)
  29   1          {
  30   2              displayLed_7SEG();
  31   2          }
  32   1      }
  33          
  34          void Delay_ms(unsigned int time)
  35          {
  36   1          unsigned int j;
  37   1          while (time--)
  38   1          {
  39   2              for (j = 0; j < 123; j++);        
  40   2          }
  41   1      }
  42          
  43          void config()
  44          {
  45   1        //turn off all led
  46   1        Led_Single_Cathode_Mass = 0x00;
  47   1        Led_Single_Anode_Power = 0xFF;
  48   1      }
  49          
  50          void blinkLedCathode()
  51          {
  52   1        Led_Single_Cathode_Mass = 0x00;//all led turn off
  53   1        Delay_ms(1000);
  54   1        Led_Single_Cathode_Mass = 0xFF;//all led turn on
C51 COMPILER V9.60.0.0   8LED                                                              05/06/2022 20:43:55 PAGE 2   

  55   1        Delay_ms(1000); 
  56   1      }
  57          
  58          void blinkLedAnode()
  59          {
  60   1        Led_Single_Cathode_Mass = 0xFF;//all led turn off
  61   1        Delay_ms(1000);
  62   1        Led_Single_Cathode_Mass = 0x00;//turn on
  63   1        Delay_ms(1000); 
  64   1      }
  65          
  66          void displayLed_7SEG()
  67          {
  68   1        int number;
  69   1        
  70   1        for(number=0; number<10; number++)
  71   1        {
  72   2          Led_7Seg_Cathode_Mass = MA7D_Cathode_Mass[number];
  73   2          Led_7Seg_Anode_Power = MA7D_Anode_Power[number];
  74   2          Delay_ms(1000);
  75   2        }
  76   1      }
  77            
  78            
  79            
  80            
  81            
  82            
  83            
  84            
  85            
  86            
  87            
  88            
  89            


MODULE INFORMATION:   STATIC OVERLAYABLE
   CODE SIZE        =    115    ----
   CONSTANT SIZE    =   ----    ----
   XDATA SIZE       =   ----    ----
   PDATA SIZE       =   ----    ----
   DATA SIZE        =     20    ----
   IDATA SIZE       =   ----    ----
   BIT SIZE         =   ----    ----
END OF MODULE INFORMATION.


C51 COMPILATION COMPLETE.  0 WARNING(S),  0 ERROR(S)
