C51 COMPILER V9.60.0.0   LED                                                               05/06/2022 20:56:37 PAGE 1   


C51 COMPILER V9.60.0.0, COMPILATION OF MODULE LED
OBJECT MODULE PLACED IN .\Objects\led.obj
COMPILER INVOKED BY: C:\Keil_v5\C51\BIN\C51.EXE led.c OPTIMIZE(8,SPEED) BROWSE DEBUG OBJECTEXTEND PRINT(.\Listings\led.l
                    -st) TABS(2) OBJECT(.\Objects\led.obj)

line level    source

   1          #include <REG52.H>
   2          
   3          #define Led_Single_Cathode_Mass  P0
   4          #define Led_Single_Anode_Power  P1
   5          
   6          #define Led_7Seg_Cathode_Mass P2
   7          #define Led_7Seg_Anode_Power  P3
   8          
   9          unsigned char MA7D_Anode_Power[] = {0xC0, 0xF9, 0xA4, 0xB0, 0x99, 0x92, 0x82, 0xF8, 0x80, 0x90};
  10          unsigned char MA7D_Cathode_Mass[] = {0x3F, 0x06, 0x5B, 0x4F, 0x66, 0x6D, 0x7D, 0x07, 0x7F, 0x6F};
  11          
  12          
  13          void Delay_ms(unsigned int time);
  14          void config();
  15          
  16          void blinkLedCathode();
  17          void blinkLedAnode();
  18          
  19          void displayLed_7SEG();
  20          
  21          int main()
  22          {
  23   1          config();
  24   1        
  25   1          while (1)
  26   1          {
  27   2              //hien thi 0 ->9
  28   2              displayLed_7SEG();
  29   2              
  30   2              //nhap nhay 1 lan
  31   2              blinkLedCathode();
  32   2              
  33   2             //nhap nhay 1 lan
  34   2              blinkLedAnode();
  35   2            
  36   2          }
  37   1      }
  38          
  39          void Delay_ms(unsigned int time)
  40          {
  41   1          unsigned int j;
  42   1          while (time--)
  43   1          {
  44   2              for (j = 0; j < 123; j++);        
  45   2          }
  46   1      }
  47          
  48          void config()
  49          {
  50   1        //turn off all led
  51   1        Led_Single_Cathode_Mass = 0x00;
  52   1        Led_Single_Anode_Power = 0xFF;
  53   1        
  54   1        Led_7Seg_Cathode_Mass = 0x00;
C51 COMPILER V9.60.0.0   LED                                                               05/06/2022 20:56:37 PAGE 2   

  55   1        Led_7Seg_Anode_Power = 0xFF;
  56   1      }
  57          
  58          void blinkLedCathode()
  59          {
  60   1        Led_Single_Cathode_Mass = 0x00;//all led turn off
  61   1        Delay_ms(1000);
  62   1        Led_Single_Cathode_Mass = 0xFF;//all led turn on
  63   1        Delay_ms(1000); 
  64   1        
  65   1        Led_Single_Cathode_Mass = 0x00;
  66   1      }
  67          
  68          void blinkLedAnode()
  69          {
  70   1        Led_Single_Anode_Power = 0xFF;//all led turn off
  71   1        Delay_ms(1000);
  72   1        Led_Single_Anode_Power = 0x00;//turn on
  73   1        Delay_ms(1000); 
  74   1        
  75   1        Led_Single_Anode_Power = 0xFF;
  76   1      }
  77          
  78          void displayLed_7SEG()
  79          {
  80   1        int number;
  81   1        
  82   1        for(number=0; number<10; number++)
  83   1        {
  84   2          Led_7Seg_Cathode_Mass = MA7D_Cathode_Mass[number];
  85   2          Led_7Seg_Anode_Power = MA7D_Anode_Power[number];
  86   2          Delay_ms(1000);
  87   2        }
  88   1        
  89   1        Led_7Seg_Cathode_Mass = 0x00;
  90   1        Led_7Seg_Anode_Power = 0xFF;
  91   1      }
  92            
  93            
  94            
  95            
  96            
  97          
  98            


MODULE INFORMATION:   STATIC OVERLAYABLE
   CODE SIZE        =    132    ----
   CONSTANT SIZE    =   ----    ----
   XDATA SIZE       =   ----    ----
   PDATA SIZE       =   ----    ----
   DATA SIZE        =     20    ----
   IDATA SIZE       =   ----    ----
   BIT SIZE         =   ----    ----
END OF MODULE INFORMATION.


C51 COMPILATION COMPLETE.  0 WARNING(S),  0 ERROR(S)
