Microchip MPLAB XC8 Compiler V2.32

Linker command line:

-W-3 --edf=C:\Program Files\Microchip\xc8\v2.32\pic\dat\en_msgs.txt -cn \
  -h+dist/default/production\external_eeprom.X.production.sym \
  --cmf=dist/default/production\external_eeprom.X.production.cmf -z \
  -Q16F877A -oC:\Users\DATPC~1\AppData\Local\Temp\xcAsb6o.4 \
  --defsym=__MPLAB_BUILD=1 \
  -Mdist/default/production/external_eeprom.X.production.map -E1 \
  -ver=XC8 Compiler --acfsm=1493 -ASTACK=0110h-016Fh -pstack=STACK \
  -ACODE=00h-07FFhx4 -ASTRCODE=00h-01FFFh -ASTRING=00h-0FFhx32 \
  -ACONST=00h-0FFhx32 -AENTRY=00h-0FFhx32 -ACOMMON=070h-07Fh \
  -ABANK0=020h-06Fh -ABANK1=0A0h-0EFh -ABANK2=0110h-016Fh \
  -ABANK3=0190h-01EFh -ARAM=020h-06Fh,0A0h-0EFh,0110h-016Fh,0190h-01EFh \
  -AABS1=020h-07Fh,0A0h-0EFh,0110h-016Fh,0190h-01EFh -ASFR0=00h-01Fh \
  -ASFR1=080h-09Fh -ASFR2=0100h-010Fh -ASFR3=0180h-018Fh \
  -ACONFIG=02007h-02007h -DCONFIG=2 -AIDLOC=02000h-02003h -DIDLOC=2 \
  -AEEDATA=00h-0FFh/02100h -peeprom_data=EEDATA -DEEDATA=2 -DCODE=2 \
  -DSTRCODE=2 -DSTRING=2 -DCONST=2 -DENTRY=2 \
  -preset_vec=00h,intentry,init,end_init -ppowerup=CODE -pcinit=CODE \
  -pfunctab=ENTRY -k C:\Users\DATPC~1\AppData\Local\Temp\xcAsb6o.o \
  dist/default/production\external_eeprom.X.production.o 

Object code version is 3.11

Machine type is 16F877A



                Name                               Link     Load   Length Selector   Space Scale
C:\Users\DATPC~1\AppData\Local\Temp\xcAsb6o.o
                end_init                              0        0        3        0       0
                config                             2007     2007        1        0       4
dist/default/production\external_eeprom.X.production.o
                cinit                               7DE      7DE       22      FBC       0
                config                             2007     2007        1        0       4
                text14                              741      741       9D      E82       0
                text13                              5DB      5DB       25      BB6       0
                text12                              638      638       39      C70       0
                text11                              571      571        A      AE2       0
                text10                              587      587        D      B0E       0
                text9                               57B      57B        C      AF6       0
                text8                               5A9      5A9       17      B52       0
                text7                               556      556        9      AAC       0
                text6                               55F      55F        9      ABE       0
                text5                               568      568        9      AD0       0
                text4                               594      594       15      B28       0
                text3                               671      671       42      CE2       0
                text2                               600      600       38      C00       0
                text1                               6B3      6B3       8E      D66       0
                maintext                            5C0      5C0       1B      B80       0
                cstackBANK0                          20       20        B       20       1
                cstackCOMMON                         70       70        E       70       1
                dataBANK0                            2B       2B        5       20       1
                idataBANK0                          551      551        5      AA2       0

TOTAL           Name                               Link     Load   Length     Space
        CLASS   STACK          

        CLASS   CODE           
                end_init                              0        0        3         0
                cinit                               7DE      7DE       22         0
                text14                              741      741       9D         0
                text13                              5DB      5DB       25         0
                text12                              638      638       39         0
                text11                              571      571        A         0
                text10                              587      587        D         0
                text9                               57B      57B        C         0
                text8                               5A9      5A9       17         0
                text7                               556      556        9         0
                text6                               55F      55F        9         0
                text5                               568      568        9         0
                text4                               594      594       15         0
                text3                               671      671       42         0
                text2                               600      600       38         0
                text1                               6B3      6B3       8E         0
                maintext                            5C0      5C0       1B         0
                idataBANK0                          551      551        5         0

        CLASS   STRCODE        

        CLASS   STRING         

        CLASS   CONST          

        CLASS   ENTRY          

        CLASS   COMMON         
                cstackCOMMON                         70       70        E         1

        CLASS   BANK0          
                cstackBANK0                          20       20        B         1
                dataBANK0                            2B       2B        5         1

        CLASS   BANK1          

        CLASS   BANK2          

        CLASS   BANK3          

        CLASS   RAM            

        CLASS   ABS1           
                abs_s1                               7E       7E        2         1

        CLASS   SFR0           

        CLASS   SFR1           

        CLASS   SFR2           

        CLASS   SFR3           

        CLASS   CONFIG         
                config                             2007     2007        1         4

        CLASS   IDLOC          

        CLASS   EEDATA         



SEGMENTS        Name                           Load    Length   Top    Selector   Space  Class     Delta

                reset_vec                      000000  000003  000003         0       0  CODE        2
                cstackBANK0                    000020  000010  000030        20       1  BANK0       1
                cstackCOMMON                   000070  00000E  00007E        70       1  COMMON      1
                idataBANK0                     000551  000005  000556       AA2       0  CODE        2
                text7                          000556  000009  00055F       AAC       0  CODE        2
                text6                          00055F  000009  000568       ABE       0  CODE        2
                text5                          000568  000009  000571       AD0       0  CODE        2
                text11                         000571  00000A  00057B       AE2       0  CODE        2
                text9                          00057B  00000C  000587       AF6       0  CODE        2
                text10                         000587  00000D  000594       B0E       0  CODE        2
                text4                          000594  000015  0005A9       B28       0  CODE        2
                text8                          0005A9  000017  0005C0       B52       0  CODE        2
                maintext                       0005C0  00001B  0005DB       B80       0  CODE        2
                text13                         0005DB  000025  000600       BB6       0  CODE        2
                text2                          000600  000038  000638       C00       0  CODE        2
                text12                         000638  000039  000671       C70       0  CODE        2
                text3                          000671  000042  0006B3       CE2       0  CODE        2
                text1                          0006B3  00008E  000741       D66       0  CODE        2
                text14                         000741  00009D  0007DE       E82       0  CODE        2
                cinit                          0007DE  000022  000800       FBC       0  CODE        2


UNUSED ADDRESS RANGES

        Name                Unused          Largest block    Delta
        BANK0            0030-006F             40           1
        BANK1            00A0-00EF             50           1
        BANK2            0110-016F             60           1
        BANK3            0190-01EF             60           1
        CODE             0003-0550            54E           2
                         0800-1FFF            800
        CONST            0003-0550            100           2
                         0800-1FFF            100
        EEDATA           2100-21FF            100           2
        ENTRY            0003-0550            100           2
                         0800-1FFF            100
        IDLOC            2000-2003              4           2
        RAM              0030-006F             40           1
                         00A0-00EF             50
                         0110-016F             60
                         0190-01EF             60
        SFR0             0000-001F             20           1
        SFR1             0080-009F             20           1
        SFR2             0100-010F             10           1
        SFR3             0180-018F             10           1
        STACK            0110-016F             60           1
        STRCODE          0003-0550            54E           2
                         0800-1FFF           1800
        STRING           0003-0550            100           2
                         0800-1FFF            100

                                  Symbol Table

?___aldiv                          cstackCOMMON 0076
?___wmul                           cstackCOMMON 0070
EEPROM_Init@I2C_BaudRate           cstackBANK0  002A
EEPROM_Read@Data                   cstackCOMMON 0073
EEPROM_Read@add                    cstackCOMMON 0072
EEPROM_Write@add                   cstackCOMMON 0074
EEPROM_Write@data                  cstackCOMMON 0071
I2C_Master_Init@I2C_BaudRate       cstackBANK0  0029
I2C_Master_Write@data              cstackCOMMON 0070
_ACKDT                             (abs)        048D
_ACKEN                             (abs)        048C
_ACKSTAT                           (abs)        048E
_ADCON1                            (abs)        009F
_CMCON                             (abs)        009C
_EEPROM_Init                       text11       0571
_EEPROM_Read                       text3        0671
_EEPROM_Write                      text2        0600
_I2C_Master_Init                   text12       0638
_I2C_Master_NACK                   text9        057B
_I2C_Master_Read                   text8        05A9
_I2C_Master_RepeatedStart          text7        0556
_I2C_Master_Start                  text6        055F
_I2C_Master_Stop                   text5        0568
_I2C_Master_Wait                   text10       0587
_I2C_Master_Write                  text4        0594
_PEN                               (abs)        048A
_PORTB                             (abs)        0006
_RCEN                              (abs)        048B
_RSEN                              (abs)        0489
_SEN                               (abs)        0488
_SSPADD                            (abs)        0093
_SSPBUF                            (abs)        0013
_SSPCON                            (abs)        0014
_SSPCON2                           (abs)        0091
_SSPIF                             (abs)        0063
_SSPSTAT                           (abs)        0094
_TRISB                             (abs)        0086
_TRISC3                            (abs)        043B
_TRISC4                            (abs)        043C
__Habs1                            abs1         0000
__Hbank0                           bank0        0000
__Hbank1                           bank1        0000
__Hbank2                           bank2        0000
__Hbank3                           bank3        0000
__Hcinit                           cinit        0800
__Hclrtext                         clrtext      0000
__Hcode                            code         0000
__Hcommon                          common       0000
__Hconfig                          config       2008
__HcstackBANK0                     cstackBANK0  0000
__HcstackCOMMON                    cstackCOMMON 0000
__HdataBANK0                       dataBANK0    0000
__Heeprom_data                     eeprom_data  0000
__Hend_init                        end_init     0003
__Hfunctab                         functab      0000
__HidataBANK0                      idataBANK0   0000
__Hinit                            init         0000
__Hintentry                        intentry     0000
__Hmaintext                        maintext     0000
__Hpowerup                         powerup      0000
__Hram                             ram          0000
__Hreset_vec                       reset_vec    0000
__Hsfr0                            sfr0         0000
__Hsfr1                            sfr1         0000
__Hsfr2                            sfr2         0000
__Hsfr3                            sfr3         0000
__Hspace_0                         (abs)        0800
__Hspace_1                         (abs)        007E
__Hspace_2                         (abs)        0000
__Hspace_3                         (abs)        0000
__Hspace_4                         (abs)        400F
__Hstack                           stack        0000
__Hstrings                         strings      0000
__Htext                            text         0000
__Labs1                            abs1         0000
__Lbank0                           bank0        0000
__Lbank1                           bank1        0000
__Lbank2                           bank2        0000
__Lbank3                           bank3        0000
__Lcinit                           cinit        07DE
__Lclrtext                         clrtext      0000
__Lcode                            code         0000
__Lcommon                          common       0000
__Lconfig                          config       0000
__LcstackBANK0                     cstackBANK0  0000
__LcstackCOMMON                    cstackCOMMON 0000
__LdataBANK0                       dataBANK0    0000
__Leeprom_data                     eeprom_data  0000
__Lend_init                        end_init     0000
__Lfunctab                         functab      0000
__LidataBANK0                      idataBANK0   0000
__Linit                            init         0000
__Lintentry                        intentry     0000
__Lmaintext                        maintext     0000
__Lpowerup                         powerup      0000
__Lram                             ram          0000
__Lreset_vec                       reset_vec    0000
__Lsfr0                            sfr0         0000
__Lsfr1                            sfr1         0000
__Lsfr2                            sfr2         0000
__Lsfr3                            sfr3         0000
__Lspace_0                         (abs)        0000
__Lspace_1                         (abs)        0000
__Lspace_2                         (abs)        0000
__Lspace_3                         (abs)        0000
__Lspace_4                         (abs)        0000
__Lstack                           stack        0000
__Lstrings                         strings      0000
__Ltext                            text         0000
__S0                               (abs)        0800
__S1                               (abs)        007E
__S2                               (abs)        0000
__S3                               (abs)        0000
___aldiv                           text14       0741
___aldiv@counter                   cstackBANK0  0021
___aldiv@dividend                  cstackCOMMON 007A
___aldiv@divisor                   cstackCOMMON 0076
___aldiv@quotient                  cstackBANK0  0023
___aldiv@sign                      cstackBANK0  0022
___int_sp                          stack        0000
___latbits                         (abs)        0002
___sp                              stack        0000
___stackhi                         (abs)        0000
___stacklo                         (abs)        0000
___wmul                            text13       05DB
___wmul@multiplicand               cstackCOMMON 0072
___wmul@multiplier                 cstackCOMMON 0070
___wmul@product                    cstackCOMMON 0074
__end_of_EEPROM_Init               text11       057B
__end_of_EEPROM_Read               text3        06B3
__end_of_EEPROM_Write              text2        0638
__end_of_I2C_Master_Init           text12       0671
__end_of_I2C_Master_NACK           text9        0587
__end_of_I2C_Master_Read           text8        05C0
__end_of_I2C_Master_RepeatedStart  text7        055F
__end_of_I2C_Master_Start          text6        0568
__end_of_I2C_Master_Stop           text5        0571
__end_of_I2C_Master_Wait           text10       0594
__end_of_I2C_Master_Write          text4        05A9
__end_of___aldiv                   text14       07DE
__end_of___wmul                    text13       0600
__end_of__initialization           cinit        07FC
__end_of_main                      maintext     05DB
__end_of_write_byte_style_2        text1        0741
__initialization                   cinit        07DE
__pcstackBANK0                     cstackBANK0  0020
__pcstackCOMMON                    cstackCOMMON 0070
__pdataBANK0                       dataBANK0    002B
__pidataBANK0                      idataBANK0   0551
__pmaintext                        maintext     05C0
__ptext1                           text1        06B3
__ptext10                          text10       0587
__ptext11                          text11       0571
__ptext12                          text12       0638
__ptext13                          text13       05DB
__ptext14                          text14       0741
__ptext2                           text2        0600
__ptext3                           text3        0671
__ptext4                           text4        0594
__ptext5                           text5        0568
__ptext6                           text6        055F
__ptext7                           text7        0556
__ptext8                           text8        05A9
__ptext9                           text9        057B
__size_of_EEPROM_Init              (abs)        0000
__size_of_EEPROM_Read              (abs)        0000
__size_of_EEPROM_Write             (abs)        0000
__size_of_I2C_Master_Init          (abs)        0000
__size_of_I2C_Master_NACK          (abs)        0000
__size_of_I2C_Master_Read          (abs)        0000
__size_of_I2C_Master_RepeatedStart (abs)        0000
__size_of_I2C_Master_Start         (abs)        0000
__size_of_I2C_Master_Stop          (abs)        0000
__size_of_I2C_Master_Wait          (abs)        0000
__size_of_I2C_Master_Write         (abs)        0000
__size_of___aldiv                  (abs)        0000
__size_of___wmul                   (abs)        0000
__size_of_main                     (abs)        0000
__size_of_write_byte_style_2       (abs)        0000
_main                              maintext     05C0
_write_byte_style_2                text1        06B3
btemp                              (abs)        007E
end_of_initialization              cinit        07FC
intlevel0                          functab      0000
intlevel1                          functab      0000
intlevel2                          functab      0000
intlevel3                          functab      0000
intlevel4                          functab      0000
intlevel5                          functab      0000
reset_vec                          reset_vec    0000
start                              init         0000
start_initialization               cinit        07DE
write_byte_style_2@Address         cstackCOMMON 0079
write_byte_style_2@Data            cstackCOMMON 0078
write_page@F888                    dataBANK0    002B
wtemp0                             (abs)        007E


MODULE INFORMATION

Module		Function		Class		Link	Load	Size
i2c.c
		_I2C_Master_NACK		CODE           	057B	0000	12
		_I2C_Master_Read		CODE           	05A9	0000	23
		_I2C_Master_Wait		CODE           	0587	0000	13
		_I2C_Master_Init		CODE           	0638	0000	57
		_I2C_Master_Stop		CODE           	0568	0000	9
		_I2C_Master_RepeatedStart		CODE           	0556	0000	9
		_I2C_Master_Write		CODE           	0594	0000	21
		_I2C_Master_Start		CODE           	055F	0000	9

i2c.c estimated size: 153

main_external_eeprom.c
		_main          		CODE           	05C0	0000	27
		_write_byte_style_2		CODE           	06B3	0000	142

main_external_eeprom.c estimated size: 169

external_eeprom.c
		_EEPROM_Read   		CODE           	0671	0000	66
		_EEPROM_Init   		CODE           	0571	0000	10
		_EEPROM_Write  		CODE           	0600	0000	56

external_eeprom.c estimated size: 132

shared
		__initialization		CODE           	07DE	0000	30

shared estimated size: 30

C:\Program Files\Microchip\xc8\v2.32\pic\sources\c90\common\Umul16.c
		___wmul        		CODE           	05DB	0000	37

C:\Program Files\Microchip\xc8\v2.32\pic\sources\c90\common\Umul16.c estimated size: 37

C:\Program Files\Microchip\xc8\v2.32\pic\sources\c90\common\aldiv.c
		___aldiv       		CODE           	0741	0000	157

C:\Program Files\Microchip\xc8\v2.32\pic\sources\c90\common\aldiv.c estimated size: 157

